08-30 15:21:21.846 31772 31783 I HiView  : Begin report 953210005
08-30 15:21:21.846 31772 31783 I HiEvent : Flatten done: 953210005
08-30 15:21:21.846 31772 31783 I EvsccService: [ClientCommunication::GetCameraService:74]CamerasRecover GetCameraService start
08-30 15:21:21.847 31772 31783 I EvsccService: [ClientCommunication::GetCameraService:94]CamerasRecover GetCameraService success
08-30 15:21:21.848 31772 31783 I EvsccService: [PhysicCamera::GetCameraList:273]GetCameraList in.
08-30 15:21:21.848 31772 31783 I EvsccService: [PhysicCamera::GetCameraList:287]GetCameraList out.
08-30 15:21:21.848 31772 31783 E EvsccService: [EvsCameraRecover::GetEvsCamerId:105]CamerasRecover GetEvsCamerId error
08-30 15:21:21.848 31772 31783 I EvsccService: [EvsCameraRecover::Init:157]CamerasRecover Init success
08-30 15:21:21.848 31772 31783 I EvsccService: [EVS_CC::InitCameraRevocer:53]CamerasRecover init success.
08-30 15:21:21.848 31772 31783 I EvsccService: [BinderManager::Init:104]start.
08-30 15:21:21.848 31772 31783 I EvsccService: [ICameraStream::ICameraStream:27]start construct ICameraStream
08-30 15:21:21.848 31772 31783 I EvsccService: [BinderManager::GetCameraInstance:286]the test info state:0
08-30 15:21:21.849 31772 31794 I EvsccService: [EvsCameraRecover::IsRecoverCamera:226]=== CamerasRecover IsRecoverCamera waiting begin ===
08-30 15:21:21.849 31772 31783 I EvsccService: [Enumerator::init:20]init
08-30 15:21:21.849 31772 31795 I EvsccService: [EvsCameraRecover::RecoverCamera:265]=== CamerasRecover RecoverCamera waiting start ===
08-30 15:21:21.849   531   531 I hwservicemanager: getTransport: Cannot find entry android.hardware.automotive.evs@1.0::IEvsEnumerator/EvsEnumeratorHw in either framework or device manifest.
08-30 15:21:21.849 31772 31783 E EvsccService: [Enumerator::init:28]Get EvsEnumeratorHw service failed!
08-30 15:21:21.899  1845  1897 I DeviceIdleController: Setting activity manager temp whitelist to []
08-30 15:21:21.902  1845  1897 I DeviceIdleController: Setting wakelock temp whitelist to []
08-30 15:21:21.902  1845  1897 I ActivityManager_broadcast: sendBroadcast,caller:ProcessRecord{57f1dbf 0:system/1000},act:android.os.action.POWER_SAVE_TEMP_WHITELIST_CHANGED,rep:false,ord:false,cmp:false,mftNum:0,rgtNum:1
08-30 15:21:21.987  1845  1888 I EventHub: This is ivi, not need to check touch device!
08-30 15:21:21.987  1845  1888 I EventHub: EventHub monitor: no key events in the past 3012s, 
08-30 15:21:21.983    54    54 W migration/7: type=1400 audit(0.0:13126): avc: granted { setsched } for pid=54 scontext=u:r:kernel:s0 tcontext=u:r:kernel:s0 tclass=process
08-30 15:21:22.035  1505  1547 E libprocessgroup: set_timerslack_ns write failed: Permission denied
08-30 15:21:22.027  1505  1505 W iaware  : type=1400 audit(0.0:13127): avc: denied { write } for pid=1505 name="timerslack_ns" dev="proc" ino=1157901 scontext=u:r:hwpged:s0 tcontext=u:r:su:s0 tclass=file permissive=0
08-30 15:21:22.037  1449  1449 E selinux_dmd: avc: denied { write } for dsm=hisi_Q pid=1505 comm="iaware" name="timerslack_ns" dev="proc" ino=1157901 scontext=u:r:hwpged:s0 tcontext=u:r:su:s0 tclass=file permissive=0 CMD=/system/bin/hwpged
08-30 15:21:22.037  1505  1547 E libprocessgroup: set_timerslack_ns write failed: Permission denied
08-30 15:21:22.037 31798 31798 I MediaCodec: CreateByType type: video/avc isLowWidth: 0 isQcom: 0
08-30 15:21:22.031  1505  1505 W iaware  : type=1400 audit(0.0:13128): avc: denied { write } for pid=1505 name="timerslack_ns" dev="proc" ino=1158939 scontext=u:r:hwpged:s0 tcontext=u:r:su:s0 tclass=file permissive=0
08-30 15:21:22.037 31798 31798 I MediaCodecList: MediaCodecList::findMatchingCodecs start
08-30 15:21:22.037 31798 31798 W HwExtendedCodec: The mime is not in hisi extended mime.
08-30 15:21:22.038  1487 18646 I MediaCodecList: Time check for MediaCodecList_getLocalInstance stuck issue /system/bin/mediaserver
08-30 15:21:22.038 31798 31798 I MediaCodecInfo: MediaCodecInfo FromParcel numAliases = 0
08-30 15:21:22.038 31798 31798 I MediaCodecInfo: MediaCodecInfo FromParcel size = 1
08-30 15:21:22.038 31798 31798 I MediaCodecInfo: MediaCodecInfo FromParcel end
08-30 15:21:22.039 31798 31798 I MediaCodecInfo: MediaCodecInfo FromParcel numAliases = 1
08-30 15:21:22.039 31798 31798 I MediaCodecInfo: MediaCodecInfo FromParcel size = 1
08-30 15:21:22.039 31798 31798 I MediaCodecInfo: MediaCodecInfo FromParcel end
08-30 15:21:22.039 31798 31798 I MediaCodecInfo: MediaCodecInfo FromParcel numAliases = 0
08-30 15:21:22.039 31798 31798 I MediaCodecInfo: MediaCodecInfo FromParcel size = 1
08-30 15:21:22.039 31798 31798 I MediaCodecInfo: MediaCodecInfo FromParcel end
08-30 15:21:22.039 31798 31798 I MediaCodecList: MediaCodecList findMatchingCodecs  for loop end
08-30 15:21:22.039 31798 31798 I MediaCodec: MediaCodec init pid:31798
08-30 15:21:22.040 31798 31798 I MediaCodecInfo: MediaCodecInfo FromParcel numAliases = 0
08-30 15:21:22.040 31798 31798 I MediaCodecInfo: MediaCodecInfo FromParcel size = 1
08-30 15:21:22.040 31798 31798 I MediaCodecInfo: MediaCodecInfo FromParcel end
08-30 15:21:22.042 31798 31807 I OMXClient: IOmx service obtained
08-30 15:21:22.043  1502 17273 I OMXMaster: makeComponentInstance(OMX.hisi.video.encoder.avc) in android.hardwar process
08-30 15:21:22.043  1502 17273 I ComponentCore: VIDEO:[OMX_GetHandle]:[110] name OMX.hisi.video.encoder.avc
08-30 15:21:22.043  1502 17273 I ComponentInf: VIDEO:[ComponentInit]:[149] component name:OMX.hisi.video.encoder.avc
08-30 15:21:22.044  1449  1449 E selinux_dmd: avc: denied { write } for dsm=hisi_Q pid=1505 comm="iaware" name="timerslack_ns" dev="proc" ino=1158939 scontext=u:r:hwpged:s0 tcontext=u:r:su:s0 tclass=file permissive=0 CMD=/system/bin/hwpged
08-30 15:21:22.044  1505  1547 E libprocessgroup: set_timerslack_ns write failed: Permission denied
08-30 15:21:22.039  1505  1505 W iaware  : type=1400 audit(0.0:13129): avc: denied { write } for pid=1505 name="timerslack_ns" dev="proc" ino=1149773 scontext=u:r:hwpged:s0 tcontext=u:r:su:s0 tclass=file permissive=0
08-30 15:21:22.045  1449  1449 E selinux_dmd: avc: denied { write } for dsm=hisi_Q pid=1505 comm="iaware" name="timerslack_ns" dev="proc" ino=1149773 scontext=u:r:hwpged:s0 tcontext=u:r:su:s0 tclass=file permissive=0 CMD=/system/bin/hwpged
08-30 15:21:22.047  1502 17273 I RecordEvent: VIDEO:[CreateRecordEvent]:[132] CreateRecordEvent success
08-30 15:21:22.047  1502 17273 I OMXComponentEncoder: VIDEO:[Init]:[134] all encode module create success
08-30 15:21:22.047 31798 31807 I ACodec  : In onAllocateComponent create compenent, codec name: OMX.hisi.video.encoder.avc
08-30 15:21:22.050  1502 31809 E ParamConvertor: VIDEO:[SetEnableNativeBuffers]:[994] vendor/hisi/ap/hardware/vcodec/omx/venc/src/ParamConvertor.cpp:994 check(param->nPortIndex != OMX_DirOutput) error
08-30 15:21:22.050  1502  1727 E OMXNodeInstance: setParameter(0xf34299a0:hisi.encoder.avc, OMX.google.android.index.enableAndroidNativeBuffers(0x7f000002): Input:0 en=0) ERROR: BadPortIndex(0x8000101b)
08-30 15:21:22.050  1502 31809 E ParamConvertor: VIDEO:[SetAllocateNativeHandle]:[1047] vendor/hisi/ap/hardware/vcodec/omx/venc/src/ParamConvertor.cpp:1047 check(param->nPortIndex != OMX_DirOutput) error
08-30 15:21:22.050  1502  1727 E OMXNodeInstance: setParameter(0xf34299a0:hisi.encoder.avc, OMX.google.android.index.allocateNativeHandle(0x7f000008): Input:0 en=0) ERROR: BadPortIndex(0x8000101b)
08-30 15:21:22.050   531   531 I hwservicemanager: getTransport: Cannot find entry android.hardware.automotive.evs@1.0::IEvsEnumerator/EvsEnumeratorHw in either framework or device manifest.
08-30 15:21:22.050  1502 31809 I ParamConvertor: VIDEO:[GetExtensionIndex]:[946] omx extension [OMX.google.android.index.storeANWBufferInMetadata] is not support
08-30 15:21:22.051  1502 31809 I ParamConvertor: VIDEO:[SetMetaDataInBuffer]:[1038] portIndex=0, storeMetadataBuf=0
08-30 15:21:22.051 31772 31783 E EvsccService: [Enumerator::init:28]Get EvsEnumeratorHw service failed!
08-30 15:21:22.051  1502 31809 I ParamConvertor: VIDEO:[SetEnableNativeBuffers]:[998] set_parameter: OMX_GoogleIndexEnableAndroidNativeBuffers-> nPortIndex (1),enable(0)
08-30 15:21:22.051  1502 31809 E ParamConvertor: VIDEO:[SetAllocateNativeHandle]:[1048] vendor/hisi/ap/hardware/vcodec/omx/venc/src/ParamConvertor.cpp:1048 check(!param->bEnable) error
08-30 15:21:22.051  1502  1727 E OMXNodeInstance: setParameter(0xf34299a0:hisi.encoder.avc, OMX.google.android.index.allocateNativeHandle(0x7f000008): Output:1 en=0) ERROR: UnsupportedSetting(0x80001019)
08-30 15:21:22.051  1502 31809 I ParamConvertor: VIDEO:[GetExtensionIndex]:[946] omx extension [OMX.google.android.index.storeANWBufferInMetadata] is not support
08-30 15:21:22.051  1502 31809 I ParamConvertor: VIDEO:[SetMetaDataInBuffer]:[1038] portIndex=1, storeMetadataBuf=0
08-30 15:21:22.052  1502 31809 I ParamConvertor: VIDEO:[GetExtensionIndex]:[946] omx extension [OMX.google.android.index.storeANWBufferInMetadata] is not support
08-30 15:21:22.052  1502 31809 I ParamConvertor: VIDEO:[GetExtensionIndex]:[946] omx extension [OMX.google.android.index.prepareForAdaptivePlayback] is not support
08-30 15:21:22.053  1502 31809 I ParamConvertor: VIDEO:[GetExtensionIndex]:[946] omx extension [OMX.google.android.index.configureVideoTunnelMode] is not support
08-30 15:21:22.053  1502 31809 I ParamConvertor: VIDEO:[GetExtensionIndex]:[946] omx extension [OMX.google.android.index.useAndroidNativeBuffer] is not support
08-30 15:21:22.053  1502 31809 I ParamConvertor: VIDEO:[GetExtensionIndex]:[946] omx extension [OMX.google.android.index.getAndroidNativeBufferUsage] is not support
08-30 15:21:22.054  1502 31809 I ParamConvertor: VIDEO:[SetSceneMode]:[986] scene mode [/data/local/tmp/screenrecord] is not support
08-30 15:21:22.055 31798 31807 W OMXUtils: do not know color format 0x7f000789 = 2130708361
08-30 15:21:22.056  1502 31809 I ParamConvertor: VIDEO:[SetPortDefinition]:[1312] port = 0, nBufferCountActual = 4
08-30 15:21:22.056  1502 31809 I ParamConvertor: VIDEO:[SetPortDefinition]:[1315] nFrameWidth = 1920,nFrameHeight = 1080,nStride = 1920
08-30 15:21:22.057  1502 31809 I ParamConvertor: VIDEO:[SetPortDefinition]:[1312] port = 1, nBufferCountActual = 5
08-30 15:21:22.060 31798 31807 I ACodec  : setupAVCEncoderParameters with [profile: Baseline] [level: Level3]
08-30 15:21:22.060  1502 31809 I ParamConvertor: VIDEO:[GetBitRate]:[1421] nTargetBitrate(20000000)
08-30 15:21:22.060  1502 31809 I ParamConvertor: VIDEO:[SetBitRate]:[1485] eControlRate = 1, nTargetBitrate =20000000
08-30 15:21:22.061  1502 31809 I ParamConvertor: VIDEO:[SetColorAspects]:[1100] mRange:0, mPrimaries:0, mTransfer:0, mMatrixCoeffs:0
08-30 15:21:22.061  1502 31809 I ParamConvertor: VIDEO:[SetColorAspects]:[1112] mRange:0, mPrimaries:0, mTransfer:0, mMatrixCoeffs:0
08-30 15:21:22.061  1502 31809 I ParamConvertor: VIDEO:[GetColorAspects]:[1128] mRange:0, mPrimaries:0, mTransfer:0, mMatrixCoeffs:0
08-30 15:21:22.061 31798 31807 I ACodec  : [OMX.hisi.video.encoder.avc] got color aspects (R:0(Unspecified), P:0(Unspecified), M:0(Unspecified), T:0(Unspecified)) err=0(NO_ERROR)
08-30 15:21:22.061  1502 31809 I ParamConvertor: VIDEO:[GetExtensionIndex]:[946] omx extension [OMX.google.android.index.describeHDRStaticInfo] is not support
08-30 15:21:22.062 31798 31807 I ACodec  : [OMX.hisi.video.encoder.avc] cannot encode HDR static metadata. Ignoring.
08-30 15:21:22.062 31798 31807 I ACodec  : setupVideoEncoder succeeded
08-30 15:21:22.062 31798 31807 W OMXUtils: do not know color format 0x7f000789 = 2130708361
08-30 15:21:22.063  1502 31809 I ParamConvertor: VIDEO:[GetColorAspects]:[1128] mRange:0, mPrimaries:0, mTransfer:0, mMatrixCoeffs:0
08-30 15:21:22.063 31798 31807 I ACodec  : [OMX.hisi.video.encoder.avc] got color aspects (R:0(Unspecified), P:0(Unspecified), M:0(Unspecified), T:0(Unspecified)) err=0(NO_ERROR)
08-30 15:21:22.063  1502 31809 I ParamConvertor: VIDEO:[GetParam]:[627] index(1870659589) unsupported
08-30 15:21:22.063  1502  1727 E OMXNodeInstance: getConfig(0xf34299a0:hisi.encoder.avc, ConfigLatency(0x6f800005)) ERROR: UnsupportedIndex(0x8000101a)
08-30 15:21:22.064  1502 31809 I ParamConvertor: VIDEO:[GetParam]:[627] index(1868562442) unsupported
08-30 15:21:22.064  1502  1727 E OMXNodeInstance: getConfig(0xf34299a0:hisi.encoder.avc, ConfigAndroidIntraRefresh(0x6f60000a)) ERROR: UnsupportedIndex(0x8000101a)
08-30 15:21:22.064  1502 31809 I ParamConvertor: VIDEO:[GetParam]:[627] index(100663302) unsupported
08-30 15:21:22.064  1502  1727 E OMXNodeInstance: getParameter(0xf34299a0:hisi.encoder.avc, ParamVideoIntraRefresh(0x6000006)) ERROR: UnsupportedIndex(0x8000101a)
08-30 15:21:22.059  1502  1502 W HwBinder:1502_1: type=1400 audit(0.0:13130): avc: denied { read } for pid=1502 name="u:object_r:default_prop:s0" dev="tmpfs" ino=13740 scontext=u:r:mediacodec:s0 tcontext=u:object_r:default_prop:s0 tclass=file permissive=0
08-30 15:21:22.067  1502  1727 E libc    : Access denied finding property "BufferQueue.debuglog"
08-30 15:21:22.068  1449  1449 E selinux_dmd: avc: denied { read } for dsm=hisi_Q pid=1502 comm="HwBinder:1502_1" name="u:object_r:default_prop:s0" dev="tmpfs" ino=13740 scontext=u:r:mediacodec:s0 tcontext=u:object_r:default_prop:s0 tclass=file permissive=0 CMD=media.codec
08-30 15:21:22.068  1502 31809 I ParamConvertor: VIDEO:[SetColorAspects]:[1100] mRange:2, mPrimaries:1, mTransfer:3, mMatrixCoeffs:1
08-30 15:21:22.068  1502 31809 I ParamConvertor: VIDEO:[SetColorAspects]:[1112] mRange:2, mPrimaries:1, mTransfer:3, mMatrixCoeffs:1
08-30 15:21:22.069  1502 31809 I ParamConvertor: VIDEO:[GetColorAspects]:[1128] mRange:2, mPrimaries:1, mTransfer:3, mMatrixCoeffs:1
08-30 15:21:22.069 31798 31807 I ACodec  : [OMX.hisi.video.encoder.avc] got color aspects (R:2(Limited), P:1(BT709_5), M:1(BT709_5), T:3(SMPTE170M)) err=0(NO_ERROR)
08-30 15:21:22.069  1502 31809 I ParamConvertor: VIDEO:[GetColorAspects]:[1128] mRange:2, mPrimaries:1, mTransfer:3, mMatrixCoeffs:1
08-30 15:21:22.069 31798 31807 I ACodec  : [OMX.hisi.video.encoder.avc] got color aspects (R:2(Limited), P:1(BT709_5), M:1(BT709_5), T:3(SMPTE170M)) err=0(NO_ERROR)
08-30 15:21:22.069 31798 31807 I ACodec  : [OMX.hisi.video.encoder.avc] using color aspects (R:2(Limited), P:1(BT709_5), M:1(BT709_5), T:3(SMPTE170M)) and dataspace 0x104
08-30 15:21:22.069  1502 31809 I ParamConvertor: VIDEO:[GetColorAspects]:[1128] mRange:2, mPrimaries:1, mTransfer:3, mMatrixCoeffs:1
08-30 15:21:22.069 31798 31807 I ACodec  : [OMX.hisi.video.encoder.avc] got color aspects (R:2(Limited), P:1(BT709_5), M:1(BT709_5), T:3(SMPTE170M)) err=0(NO_ERROR)
08-30 15:21:22.070  1502 31809 I ParamConvertor: VIDEO:[GetExtensionIndex]:[946] omx extension [OMX.google.android.index.storeANWBufferInMetadata] is not support
08-30 15:21:22.070  1502 31809 I ParamConvertor: VIDEO:[SetMetaDataInBuffer]:[1038] portIndex=0, storeMetadataBuf=1
08-30 15:21:22.070  1502 31809 I ParamConvertor: VIDEO:[GetParam]:[627] index(1870659588) unsupported
08-30 15:21:22.070  1502  1727 E OMXNodeInstance: getParameter(0xf34299a0:hisi.encoder.avc, ParamConsumerUsageBits(0x6f800004)) ERROR: UnsupportedIndex(0x8000101a)
08-30 15:21:22.070  1502 31809 I ParamConvertor: VIDEO:[GetParam]:[627] index(1870659588) unsupported
08-30 15:21:22.070  1502  1727 E OMXNodeInstance: getParameter(0xf34299a0:hisi.encoder.avc, ParamConsumerUsageBits(0x6f800004)) ERROR: UnsupportedIndex(0x8000101a)
08-30 15:21:22.071 31798 31798 I MediaCodec: MediaCodec start pid:31798
08-30 15:21:22.071 31798 31807 I ACodec  : onStart
08-30 15:21:22.071  1502  1727 I OMXComponentEncoder: VIDEO:[SendCommand]:[389] SendCommand, cmd(0), param(2)
08-30 15:21:22.072  1502 31809 I VENC    : VIDEO:[InitWorkMode]:[1232] venc work in async mode
08-30 15:21:22.067  1502  1502 W dec_thread: type=1400 audit(0.0:13131): avc: denied { read } for pid=1502 name="soc_spec_set" dev="sysfs" ino=27371 scontext=u:r:mediacodec:s0 tcontext=u:object_r:sysfs:s0 tclass=file permissive=0
08-30 15:21:22.072  1449  1449 E selinux_dmd: avc: denied { read } for dsm=hisi_Q pid=1502 comm="dec_thread" name="soc_spec_set" dev="sysfs" ino=27371 scontext=u:r:mediacodec:s0 tcontext=u:object_r:sysfs:s0 tclass=file permissive=0 CMD=media.codec
08-30 15:21:22.074  1502 31809 I VENC    : VIDEO:[VencDrvEflOpenVedu]:[1282] create encode thread success
08-30 15:21:22.074  1502 31809 I VENC    : VIDEO:[VencDrvEflOpenVedu]:[1291] create encode done thread success
08-30 15:21:22.074  1502 31809 I VENC    : VIDEO:[VENC_DRV_Open]:[538] open venc firmware success, open count is 1
08-30 15:21:22.074  1502 31809 I VENC    : VIDEO:[GetNarrowUnfRgbToYuvType]:[334] Primaries = 1
08-30 15:21:22.074  1502 31809 I VENC    : VIDEO:[PrintVencChanInfo]:[464] pstAttr.width:1920
08-30 15:21:22.074  1502 31809 I VENC    : VIDEO:[PrintVencChanInfo]:[465] pstAttr.height:1080
08-30 15:21:22.074  1502 31809 I VENC    : VIDEO:[PrintVencChanInfo]:[466] pstAttr.inputFrameRate:60
08-30 15:21:22.074  1502 31809 I VENC    : VIDEO:[PrintVencChanInfo]:[467] pstAttr.captureFps:0
08-30 15:21:22.074  1502 31809 I VENC    : VIDEO:[PrintVencChanInfo]:[468] pstAttr.gop:600
08-30 15:21:22.074  1502 31809 I VENC    : VIDEO:[PrintVencChanInfo]:[469] pstAttr.targetBitRate:20000000
08-30 15:21:22.074  1502 31809 I VENC    : VIDEO:[PrintVencChanInfo]:[470] pstAttr.targetQP:32
08-30 15:21:22.074  1502 31809 I VENC    : VIDEO:[PrintVencChanInfo]:[471] pstAttr.targetFrameRate:60
08-30 15:21:22.074  1502 31809 I VENC    : VIDEO:[PrintVencChanInfo]:[486] SceneMode:THIRDAPP, RateCtlMod:VBR
08-30 15:21:22.074  1502 31809 I VENC    : VIDEO:[VencDrvInitLongTermRefFrameNum]:[456] maxLTRNum 0, setLTRNum = 0,  longTermRefPicPresentFlag = 0
08-30 15:21:22.074  1502 31809 I VENC    : VIDEO:[GetBufTotalSize]:[75] the total buffer size is 11501568
08-30 15:21:22.075  1502 31809 I VENC    : VIDEO:[RcAttrInitClassic]:[2215] enableLowBitrate: 0
08-30 15:21:22.075  1502 31809 I VENC    : VIDEO:[VencSetMaxMinQP]:[1750] rcMaxQP:43, rcMinQP:12
08-30 15:21:22.075  1502 31809 I VENC    : VIDEO:[PrintRcAttr]:[2189] SceneMode:THIRDAPP, RateCtlMod:ABR
08-30 15:21:22.075  1502 31809 I VENC    : VIDEO:[PrintRcAttr]:[2192] ImgWidth:1920, ImgHeight:1080, uBpp:16
08-30 15:21:22.075  1502 31809 I VENC    : VIDEO:[PrintRcAttr]:[2193] iFrameRate:60, Gop:600, iBitRate:20000000
08-30 15:21:22.075  1502 31809 I VENC    : VIDEO:[VencDrvEflVencAttrInit]:[449] VencDrvEflVencAttrInit, gopMode = 0, setLTRFrameNum = 0
08-30 15:21:22.075  1502 31809 I VENC    : VIDEO:[IncreaseLoads]:[173] increase loads
08-30 15:21:22.075  1502 31809 I VENC    : VIDEO:[UpdatePowerMode]:[87] set power mode: core num is 1, power level is 0, need update is 1
08-30 15:21:22.075  1502 31809 I VENC    : VIDEO:[VencDrvEflCreateVenc]:[940] create, sec venc 0, normal venc 1
08-30 15:21:22.075  1502 31809 I VENC    : VIDEO:[VENC_DRV_CreateChn]:[599] VENC_DRV_CreateChn,Create Channel Success
08-30 15:21:22.075  1502 31809 I VENC    : VIDEO:[Create]:[21] create video processer:0
08-30 15:21:22.090  1502 31809 I StateInfo: VIDEO:[OnEvent]:[35] Loaded --> Idle
08-30 15:21:22.090  1502 31809 I OMXComponentEncoder: VIDEO:[HandleEvent]:[807] OMXComponentEncoder::HandleEvent event(655371)
08-30 15:21:22.090  1502 31809 I OMXComponentEncoder: VIDEO:[HandleEvent]:[821] NotifyClient state(2) done
08-30 15:21:22.091  1502  1727 I OMXComponentEncoder: VIDEO:[SendCommand]:[389] SendCommand, cmd(0), param(3)
08-30 15:21:22.091  1502 31809 I StateInfo: VIDEO:[OnEvent]:[120] Idle --> Executing
08-30 15:21:22.091  1502 31809 I OMXComponentEncoder: VIDEO:[HandleEvent]:[807] OMXComponentEncoder::HandleEvent event(655371)
08-30 15:21:22.091  1502 31809 I OMXComponentEncoder: VIDEO:[HandleEvent]:[821] NotifyClient state(3) done
08-30 15:21:22.094 31798 31798 I         : power log dlsym ok
08-30 15:21:22.095  1460  1844 I AGPService: AGP-3rd: set news video event - 1
08-30 15:21:22.097  3773  3922 E AppInfoMgr: not find pkgs by uid: 0
08-30 15:21:22.097 31798 31798 I SurfaceComposerClient: apply setProjection orientation 0
08-30 15:21:22.112   931   931 I SurfaceFlinger: processDisplayChangesLocked:3570 the current display is different from the drawing dispaly.
08-30 15:21:22.114  1460  1844 I AGPService: AGP-SF: set virtual display - 1, display name - ScreenRecorder
08-30 15:21:22.116   900   900 I HwcInterfaceService: HwcInterface: call mCallback->getHwcCompAttribute ......
08-30 15:21:22.127  1845  2354 I WificondControl: Noise: -84, Snr: 32, Chload: 675, rssi: -67, txBitrate: 400, rxBitrate: 400, frequency: 5300, UlDelay: 0, currentTxBytes: 12183015, currentTxPackets: 98578, currentTxFailed: 1, currentRxBytes: 222057273, currentRxPackets: 181250
08-30 15:21:22.128  1845  2353 I WiFi_PRO: MSG_RETURN_AP_CURRY_RSSI rssi = -67
08-30 15:21:22.128  1845  2353 I QosMonitor: queryRtt: rttType = 3
08-30 15:21:22.128  1845  2353 I HwWifiProServiceProxy: ctrlHwWifiNetwork pkgName: WIFIPRO_SERVICE interfaceId: 8
08-30 15:21:22.128  1845  2435 I HuaweiWifiWatchdogStateMachine: high data flow: protection_counter = 0,  not_detect_counter = 14
08-30 15:21:22.128  1845  2435 I HuaweiWifiWatchdogStateMachine: high data flow scenario: 0 --> 0 rx bytes =1055KB
08-30 15:21:22.129  1845  2435 I HuaweiWifiWatchdogStateMachine: POta txb txg rxg:0, 1, 0. Lr =0% Totpkt=1
08-30 15:21:22.129  1845  2353 I QosMonitor: postEventFromNative: msg=100,arg1=4,arg2=10
08-30 15:21:22.129  1845  2353 I HwWifiProServiceProxy: ctrlHwWifiNetwork pkgName: WIFIPRO_SERVICE interfaceId: 8
08-30 15:21:22.129  1845  2353 I QosMonitor: postEventFromNative: msg=100,arg1=0,arg2=10
08-30 15:21:22.129  1845  2353 I MQoS    : rtt=352,tcpTxPkts=81488,tcpRxPkts=157187
08-30 15:21:22.129  1845  2353 I QosMonitor: resetRtt: rttType = 3
08-30 15:21:22.129  1845  2353 I HwWifiProServiceProxy: ctrlHwWifiNetwork pkgName: WIFIPRO_SERVICE interfaceId: 8
08-30 15:21:22.130  1502 31809 I ParamConvertor: VIDEO:[GetColorAspects]:[1128] mRange:2, mPrimaries:1, mTransfer:3, mMatrixCoeffs:1
08-30 15:21:22.130  1502 31809 I GRA_PRIV: the formatType(110) set is(281474976710656)
08-30 15:21:22.130  1845  6241 I MQoS    : QOS_level:0(0),wifi-link;SIM error;use level-0
08-30 15:21:22.130  1502 31809 I GRA_PRIV: the formatType(111) set is(72057594037927936)
08-30 15:21:22.130  1502 31809 I ParamConvertor: VIDEO:[SetColorAspects]:[1100] mRange:2, mPrimaries:1, mTransfer:3, mMatrixCoeffs:1
08-30 15:21:22.130  1502 31809 I ParamConvertor: VIDEO:[SetColorAspects]:[1112] mRange:2, mPrimaries:1, mTransfer:3, mMatrixCoeffs:1
08-30 15:21:22.131  1845  2435 I HuaweiWifiWatchdogStateMachine: PTcp RTT:352, rtt pkt=32, tcp_rx=0, tcp_tx=0, tcp_reTran=0, rtRate=0
08-30 15:21:22.131  1845  2435 I HuaweiWifiWatchdogStateMachine: start computeQosLevel tcpRtt = 352 ,rssi = -67 ,mBestSpeedInPeriod = 731
08-30 15:21:22.131  1845  2435 I HuaweiWifiWatchdogStateMachine: smoothConsecutiveQosResults, currentQosLevel = 3
08-30 15:21:22.131   531   531 E SELinux : avc:  denied  { find } for interface=vendor.huawei.hardware.installerhal.mcu::IMcuInstallerHal sid=u:r:system_app:s0 pid=2977 scontext=u:r:system_app:s0 tcontext=u:object_r:default_android_hwservice:s0 tclass=hwservice_manager permissive=0
08-30 15:21:22.132  1502 31809 I ParamConvertor: VIDEO:[GetColorAspects]:[1128] mRange:2, mPrimaries:1, mTransfer:3, mMatrixCoeffs:1
08-30 15:21:22.132  2977  3297 W OTAComposer: McuInstaller::registerMcuService: not found, retry: null
08-30 15:21:22.133 31798 31798 I MediaMuxer: start addTrack
08-30 15:21:22.133 31798 31798 I MediaMuxer: start convert Message To MetaData
08-30 15:21:22.133 31798 31798 I MediaMuxer: end convert Message To MetaData
08-30 15:21:22.133 31798 31798 W MPEG4Writer: getCodecSpecificDataFromInputFormatIfPossible copyCodecSpecificData
08-30 15:21:22.133 31798 31798 I MediaMuxer: result is OK, add newTrack
08-30 15:21:22.133  1449  1449 E selinux_dmd: avc:  denied  { find } for dsm=hisi_Q interface=vendor.huawei.hardware.installerhal.mcu::IMcuInstallerHal sid=u:r:system_app:s0 pid=2977 scontext=u:r:system_app:s0 tcontext=u:object_r:default_android_hwservice:s0 tclass=hwservice_manager permissive=0 CMD=com.huawei.otacomposer
08-30 15:21:22.133 31798 31798 I MPEG4Writer: limits: 4294967295/0 bytes/us, bit rate: -1 bps and the estimated moov size 3192 bytes
08-30 15:21:22.144 31798 31816 I MPEG4Writer: setStartTimestampUs: 15234701777
08-30 15:21:22.144 31798 31816 I MPEG4Writer: Earliest track starting time: 15234701777
08-30 15:21:22.156   908  1814 I dpu_effect: validate:265: modules=10 dispPanelId=0
08-30 15:21:22.172   908  1814 I dpu_effect: validate:265: modules=10 dispPanelId=0
08-30 15:21:22.186  1845  2353 I TrafficMonitor: update:rxPkts:0,txPkts:0,rxBytes:0,txBytes:0
08-30 15:21:22.186  1845  2353 I TrafficMonitor: gettimer:interval=2000
08-30 15:21:22.252   531   531 I hwservicemanager: getTransport: Cannot find entry android.hardware.automotive.evs@1.0::IEvsEnumerator/EvsEnumeratorHw in either framework or device manifest.
08-30 15:21:22.252 31772 31783 E EvsccService: [Enumerator::init:28]Get EvsEnumeratorHw service failed!
08-30 15:21:22.259    54    54 W migration/7: type=1400 audit(0.0:13132): avc: granted { setsched } for pid=54 scontext=u:r:kernel:s0 tcontext=u:r:kernel:s0 tclass=process
08-30 15:21:22.267  1502 31809 I GRA_PRIV: the formatType(110) set is(281474976710656)
08-30 15:21:22.267  1502 31809 I GRA_PRIV: the formatType(111) set is(72057594037927936)
08-30 15:21:22.415  2288  2288 W HIGNSS  : LS:[LSQ_SOLUTION] satellite num: 0 < 4
08-30 15:21:22.416  2288  2288 W HIGNSS  : CHR:[TCXO-BIAS-CHANGE] time: 1820, cnt: 60, valid: 0, freq_bias:0.000000, tempr:0.000000, sats_num: 0, qop: 0
08-30 15:21:22.421  2288  2288 W HIGNSS  : FUS:fusion results invalid, flag = 0!
08-30 15:21:22.423  2288  2288 W HIGNSS  : PE_CDPP:[NORMAL]location check failed, cdpp can not be done!
08-30 15:21:22.425  2288  2288 W HIGNSS  : PE_MSA:[MSA_SELECT]the num of sat can be reported is less than 4, report all valid data!
08-30 15:21:22.425  2288  2288 W HIGNSS  : PE_MSA:[MSA-DOPPLER]No location and no acq data, not do doppler consistence!
08-30 15:21:22.425  2288  2288 W HIGNSS  : PE_MSA:[MSA-REPORT] no gnss msr data to be report!
08-30 15:21:22.428  2288  2322 W HIGNSS  : CTL:can't find dst, 0x11110021
08-30 15:21:22.430   905  3244 I HIGNSS_ADAPTER: ReportHignssNmea success, count: 35, length: 1821
08-30 15:21:22.430  1845  4960 I         : HwGnssLocationProviderJNI: callback 2.0 send_svInfor is called .
08-30 15:21:22.432   905  3244 I HIGNSS_ADAPTER: ReportHignssSvStatus success!
08-30 15:21:22.432   905  3244 W HIGNSS_ADAPTER: measurement callback is not inited!
08-30 15:21:22.453   531   531 I hwservicemanager: getTransport: Cannot find entry android.hardware.automotive.evs@1.0::IEvsEnumerator/EvsEnumeratorHw in either framework or device manifest.
08-30 15:21:22.454 31772 31783 E EvsccService: [Enumerator::init:28]Get EvsEnumeratorHw service failed!
08-30 15:21:22.519   530   530 E SELinux : avc:  denied  { find } for service=SamgrService pid=692 uid=0 scontext=u:r:bootanim:s0 tcontext=u:object_r:samgrservice:s0 tclass=service_manager permissive=0
08-30 15:21:22.521  1449  1449 E selinux_dmd: avc:  denied  { find } for dsm=hisi_Q service=SamgrService pid=692 uid=0 scontext=u:r:bootanim:s0 tcontext=u:object_r:samgrservice:s0 tclass=service_manager permissive=0 CMD=/system/bin/bootanimation
08-30 15:21:22.565  4181  4183 I bms_behavior: monitor interval count 3013
08-30 15:21:22.634   531   531 E SELinux : avc:  denied  { find } for interface=vendor.huawei.hardware.installerhal.mcu::IMcuInstallerHal sid=u:r:system_app:s0 pid=2977 scontext=u:r:system_app:s0 tcontext=u:object_r:default_android_hwservice:s0 tclass=hwservice_manager permissive=0
08-30 15:21:22.635  2977  3297 W OTAComposer: McuInstaller::registerMcuService: not found, retry: null
08-30 15:21:22.636  1449  1449 E selinux_dmd: avc:  denied  { find } for dsm=hisi_Q interface=vendor.huawei.hardware.installerhal.mcu::IMcuInstallerHal sid=u:r:system_app:s0 pid=2977 scontext=u:r:system_app:s0 tcontext=u:object_r:default_android_hwservice:s0 tclass=hwservice_manager permissive=0 CMD=com.huawei.otacomposer
08-30 15:21:22.655   531   531 I hwservicemanager: getTransport: Cannot find entry android.hardware.automotive.evs@1.0::IEvsEnumerator/EvsEnumeratorHw in either framework or device manifest.
08-30 15:21:22.655 31772 31783 E EvsccService: [Enumerator::init:28]Get EvsEnumeratorHw service failed!
08-30 15:21:22.656 22280 24619 E HwLBSService QttffManager: getNlpLastKnownLocation: NETWORK_PROVIDER is NOT enabled.
08-30 15:21:22.730  1845  2910 I PackageManager: generatePackageInfo error, user not exists:1210096
08-30 15:21:22.855 31772 31783 E EvsccService: [Enumerator::init:32]Reaching max retry time, getService still failed, suicide
08-30 15:21:22.863  1845  2910 I netddebug: getNetworkStatsDetail, pid = 3773
08-30 15:21:22.864   530   530 I ServiceManager: service 'EvsRecoverServer' died
08-30 15:21:22.865   823 18250 I netd    : trafficSwapActiveStatsMap() <1.36ms>
08-30 15:21:23.137   531   531 E SELinux : avc:  denied  { find } for interface=vendor.huawei.hardware.installerhal.mcu::IMcuInstallerHal sid=u:r:system_app:s0 pid=2977 scontext=u:r:system_app:s0 tcontext=u:object_r:default_android_hwservice:s0 tclass=hwservice_manager permissive=0
08-30 15:21:23.138  2977  3297 W OTAComposer: McuInstaller::registerMcuService: not found, retry: null
08-30 15:21:23.308  1845  1915 I HwAmbientLuxFilterAlgo: t=15235879,lx=[2390.6/15234478, 2391.1/15234759, 2390.6/15235039, 2391.2/15235319, 2390.3/15235599, 2390.4001/15235879],mLx=2391.0,mOffLux=0.0,s=5.0,ss=1.4960831E-4,Avened=false,mPxs=false,mTPxs=false,mBLux=3380.0,mDlux=1200.0,mDt=4000,mBt=1000,mMax=2391.0,mMin=2391.0,mu=0.0,sMax=2391.0,sMin=2391.0
08-30 15:21:23.413  2288  2288 W HIGNSS  : LS:[LSQ_SOLUTION] satellite num: 0 < 4
08-30 15:21:23.414  2288  2288 W HIGNSS  : CHR:[TCXO-BIAS-CHANGE] time: 1821, cnt: 60, valid: 0, freq_bias:0.000000, tempr:0.000000, sats_num: 0, qop: 0
08-30 15:21:23.421  2288  2288 W HIGNSS  : FUS:fusion results invalid, flag = 0!
08-30 15:21:23.423  2288  2288 W HIGNSS  : PE_CDPP:[NORMAL]location check failed, cdpp can not be done!
08-30 15:21:23.424  2288  2288 W HIGNSS  : PE_MSA:[MSA_SELECT]the num of sat can be reported is less than 4, report all valid data!
08-30 15:21:23.424  2288  2288 W HIGNSS  : PE_MSA:[MSA-DOPPLER]No location and no acq data, not do doppler consistence!
08-30 15:21:23.424  2288  2288 W HIGNSS  : PE_MSA:[MSA-REPORT] no gnss msr data to be report!
08-30 15:21:23.428  2288  2322 W HIGNSS  : CTL:can't find dst, 0x11110021
08-30 15:21:23.429   905  3244 I HIGNSS_ADAPTER: ReportHignssNmea success, count: 35, length: 1821
08-30 15:21:23.429  1845  4960 I         : HwGnssLocationProviderJNI: callback 2.0 send_svInfor is called .
08-30 15:21:23.432   905  3244 I HIGNSS_ADAPTER: ReportHignssSvStatus success!
08-30 15:21:23.432   905  3244 W HIGNSS_ADAPTER: measurement callback is not inited!
08-30 15:21:23.520   530   530 E SELinux : avc:  denied  { find } for service=SamgrService pid=692 uid=0 scontext=u:r:bootanim:s0 tcontext=u:object_r:samgrservice:s0 tclass=service_manager permissive=0
08-30 15:21:23.522  1449  1449 E selinux_dmd: avc:  denied  { find } for dsm=hisi_Q interface=vendor.huawei.hardware.installerhal.mcu::IMcuInstallerHal sid=u:r:system_app:s0 pid=2977 scontext=u:r:system_app:s0 tcontext=u:object_r:default_android_hwservice:s0 tclass=hwservice_manager permissive=0 CMD=com.huawei.otacomposer
08-30 15:21:23.522  1449  1449 E selinux_dmd: avc:  denied  { find } for dsm=hisi_Q service=SamgrService pid=692 uid=0 scontext=u:r:bootanim:s0 tcontext=u:object_r:samgrservice:s0 tclass=service_manager permissive=0 CMD=/system/bin/bootanimation
08-30 15:21:23.572   530   530 E SELinux : avc:  denied  { find } for service=SamgrService pid=692 uid=0 scontext=u:r:bootanim:s0 tcontext=u:object_r:samgrservice:s0 tclass=service_manager permissive=0
08-30 15:21:23.640   531   531 E SELinux : avc:  denied  { find } for interface=vendor.huawei.hardware.installerhal.mcu::IMcuInstallerHal sid=u:r:system_app:s0 pid=2977 scontext=u:r:system_app:s0 tcontext=u:object_r:default_android_hwservice:s0 tclass=hwservice_manager permissive=0
08-30 15:21:23.641  2977  3297 W OTAComposer: McuInstaller::registerMcuService: not found, retry: null
08-30 15:21:23.641  1449  1449 E selinux_dmd: avc:  denied  { find } for dsm=hisi_Q service=SamgrService pid=692 uid=0 scontext=u:r:bootanim:s0 tcontext=u:object_r:samgrservice:s0 tclass=service_manager permissive=0 CMD=/system/bin/bootanimation
08-30 15:21:23.642  1449  1449 E selinux_dmd: avc:  denied  { find } for dsm=hisi_Q interface=vendor.huawei.hardware.installerhal.mcu::IMcuInstallerHal sid=u:r:system_app:s0 pid=2977 scontext=u:r:system_app:s0 tcontext=u:object_r:default_android_hwservice:s0 tclass=hwservice_manager permissive=0 CMD=com.huawei.otacomposer
08-30 15:21:23.656 22280 24619 E HwLBSService QttffManager: getNlpLastKnownLocation: NETWORK_PROVIDER is NOT enabled.
08-30 15:21:23.818  1151  1151 I aptouch_daemon: check_idle_status, idle out.
08-30 15:21:23.822  1151  1151 I aptouch_daemon: print_log, touch:1, down:1 (+0)
08-30 15:21:23.824  1845  2282 I InputReader: UL_Input first down(416,891)
08-30 15:21:23.824  1845  2282 I HwFingersSnapshooter: handleMotionEvent first finger(0) touch down at (416.25,891.75)
08-30 15:21:23.825  1845  2281 I InputDispatcher: UL_Input touch(416,891) in new Window{cd9e14a u12 LauncherSmartDock},flag=0x00040028,region=[0,736][1920,984],frame=[0,736][1920,984],tSize=3,diff=true
08-30 15:21:23.825  1845  2281 I InputDispatcher: stylus touch down, set lcd event 1
08-30 15:21:23.825  1845  2281 I chatty  : uid=1000(system) InputDispatcher identical 1 line
08-30 15:21:23.825  1845  2281 I InputDispatcher: stylus touch down, set lcd event 1
08-30 15:21:23.826 22014 22014 I InputEvent: (416,156):(416,892)0
08-30 15:21:23.826  1845  2281 I InputDispatcher: stylus touch down, set lcd event 1
08-30 15:21:23.826  2487  2487 W NavigationBarWindowView: NavigationBarWindowView dispatchTouchEventMotionEvent { action=ACTION_OUTSIDE, actionButton=0, id[0]=0, x[0]=0.0, y[0]=0.0, toolType[0]=TOOL_TYPE_FINGER, buttonState=0, classification=NONE, metaState=0, flags=0x0, edgeFlags=0x0, pointerCount=1, historySize=0, eventTime=15236394, downTime=15236394, deviceId=3, source=0x1002, displayId=0 }
08-30 15:21:23.827  1845  2281 I PowerMS : userActivity:eventTime=15236394,event=2,flags=0x0,uid=1000
08-30 15:21:23.827  1845  1883 I HwFalseTouchMonitor: point(416.25,891.75), orientation:0 not a edge point
08-30 15:21:23.827  1845  1883 I HwFalseTouchMonitor: point(416.25,891.75), orientation:0 not a edge point
08-30 15:21:23.829 22014 22014 I HwLauncher: SmartDockInputConsumer  init 
08-30 15:21:23.840  1534  2342 I ScreemCommon: OnProcessInteracting pid 22014
08-30 15:21:23.879  1502 31809 I GRA_PRIV: the formatType(110) set is(281474976710656)
08-30 15:21:23.879  1502 31809 I GRA_PRIV: the formatType(111) set is(72057594037927936)
08-30 15:21:23.885  1151  1151 I aptouch_daemon: print_log, touch:0, down:0 
08-30 15:21:23.885  1845  2282 I InputReader: UL_Input last up(416,891)
08-30 15:21:23.886  1845  2282 I HwFingersSnapshooter: handleMotionEvent last finger(0) up.
08-30 15:21:23.886 22014 22014 I InputEvent: Moving, count=1
08-30 15:21:23.886  1845  2281 I InputDispatcher: stylus touch up, set lcd event 0
08-30 15:21:23.886  1845  2281 I chatty  : uid=1000(system) InputDispatcher identical 2 lines
08-30 15:21:23.886  1845  2281 I InputDispatcher: stylus touch up, set lcd event 0
08-30 15:21:23.886 22014 22014 I InputEvent: (416,156):(416,892)1
08-30 15:21:23.883    54    54 W migration/7: type=1400 audit(0.0:13133): avc: granted { setsched } for pid=54 scontext=u:r:kernel:s0 tcontext=u:r:kernel:s0 tclass=process
08-30 15:21:23.887 22014 22014 I HwLauncher: FormBroadcastUtil notifyClickEvent bundle: Bundle[{formId=59500060336198047, opType=CLICK, cellX=0, packageName=com.dute.newshm.car}]
08-30 15:21:23.887  1845  2237 I AwareLog: AuxRtgSched: KeyThreads.onTouchUpEvent set rtg sched fgUid=1210096
08-30 15:21:23.887 22014 22014 I HwLauncher: XiaoYiRecommenderReceiver onReceive..
08-30 15:21:23.888 22014 22014 I RemoteViews: faParent is AppWidgetHostView
08-30 15:21:23.888 22014 22014 I AbilityFormProxy-031: FormContainer getTag for animation.
08-30 15:21:23.888 22014 22014 I AbilityFormProxy-031: FormContainer return form animation.
08-30 15:21:23.888 22014 22014 I HwLauncher: SmartDockOpenFormViewAnimationController onGetAnimation
08-30 15:21:23.889  1845  2380 I AudioService.PlaybackActivityMonitor: playerEvent(piid=15, event=2, binderUid=1000)
08-30 15:21:23.890   927  9326 I APM_AudioPolicyManager: getOutputsForDevices, openOutputs size is 2, outputs size is 2
08-30 15:21:23.890  1845 17063 I HwWindowManagerServiceEx: empty bundle!
08-30 15:21:23.890 22014 22014 I RemoteViews: customOpt is ActivityOptions
08-30 15:21:23.891   927  9326 I APM_AudioPolicyManager: getOutputsForDevices, openOutputs size is 2, outputs size is 2
08-30 15:21:23.891   901   956 I AudioModuleManager: [AudioModuleGetParameters:71]: list size: 21
08-30 15:21:23.892  1845  2380 I SoundPool: [play]hasActiveOutputTrack(false) isCurTrackFast(false) canReuseTrack(false) mIsInLowlatencyWhiteList(true)
08-30 15:21:23.892  1845  2380 I SoundPool: [play]case USE_SHARED_MEM_BUFFER
08-30 15:21:23.892   927  9326 I AudioPolicyManagerCustomImpl: sample rate: 44100, format: 0x1, channel_mask: 0x3usage=13 content=4 flags=0x0x800 tags=bitsPerSample: 16, channelCount = 2 streamType =1
08-30 15:21:23.892   901   956 I AudioModuleManager: [AudioModuleGetParameters:71]: list size: 21
08-30 15:21:23.893   927  9326 I AudioPolicyManagerCustomImpl: isInLowLatency() 0
08-30 15:21:23.893   927  9326 W AudioPolicyManagerCustomImpl: isDirectOutputSupported: stream_type != MUSIC, returning false
08-30 15:21:23.893   927  9326 W AudioPolicyManagerCustomImpl: isDirectOutputSupported: is unsupport stream
08-30 15:21:23.894   927  9326 I AudioPolicyIntefaceImpl: getOutputForAttr() session 1361, attr->flags 0x800, flags 0x4, selectedDeviceId 0, pid 1845, uid 1000
08-30 15:21:23.896  1487 18646 I MediaPlayerService: [14] stop [pid:26250]
08-30 15:21:23.896  1502 31809 I GRA_PRIV: the formatType(110) set is(281474976710656)
08-30 15:21:23.896  1502 31809 I GRA_PRIV: the formatType(111) set is(72057594037927936)
08-30 15:21:23.897  1487 18646 I GenericSource: GenericSource::disconnect begin
08-30 15:21:23.897  1487 18646 I GenericSource: GenericSource::disconnect dataSource disconnect
08-30 15:21:23.897  1845 17063 I AudioService.PlaybackActivityMonitor: playerEvent(piid=543, event=4, binderUid=1210125)
08-30 15:21:23.897  1487 18646 I GenericSource: GenericSource::disconnect end
08-30 15:21:23.898   927  9326 E AudioPolicyIntefaceImpl: selectDevice() IDeviceSelectCallback == nullptr
08-30 15:21:23.898   927 13543 I AudioTrackShared: ServerProxy::flushBufferIfNeeded() mStreaming.mFlush = 0xff40, mFlush = 0x0
08-30 15:21:23.898   927  2109 I AudioFlinger: thread 0x77b0d3efc0 type 0 TID 2109 waking up
08-30 15:21:23.898  1487 27289 I MediaCodec: kWhatFlush processing is complete
08-30 15:21:23.899   927  2109 I AudioFlinger: acquireWakeLock_l() AudioOut_D status 0 mWakeLockToken 0x77b0c93a60
08-30 15:21:23.899  1487 27289 I CCodecBufferChannel: [c2.android.mp3.decoder#923] flush
08-30 15:21:23.899  1487 27289 I MediaCodec: Start Processing kWhatFlushCompleted
08-30 15:21:23.899  1487 27288 I MediaCodec: MediaCodec release pid:26250
08-30 15:21:23.899  1845  2910 I PowerMS : acquire:L=261053426,F=0x1,T=AudioMix,N=audioserver,WS=null,U=1041,P=0
08-30 15:21:23.900  1487 27288 I MediaCodec: Time check for mediacodec release stuck issue /system/bin/mediaserver
08-30 15:21:23.900  1487 27289 I MediaCodec: Mediacodec kWhatRelease start,msg 1919249509 current state 8
08-30 15:21:23.900   901   956 I AudioModuleManager: [AudioModuleSetParameters:51]: list size: 21
08-30 15:21:23.900  1487 27289 I MediaCodec: kWhatRelease or kWhatStop processing is complete.
08-30 15:21:23.901  1487 27289 I MediaCodec: Start process kWhatReleaseCompleted
08-30 15:21:23.903 22014 22014 I ViewRootImpl[LauncherTransparentFullView]: viewVisibilityChanged changed reason: viewVisibility change to visible
08-30 15:21:23.903 22014 22014 I ViewRootImpl[LauncherTransparentFullView]: relayoutWindow reason: viewVisibilityChanged = true
08-30 15:21:23.903  1845  2910 I WindowManager_visibility: start Relayout Window{fa4c931 u12 LauncherTransparentFullView} oldVis=8 newVis=0 width=1920 height=984 attrs.flags=1040038
08-30 15:21:23.903  1845  2910 I WindowManager: set allow lock screen When on displayId:15 allow:false
08-30 15:21:23.904  1845  2910 I WindowManager: set allow lock screen When on displayId:0 allow:false
08-30 15:21:23.906  3773  3922 I DeviceStateService: app: com.dute.newshm.car pid: 1487 release mediacodec.
08-30 15:21:23.906  1845  2910 I WindowManager_visibility: DrawState change: Window{fa4c931 u12 LauncherTransparentFullView} from:NO_SURFACE to:DRAW_PENDING reason:createSurface
08-30 15:21:23.906   901   957 I AudioModuleManager: [AudioModuleGetParameters:71]: list size: 21
08-30 15:21:23.907   931  1926 I Layer   : Layer:LauncherTransparentFullView#0 has created.
08-30 15:21:23.907   931  1926 I         : GameSdkLog,RegisterGameSdkCallback, tidBuffer=RES:all_pkg->pkg|1|4|7|10|12
08-30 15:21:23.907  3773  5576 E AwareLog: iAwareSdkService: onTransactEx deal data Exception
08-30 15:21:23.907   927  9326 I AudioPolicyManagerCustomImpl: queryLowlatencyUid=1000 mAPM->mpClientInterface->getParameters with result true
08-30 15:21:23.907   927  9326 I APM_AudioPolicyManager: getOutputForDevice() stream 1, flags 4, forceMutingHaptic 1 device 0x2
08-30 15:21:23.907   927  9326 I AudioPolicyManagerCustomImpl:  ChangeFlagsFromGetOutputForDevice  platform: 0
08-30 15:21:23.908   927  9326 I APM_AudioPolicyManager: getOutputsForDevices, openOutputs size is 2, outputs size is 2
08-30 15:21:23.908   927  9326 I APM_AudioPolicyManager: getOutputForDevice() select output 13 from 2 outputs for device 0x2
08-30 15:21:23.908   927  9326 I APM_AudioPolicyManager: getOutputForDevice() returns output 13
08-30 15:21:23.908  1487 27283 I NuPlayerRenderer: This video has played 0 frames
08-30 15:21:23.908   927  9326 I APM_AudioPolicyManager: getOutputForAttr() returns output 13 requestedPortId 0 selectedDeviceId 2 for port ID 157
08-30 15:21:23.908  1845 17063 I AudioService.PlaybackActivityMonitor: dispatchPlaybackChange to 3 clients
08-30 15:21:23.909   927  9326 I AudioFlinger: createTrack() sessionId: 1361
08-30 15:21:23.909  1845  2237 I AwareLog: RMS.AwareAppAssociate: [updateWindow]:22014 [mode]:3 [code]:262457649 width:-1 height:-1 alpha:1.0 hasSurface:true
08-30 15:21:23.909  1845  2237 I AwareLog: RMS.AwareAppAssociate: [updateWindow]:22014 [mode]:3 [code]:262457649 isEvil:false
08-30 15:21:23.910  1845  2910 I WindowManager_visibility: complete Relayout Window{fa4c931 u12 LauncherTransparentFullView}  size:[0,0][1920,984]
08-30 15:21:23.910  1477  3820 I MP3Extractor: destructor
08-30 15:21:23.910  1487 18646 I MediaPlayerService: disconnect(14) from pid 26250
08-30 15:21:23.910  1487 18646 E MediaPlayerService: getDuration returned -2147483648
08-30 15:21:23.910 22014 22014 I ViewRootImpl[LauncherTransparentFullView]: relayoutWindow relayoutResult 7
08-30 15:21:23.911 22014 22014 I ViewRootImpl[LauncherTransparentFullView]: reportNextDraw set callback
08-30 15:21:23.909   927  9326 W AudioFlinger: createTrack_l(): mismatch between requested flags (00000004) and output flags (00000002)
08-30 15:21:23.912   927  9326 I AudioFlinger: createTrack_l : sharedBuffer=0x77af667ae0 requestframeCnt=0 actualframeCnt=3199 format=0x1 mFormat=0x3 channelMask=0x3 sampleRate=44100 mSampleRate=48000 requestflags=0x4 actualflags=0 outputflags=0x2 requestnotificationFrameCount=0, notificationFrameCount=0, hasFastMixer=0 pid=1845 tid=31817
08-30 15:21:23.913   927  9326 I AF::TrackHandle: OpPlayAudio: track:196 usage:13, not muted for system
08-30 15:21:23.913   927  9326 I AudioFlinger: DevSched: uid is 1000, factor is 1.000000, mode_eq is 0
08-30 15:21:23.914   901   957 I AudioModuleManager: [AudioModuleSetParameters:51]: list size: 21
08-30 15:21:23.914  1845  2380 W AudioTrack: createTrack_l(0): AUDIO_OUTPUT_FLAG_FAST denied by server; frameCount 0 -> 3199
08-30 15:21:23.914  1845  2380 I AudioTrack: setVolumeLR : 1.000000
08-30 15:21:23.914  1845  2380 I AudioTrack: setVolumeLR : 0.501160
08-30 15:21:23.914   927  9326 I AudioFlinger: start output session(1361) pid(1845) 
08-30 15:21:23.915   901   957 I AudioModuleManager: [AudioModuleSetParameters:51]: list size: 21
08-30 15:21:23.915   901   957 I sound_trigger_parse_params: [parse_start_stream_params:77]: start stream types 1, 0x2
08-30 15:21:23.915  3773  3922 I PGAudioState: AUDIO_CREATAE_TRACK, audioInfo : [trackId : 196, sessionId : 1361, type : audio_out, threadType : MIXER, streamType : SYSTEM , pid : 1845, uid : 1000, createState : new, playState : stop, audioTrackVolume: 1.0, finalVolume : 0.0, loop : false, stopByZeroTime : 0]
08-30 15:21:23.915  3773  3922 I PGAudioState: receive session 1361 aduio track volume state : 501
08-30 15:21:23.915  3773  3922 I PGAudioState: update audiotrack volume state ,trackId 196,volume : 0.501
08-30 15:21:23.916 22014 22014 I ViewRootImpl[LauncherTransparentFullView]: nextDraw finished callback
08-30 15:21:23.916  1845 17063 I WindowManager_visibility: finishDrawingWindow...
08-30 15:21:23.916  1845 17063 I WindowManager_visibility: DrawState change: Window{fa4c931 u12 LauncherTransparentFullView} from:DRAW_PENDING to:COMMIT_DRAW_PENDING reason:finishDrawing
08-30 15:21:23.916  1845  1886 I WindowManager: set allow lock screen When on displayId:15 allow:false
08-30 15:21:23.916 22014 22014 I SAFE_DRIVING_SDK_SafeDrivingCareManager: getStatus
08-30 15:21:23.916 22014 22014 I SAFE_DRIVING_SDK_SafeDrivingCareManagerImpl: getDrivingStatus
08-30 15:21:23.916  3141 19979 I SAFE_DRIVING_IHwSafeDriving.Stub: getDrivingStatus
08-30 15:21:23.917  3141 19979 I SAFE_DRIVING_IHwSafeDriving.Stub: getDrivingStatus
08-30 15:21:23.917  1845  1886 I WindowManager: set allow lock screen When on displayId:0 allow:false
08-30 15:21:23.917   927  9326 I APM_AudioPolicyManager: startOutput() output 13, stream 1, session 1361, portId 157, phoneState 0,        communiCf 0, excommcf 0, mediaCf 0, exmediacf 0
08-30 15:21:23.917   927  9326 I APM::AudioOutputDescriptor: IOprofile maxActiveCount == 0 curActiveCount = 0
08-30 15:21:23.917   927  9326 I APM::AudioOutputDescriptor: start, output handle 13, profile name: primary out, curActiveCount: 1
08-30 15:21:23.917  1845  1886 I WindowManager_visibility: DrawState change: Window{fa4c931 u12 LauncherTransparentFullView} from:COMMIT_DRAW_PENDING to:READY_TO_SHOW reason:commitFinishDrawing
08-30 15:21:23.917   927  9326 W APM::AudioOutputDescriptor: setClientStoped(PortId: 157 SessionId: 1361 Uid: 1000 Stream: 1): ignored active: 0, current
08-30 15:21:23.917  1845  1886 I WindowManager_visibility: DrawState change: Window{fa4c931 u12 LauncherTransparentFullView} from:READY_TO_SHOW to:HAS_DRAWN reason:performShow
08-30 15:21:23.917   927  9326 I APM_AudioPolicyManager: getOutputsForDevices, openOutputs size is 2, outputs size is 2
08-30 15:21:23.917   927  9326 I APM_AudioPolicyManager: getNewOutputDevices output 13 selected devices {type:0x2} connectdeDevices(11002)
08-30 15:21:23.917   927  9326 I APM_AudioPolicyManager: setOutputDevices device {type:0x2} delayMs 0 force 0 outputDesc 13 from startSource first
08-30 15:21:23.917   927  9326 I APM_AudioPolicyManager: setOutputDevices: suppressing checkDeviceMuteStrategies
08-30 15:21:23.917   927  9326 I APM_AudioPolicyManager: setOutputDevices check for shareModule new device({type:0x2}) mPrimaryDevices({type:0x2}) delayMs(0) force(0) dispatchToHal(0) changePrimaryDevice(0)
08-30 15:21:23.917   927  9326 I APM_AudioPolicyManager: setOutputDevices device {type:0x2} delayMs 0 force 0 outputDesc 13 from startSource second
08-30 15:21:23.917   927  9326 I APM_AudioPolicyManager: setOutputDevices: suppressing checkDeviceMuteStrategies
08-30 15:21:23.917   927  9326 I APM_AudioPolicyManager: setOutputDevices check for shareModule new device({type:0x2}) mPrimaryDevices({type:0x2}) delayMs(0) force(0) dispatchToHal(0) changePrimaryDevice(0)
08-30 15:21:23.917  1845  1886 I WindowManager_visibility: Window{fa4c931 u12 LauncherTransparentFullView} setShown true
08-30 15:21:23.917  1845  1886 I WindowManager_visibility: showing WindowStateAnimator{cbb1d38 LauncherTransparentFullView}
08-30 15:21:23.917   901  6412 I AudioModuleManager: [AudioModuleSetParameters:51]: list size: 21
08-30 15:21:23.917   901  6412 I audio_hw_effect: [sws_set_hp_smart_mode:1306]: [HP_SMART_MODE]:[1], [HP_SMART_3D_MODE]:[1]
08-30 15:21:23.918   901   956 I AudioModuleManager: [AudioModuleGetParameters:71]: list size: 21
08-30 15:21:23.918   927  9326 I APM_AudioPolicyManager: startSource byPassEffectForDmsdp 0, mByPassEffectForDmsdp 0
08-30 15:21:23.918   927  9326 I APM::AudioOutputDescriptor: do not setVolume.
08-30 15:21:23.918   927  9326 I APM_AudioPolicyManager: checkAndSetVolume volumeSource 12, index 10, device 00000002, volumeDb -7.373737, output 13 
08-30 15:21:23.919   927  9326 W APM::AudioPolicyEngine/ProductStrategy: getVolumeGroupForStreamType: no volume group for AUDIO_STREAM_ASSISTANCE_NAVIGATION_GUIDANCE, using default
08-30 15:21:23.920  1487 18646 W AMessage: failed to post message as target looper for handler 0 is gone.
08-30 15:21:23.920   901   956 I AudioModuleManager: [AudioModuleSetParameters:51]: list size: 21
08-30 15:21:23.921  1487 18646 I MediaPlayerService: Client(17) constructor pid = 26250
08-30 15:21:23.921  1487 18646 I MediaPlayerService: disconnect(14) from pid 26250
