08-30 15:21:31.484  1502 31809 I GRA_PRIV: the formatType(110) set is(281474976710656)
08-30 15:21:31.484  1502 31809 I GRA_PRIV: the formatType(111) set is(72057594037927936)
08-30 15:21:31.493   908  1814 I dpu_effect: validate:265: modules=10 dispPanelId=0
08-30 15:21:31.500  1502 31809 I GRA_PRIV: the formatType(110) set is(281474976710656)
08-30 15:21:31.500  1502 31809 I GRA_PRIV: the formatType(111) set is(72057594037927936)
08-30 15:21:31.510   908  1814 I dpu_effect: validate:265: modules=10 dispPanelId=0
08-30 15:21:31.516  1502 31809 I GRA_PRIV: the formatType(110) set is(281474976710656)
08-30 15:21:31.516  1502 31809 I GRA_PRIV: the formatType(111) set is(72057594037927936)
08-30 15:21:31.526   531   531 I hwservicemanager: getTransport: Cannot find entry vendor.huawei.hardware.camera.cdcsvr@1.0::IHwCamCdcSvr/huawei.camera.cdcsvr in either framework or device manifest.
08-30 15:21:31.526 31886 31903 E EvsccService: [ClientCommunication::GetHalService:56]CamerasRecover can not get GetHalService 17 times
08-30 15:21:31.527   908  1814 I dpu_effect: validate:265: modules=10 dispPanelId=0
08-30 15:21:31.533  1502 31809 I GRA_PRIV: the formatType(110) set is(281474976710656)
08-30 15:21:31.533  1502 31809 I GRA_PRIV: the formatType(111) set is(72057594037927936)
08-30 15:21:31.543   908  1814 I dpu_effect: validate:265: modules=10 dispPanelId=0
08-30 15:21:31.549  1151  1151 I aptouch_daemon: print_log, touch:1, down:1 (+0)
08-30 15:21:31.550   927  2109 I asd_out_fwk: L = -99.675636db, R = -99.675636db, Device = 0x2, TimeStampKernel = 17567040, TimeStampServer = 17568960
08-30 15:21:31.551  1845  2282 I InputReader: UL_Input first down(1039,902)
08-30 15:21:31.551  1845  2282 I HwFingersSnapshooter: handleMotionEvent first finger(0) touch down at (1039.5,902.25)
08-30 15:21:31.551  1845  2281 I InputDispatcher: stylus touch down, set lcd event 1
08-30 15:21:31.551  1502 31809 I GRA_PRIV: the formatType(110) set is(281474976710656)
08-30 15:21:31.551  1845  2281 I InputDispatcher: stylus touch down, set lcd event 1
08-30 15:21:31.551  1502 31809 I GRA_PRIV: the formatType(111) set is(72057594037927936)
08-30 15:21:31.551  2487  2487 W NavigationBarWindowView: NavigationBarWindowView dispatchTouchEventMotionEvent { action=ACTION_OUTSIDE, actionButton=0, id[0]=0, x[0]=0.0, y[0]=0.0, toolType[0]=TOOL_TYPE_FINGER, buttonState=0, classification=NONE, metaState=0, flags=0x0, edgeFlags=0x0, pointerCount=1, historySize=0, eventTime=15244121, downTime=15244121, deviceId=3, source=0x1002, displayId=0 }
08-30 15:21:31.552  1845  2281 I InputDispatcher: stylus touch down, set lcd event 1
08-30 15:21:31.552  1845  2281 I InputDispatcher: stylus touch down, set lcd event 1
08-30 15:21:31.552 22014 22014 I InputEvent: (1040,166):(1040,902)0
08-30 15:21:31.553  1845  1883 I HwFalseTouchMonitor: point(1039.5,902.25), orientation:0 not a edge point
08-30 15:21:31.553  1845  1883 I HwFalseTouchMonitor: point(1039.5,902.25), orientation:0 not a edge point
08-30 15:21:31.553 22014 22014 I HwLauncher: SmartDockInputConsumer  init 
08-30 15:21:31.560   908  1814 I dpu_effect: validate:265: modules=10 dispPanelId=0
08-30 15:21:31.560 22014 22014 W SimpleSpringNodeEx: doFrame: index:48 is at equilibrium value:-3826.0
08-30 15:21:31.560 22014 22014 W SimpleSpringNodeEx: doFrame: index:49 is at equilibrium value:-3826.0
08-30 15:21:31.560 22014 22014 W SimpleSpringNodeEx: doFrame: index:37 is at equilibrium value:-3826.0
08-30 15:21:31.563  1534  2342 I ScreemCommon: OnProcessInteracting pid 22014
08-30 15:21:31.566  1502 31809 I GRA_PRIV: the formatType(110) set is(281474976710656)
08-30 15:21:31.566  1502 31809 I GRA_PRIV: the formatType(111) set is(72057594037927936)
08-30 15:21:31.577   908  1814 I dpu_effect: validate:265: modules=10 dispPanelId=0
08-30 15:21:31.577 22014 22014 I InputEvent: Moving, count=1
08-30 15:21:31.577 22014 22014 E HwRecyclerView: invalid scroll, do not onOverScrollStart
08-30 15:21:31.577 22014 22014 I HwLauncher: SmartDockInputConsumer  smartDock is scrolling
08-30 15:21:31.580   530   530 E SELinux : avc:  denied  { find } for service=SamgrService pid=692 uid=0 scontext=u:r:bootanim:s0 tcontext=u:object_r:samgrservice:s0 tclass=service_manager permissive=0
08-30 15:21:31.581  1449  1449 E selinux_dmd: avc:  denied  { find } for dsm=hisi_Q interface=vendor.huawei.hardware.installerhal.mcu::IMcuInstallerHal sid=u:r:system_app:s0 pid=2977 scontext=u:r:system_app:s0 tcontext=u:object_r:default_android_hwservice:s0 tclass=hwservice_manager permissive=0 CMD=com.huawei.otacomposer
08-30 15:21:31.581  1449  1449 E selinux_dmd: avc:  denied  { find } for dsm=hisi_Q service=SamgrService pid=692 uid=0 scontext=u:r:bootanim:s0 tcontext=u:object_r:samgrservice:s0 tclass=service_manager permissive=0 CMD=/system/bin/bootanimation
08-30 15:21:31.582  1502 31809 I GRA_PRIV: the formatType(110) set is(281474976710656)
08-30 15:21:31.582  1502 31809 I GRA_PRIV: the formatType(111) set is(72057594037927936)
08-30 15:21:31.592   901  2094 I smartpakit: [smartpa_algo_control:463]: smartpa_algo_control: enter, cmd = 26
08-30 15:21:31.592   901  2094 I spk_dev_interface: [soc_adsp_send_sync_cmd:275]: enter, in_size 0x2c, out_size 0x0
08-30 15:21:31.593   908  1814 I dpu_effect: validate:265: modules=10 dispPanelId=0
08-30 15:21:31.594 22014 22014 E HwRecyclerView: invalid scroll, do not onOverScrollStart
08-30 15:21:31.594 22014 22014 I HwLauncher: SmartDockInputConsumer  smartDock is scrolling
08-30 15:21:31.598  1502 31809 I GRA_PRIV: the formatType(110) set is(281474976710656)
08-30 15:21:31.598  1502 31809 I GRA_PRIV: the formatType(111) set is(72057594037927936)
08-30 15:21:31.610   908  1814 I dpu_effect: validate:265: modules=10 dispPanelId=0
08-30 15:21:31.610   901   901 I audio_hw_primary: [do_out_standby:242]: standby:0,stream_type:0,out_dev:0x2
08-30 15:21:31.611 22014 22014 E HwRecyclerView: invalid scroll, do not onOverScrollStart
08-30 15:21:31.611 22014 22014 I HwLauncher: SmartDockInputConsumer  smartDock is scrolling
08-30 15:21:31.615  1502 31809 I GRA_PRIV: the formatType(110) set is(281474976710656)
08-30 15:21:31.615  1502 31809 I GRA_PRIV: the formatType(111) set is(72057594037927936)
08-30 15:21:31.624   901   901 I audio_hw_primary: [select_devices:330]: ++ mode[0]
08-30 15:21:31.624   901   901 I audio_hw_primary: [soundtrigger_standing:515]: wakeup path no need to open, standby is 1, mode is 0
08-30 15:21:31.624   901   901 I audio_hw_primary: [select_path:234]: input_source_id 0, output_device_id 0
08-30 15:21:31.624   901   901 I audio_hw_primary: [get_input_route_by_scene:98]: input_source_id 0, output_device_id 0
08-30 15:21:31.624   901   901 W audio_custom: getConfigValue: open dts file failed! May not need in this case
08-30 15:21:31.624   901   901 W audio_custom: record_effect_init: get record_algo_compatible failed, may not need
08-30 15:21:31.624   901   901 I audio_hw_primary: [select_devices:353]: select_devices d:0x2 is:0 or:none ir:none id:0
08-30 15:21:31.624   901   901 I audio_capture_multimic: [set_multi_mic_state:179]: notify hifi set route++ 
08-30 15:21:31.624   901   901 I smartpakit: [is_smartpa_status_need_change:186]: pa_manager->device=2, out_device=0, pa_manager->mode=0, mode=0, same_scene=0, on=0
08-30 15:21:31.624   901   901 I smartpakit: [is_tty_mode:129]: is not tty mode
08-30 15:21:31.624   901   901 I smartpakit: [is_mmi_mode_changed:147]: is not mmi mode
08-30 15:21:31.627   908  1814 I dpu_effect: validate:265: modules=10 dispPanelId=0
08-30 15:21:31.627 22014 22014 E HwRecyclerView: invalid scroll, do not onOverScrollStart
08-30 15:21:31.628 22014 22014 I HwLauncher: SmartDockInputConsumer  smartDock is scrolling
08-30 15:21:31.628   531   531 I hwservicemanager: getTransport: Cannot find entry vendor.huawei.hardware.camera.cdcsvr@1.0::IHwCamCdcSvr/huawei.camera.cdcsvr in either framework or device manifest.
08-30 15:21:31.628 31886 31903 E EvsccService: [ClientCommunication::GetHalService:56]CamerasRecover can not get GetHalService 18 times
08-30 15:21:31.632  1502 31809 I GRA_PRIV: the formatType(110) set is(281474976710656)
08-30 15:21:31.632  1502 31809 I GRA_PRIV: the formatType(111) set is(72057594037927936)
08-30 15:21:31.643 22014 22014 E HwRecyclerView: invalid scroll, do not onOverScrollStart
08-30 15:21:31.644 22014 22014 I HwLauncher: SmartDockInputConsumer  smartDock is scrolling
08-30 15:21:31.650  1502 31809 I GRA_PRIV: the formatType(110) set is(281474976710656)
08-30 15:21:31.650  1502 31809 I GRA_PRIV: the formatType(111) set is(72057594037927936)
08-30 15:21:31.653 22280 24619 E HwLBSService QttffManager: getNlpLastKnownLocation: NETWORK_PROVIDER is NOT enabled.
08-30 15:21:31.659   908  1814 I dpu_effect: validate:265: modules=10 dispPanelId=0
08-30 15:21:31.660 22014 22014 E HwRecyclerView: invalid scroll, do not onOverScrollStart
08-30 15:21:31.660 22014 22014 I HwLauncher: SmartDockInputConsumer  smartDock is scrolling
08-30 15:21:31.666  1502 31809 I GRA_PRIV: the formatType(110) set is(281474976710656)
08-30 15:21:31.666  1502 31809 I GRA_PRIV: the formatType(111) set is(72057594037927936)
08-30 15:21:31.675   531   531 E SELinux : avc:  denied  { find } for interface=vendor.huawei.hardware.installerhal.mcu::IMcuInstallerHal sid=u:r:system_app:s0 pid=2977 scontext=u:r:system_app:s0 tcontext=u:object_r:default_android_hwservice:s0 tclass=hwservice_manager permissive=0
08-30 15:21:31.676  2977  3297 W OTAComposer: McuInstaller::registerMcuService: not found, retry: null
08-30 15:21:31.676  1449  1449 E selinux_dmd: avc:  denied  { find } for dsm=hisi_Q interface=vendor.huawei.hardware.installerhal.mcu::IMcuInstallerHal sid=u:r:system_app:s0 pid=2977 scontext=u:r:system_app:s0 tcontext=u:object_r:default_android_hwservice:s0 tclass=hwservice_manager permissive=0 CMD=com.huawei.otacomposer
08-30 15:21:31.677 22014 22014 E HwRecyclerView: invalid scroll, do not onOverScrollStart
08-30 15:21:31.677 22014 22014 I HwLauncher: SmartDockInputConsumer  smartDock is scrolling
08-30 15:21:31.683  1502 31809 I GRA_PRIV: the formatType(110) set is(281474976710656)
08-30 15:21:31.683  1502 31809 I GRA_PRIV: the formatType(111) set is(72057594037927936)
08-30 15:21:31.693   908  1814 I dpu_effect: validate:265: modules=10 dispPanelId=0
08-30 15:21:31.694 22014 22014 E HwRecyclerView: invalid scroll, do not onOverScrollStart
08-30 15:21:31.694 22014 22014 I HwLauncher: SmartDockInputConsumer  smartDock is scrolling
08-30 15:21:31.696   901   901 I smartpa_chip_control: [smartpa_poweroff:147]: power off l(POWER_OFF_L) succ
08-30 15:21:31.696   901   901 E smartpa_chip_control: [smartpa_poweroff:153]: power off r(POWER_OFF_R) error, ret = -1
08-30 15:21:31.696   901   901 I spk_dev_interface: [soc_adsp_send_sync_cmd:275]: enter, in_size 0x14, out_size 0x0
08-30 15:21:31.697   901   901 I spk_dev_interface: [spk_state_report_event:985]: current speaker is off
08-30 15:21:31.699   901   901 I spk_dev_interface: [spk_state_report_event:998]: successfully, speaker status is 0
08-30 15:21:31.699   901   901 I audio_hw_primary: [soundtrigger_standing:515]: wakeup path no need to open, standby is 1, mode is 0
08-30 15:21:31.699   901   901 I audio_hw_primary: [soundtrigger_standing:515]: wakeup path no need to open, standby is 1, mode is 0
08-30 15:21:31.699  1502 31809 I GRA_PRIV: the formatType(110) set is(281474976710656)
08-30 15:21:31.699  1502 31809 I GRA_PRIV: the formatType(111) set is(72057594037927936)
08-30 15:21:31.700   901   901 I audio_pop: [pop_power_ctrl:463]: pop change AUDIO_8PA_DN_SWITCH ENABLE dir 0
08-30 15:21:31.701   901   901 I audio_pop: [pop_power_ctrl:463]: pop change I2S1_TX_TDM256_SWITCH ENABLE dir 0
08-30 15:21:31.701   901   901 I audio_pop: [pop_power_ctrl:463]: pop change ASP_CODEC_IV_8PA_SWITCH ENABLE dir 0
08-30 15:21:31.701   901   901 I audio_capture_multimic: [set_multi_mic_state:179]: notify hifi set route++ 
08-30 15:21:31.701   901   901 I smartpakit: [is_smartpa_status_need_change:186]: pa_manager->device=2, out_device=0, pa_manager->mode=0, mode=0, same_scene=0, on=1
08-30 15:21:31.701   901   901 I smartpakit: [is_tty_mode:129]: is not tty mode
08-30 15:21:31.701   901   901 I smartpakit: [is_mmi_mode_changed:147]: is not mmi mode
08-30 15:21:31.701   901   901 I audio_voip_algo: [update_voip_algo_status:226]: voip_algo.in_ap: 0, device: 0x0
08-30 15:21:31.701   901   901 I audio_hw_primary: [select_devices:372]: --
08-30 15:21:31.702   901   901 I alg_chain: [remove_all_modules:305]: removing all 1 module(s)
08-30 15:21:31.702   901   901 I alg_chain: [destroy_module_node:176]: destroying module module pop
08-30 15:21:31.702   901   901 I falling_pop_elim: pop_device_close succeed, output_type 0
08-30 15:21:31.702   901   901 I module_pop: [module_pop_release:256]: module pop release
08-30 15:21:31.702   901   901 I alg_chain: [remove_all_modules:318]: 0 module(s) left after remove
08-30 15:21:31.702   901   901 I alg_chain: [remove_all_module_buffers:390]: removing all 1 buffer(s)
08-30 15:21:31.702   901   901 I alg_chain: [remove_all_module_buffers:402]: 0 buffer(s) left after remove
08-30 15:21:31.702   901   901 I alg_chain: [remove_all_module_buffers:390]: removing all 0 buffer(s)
08-30 15:21:31.702   901   901 I alg_chain: [remove_all_module_buffers:402]: 0 buffer(s) left after remove
08-30 15:21:31.702   901   901 I sound_trigger_interface_adapter: [sound_trigger_set_status_changed:231]: is_stream_existed:0, out_device:2, mode:0
08-30 15:21:31.702   901   901 I sound_trigger_extension_config: [has_extension_soc_enable_features:453]: no scene of soundtrigger run on socdsp when out device 2, stream type 0
08-30 15:21:31.702   901   901 I sound_trigger_switch: [set_wakeup_scene:98]: enter
08-30 15:21:31.702   901   901 I sound_trigger_switch: [update_sound_trigger_mode:169]: sound_trigger_soc_normal_enable: false
08-30 15:21:31.702   927  2109 I AudioFlinger: releaseWakeLock_l() again filed for no exit lock AudioOut_D
08-30 15:21:31.702   927  2109 I AudioFlinger: releaseWakeLock_l() AudioOut_D mPowerManager(1) mWakeLockToken 0x77b0c93a60 
08-30 15:21:31.702   927  2109 I AudioFlinger: thread 0x77b0d3efc0 type 0 TID 2109 going to sleep
08-30 15:21:31.703  1845 17063 I PowerMS : release:L=261053426,F=0x0,T=AudioMix,N=audioserver,WS=null,U=1041,P=0
08-30 15:21:31.711 22014 22014 E HwLauncher: SmartDockChain getCurrentRate: get rate from curve chain failed. index = 19, rate = 1.0
08-30 15:21:31.711 22014 22014 I HwLauncher: SmartDockInputConsumer  smartDock is scrolling
08-30 15:21:31.715  1502 31809 I GRA_PRIV: the formatType(110) set is(281474976710656)
08-30 15:21:31.716  1502 31809 I GRA_PRIV: the formatType(111) set is(72057594037927936)
08-30 15:21:31.726   908  1814 I dpu_effect: validate:265: modules=10 dispPanelId=0
08-30 15:21:31.727 22014 22014 E HwLauncher: SmartDockChain getCurrentRate: get rate from curve chain failed. index = 19, rate = 1.0
08-30 15:21:31.727 22014 22014 I HwLauncher: SmartDockInputConsumer  smartDock is scrolling
08-30 15:21:31.730   531   531 I hwservicemanager: getTransport: Cannot find entry vendor.huawei.hardware.camera.cdcsvr@1.0::IHwCamCdcSvr/huawei.camera.cdcsvr in either framework or device manifest.
08-30 15:21:31.731 31886 31903 E EvsccService: [ClientCommunication::GetHalService:56]CamerasRecover can not get GetHalService 19 times
08-30 15:21:31.732  1502 31809 I GRA_PRIV: the formatType(110) set is(281474976710656)
08-30 15:21:31.732  1502 31809 I GRA_PRIV: the formatType(111) set is(72057594037927936)
08-30 15:21:31.744 22014 22014 E HwLauncher: SmartDockChain getCurrentRate: get rate from curve chain failed. index = 19, rate = 1.0
08-30 15:21:31.744 22014 22014 I HwLauncher: SmartDockInputConsumer  smartDock is scrolling
08-30 15:21:31.750  1502 31809 I GRA_PRIV: the formatType(110) set is(281474976710656)
08-30 15:21:31.750  1502 31809 I GRA_PRIV: the formatType(111) set is(72057594037927936)
08-30 15:21:31.754  1845  2281 I PowerMS : userActivity:eventTime=15244324,event=2,flags=0x0,uid=1000
08-30 15:21:31.759   908  1814 I dpu_effect: validate:265: modules=10 dispPanelId=0
08-30 15:21:31.761 22014 22014 E HwLauncher: SmartDockChain getCurrentRate: get rate from curve chain failed. index = 19, rate = 1.0
08-30 15:21:31.761 22014 22014 I HwLauncher: SmartDockInputConsumer  smartDock is scrolling
08-30 15:21:31.765  1502 31809 I GRA_PRIV: the formatType(110) set is(281474976710656)
08-30 15:21:31.765  1502 31809 I GRA_PRIV: the formatType(111) set is(72057594037927936)
08-30 15:21:31.777 22014 22014 E HwLauncher: SmartDockChain getCurrentRate: get rate from curve chain failed. index = 19, rate = 1.0
08-30 15:21:31.777 22014 22014 I HwLauncher: SmartDockInputConsumer  smartDock is scrolling
08-30 15:21:31.782  1502 31809 I GRA_PRIV: the formatType(110) set is(281474976710656)
08-30 15:21:31.782  1502 31809 I GRA_PRIV: the formatType(111) set is(72057594037927936)
08-30 15:21:31.786  1151  1151 I aptouch_daemon: print_log, touch:0, down:0 
08-30 15:21:31.786  1845  2282 I InputReader: UL_Input last up(192,942)
08-30 15:21:31.786  1845  2282 I HwFingersSnapshooter: handleMotionEvent last finger(0) up.
08-30 15:21:31.787  1845  2281 I InputDispatcher: stylus touch up, set lcd event 0
08-30 15:21:31.787  1845  2281 I chatty  : uid=1000(system) InputDispatcher identical 2 lines
08-30 15:21:31.787  1845  2281 I InputDispatcher: stylus touch up, set lcd event 0
08-30 15:21:31.787 22014 22014 E HwLauncher: SmartDockChain getCurrentRate: get rate from curve chain failed. index = 19, rate = 1.0
08-30 15:21:31.788 22014 22014 I InputEvent: (193,206):(193,942)1
08-30 15:21:31.788  1845  1883 I NavigationBarPolicy: onFling::Gest_Navigation_Enable, return! 
08-30 15:21:31.789 22014 22014 I HwLauncher: SmartDockInputConsumer  smartDock is scrolling
08-30 15:21:31.789  1845  1855 I system_server: jit_compiled:[OK] void android.rms.iaware.DynBufManagerImpl.beginFling(boolean, int) @ /system/framework/hwPartIaware.jar
08-30 15:21:31.792   908  1814 I dpu_effect: validate:265: modules=10 dispPanelId=0
08-30 15:21:31.798  1502 31809 I GRA_PRIV: the formatType(110) set is(281474976710656)
08-30 15:21:31.798  1502 31809 I GRA_PRIV: the formatType(111) set is(72057594037927936)
08-30 15:21:31.814  1502 31809 I GRA_PRIV: the formatType(110) set is(281474976710656)
08-30 15:21:31.814  1502 31809 I GRA_PRIV: the formatType(111) set is(72057594037927936)
08-30 15:21:31.826   908  1814 I dpu_effect: validate:265: modules=10 dispPanelId=0
08-30 15:21:31.832 31886 31903 I HiView  : Begin report 953210005
08-30 15:21:31.832  1502 31809 I GRA_PRIV: the formatType(110) set is(281474976710656)
08-30 15:21:31.832  1502 31809 I GRA_PRIV: the formatType(111) set is(72057594037927936)
08-30 15:21:31.832 31886 31903 I HiEvent : Flatten done: 953210005
08-30 15:21:31.832 31886 31903 I EvsccService: [ClientCommunication::GetCameraService:74]CamerasRecover GetCameraService start
08-30 15:21:31.835 31886 31903 I EvsccService: [ClientCommunication::GetCameraService:94]CamerasRecover GetCameraService success
08-30 15:21:31.835 31886 31903 I EvsccService: [PhysicCamera::GetCameraList:273]GetCameraList in.
08-30 15:21:31.835 31886 31903 I EvsccService: [PhysicCamera::GetCameraList:287]GetCameraList out.
08-30 15:21:31.835 31886 31903 E EvsccService: [EvsCameraRecover::GetEvsCamerId:105]CamerasRecover GetEvsCamerId error
08-30 15:21:31.836 31886 31907 I EvsccService: [EvsCameraRecover::IsRecoverCamera:226]=== CamerasRecover IsRecoverCamera waiting begin ===
08-30 15:21:31.836 31886 31903 I EvsccService: [EvsCameraRecover::Init:157]CamerasRecover Init success
08-30 15:21:31.836 31886 31908 I EvsccService: [EvsCameraRecover::RecoverCamera:265]=== CamerasRecover RecoverCamera waiting start ===
08-30 15:21:31.836 31886 31903 I EvsccService: [EVS_CC::InitCameraRevocer:53]CamerasRecover init success.
08-30 15:21:31.836 31886 31903 I EvsccService: [BinderManager::Init:104]start.
08-30 15:21:31.836 31886 31903 I EvsccService: [ICameraStream::ICameraStream:27]start construct ICameraStream
08-30 15:21:31.836 31886 31903 I EvsccService: [BinderManager::GetCameraInstance:286]the test info state:0
08-30 15:21:31.836 31886 31903 I EvsccService: [Enumerator::init:20]init
08-30 15:21:31.837   531   531 I hwservicemanager: getTransport: Cannot find entry android.hardware.automotive.evs@1.0::IEvsEnumerator/EvsEnumeratorHw in either framework or device manifest.
08-30 15:21:31.837 31886 31903 E EvsccService: [Enumerator::init:28]Get EvsEnumeratorHw service failed!
08-30 15:21:31.849  1502 31809 I GRA_PRIV: the formatType(110) set is(281474976710656)
08-30 15:21:31.849  1502 31809 I GRA_PRIV: the formatType(111) set is(72057594037927936)
08-30 15:21:31.849  1845 17063 I PackageManager: generatePackageInfo error, user not exists:1210096
08-30 15:21:31.859   908  1814 I dpu_effect: validate:265: modules=10 dispPanelId=0
08-30 15:21:31.865  1502 31809 I GRA_PRIV: the formatType(110) set is(281474976710656)
08-30 15:21:31.865  1502 31809 I GRA_PRIV: the formatType(111) set is(72057594037927936)
08-30 15:21:31.876   908  1814 I dpu_effect: validate:265: modules=10 dispPanelId=0
08-30 15:21:31.884  1502 31809 I GRA_PRIV: the formatType(110) set is(281474976710656)
08-30 15:21:31.884  1502 31809 I GRA_PRIV: the formatType(111) set is(72057594037927936)
08-30 15:21:31.892   908  1814 I dpu_effect: validate:265: modules=10 dispPanelId=0
08-30 15:21:31.898  1502 31809 I GRA_PRIV: the formatType(110) set is(281474976710656)
08-30 15:21:31.898  1502 31809 I GRA_PRIV: the formatType(111) set is(72057594037927936)
08-30 15:21:31.909   908  1814 I dpu_effect: validate:265: modules=10 dispPanelId=0
08-30 15:21:31.914  3773  3922 I AppManager: dependence has been existed:2991 -> 25595
08-30 15:21:31.915  1502 31809 I GRA_PRIV: the formatType(110) set is(281474976710656)
08-30 15:21:31.915  1502 31809 I GRA_PRIV: the formatType(111) set is(72057594037927936)
08-30 15:21:31.926   908  1814 I dpu_effect: validate:265: modules=10 dispPanelId=0
08-30 15:21:31.930  1502 31809 I GRA_PRIV: the formatType(110) set is(281474976710656)
08-30 15:21:31.930  1502 31809 I GRA_PRIV: the formatType(111) set is(72057594037927936)
08-30 15:21:31.942   908  1814 I dpu_effect: validate:265: modules=10 dispPanelId=0
08-30 15:21:31.948  1502 31809 I GRA_PRIV: the formatType(110) set is(281474976710656)
08-30 15:21:31.948  1502 31809 I GRA_PRIV: the formatType(111) set is(72057594037927936)
08-30 15:21:31.959   908  1814 I dpu_effect: validate:265: modules=10 dispPanelId=0
08-30 15:21:31.964  1502 31809 I GRA_PRIV: the formatType(110) set is(281474976710656)
08-30 15:21:31.964  1502 31809 I GRA_PRIV: the formatType(111) set is(72057594037927936)
08-30 15:21:31.975   908  1814 I dpu_effect: validate:265: modules=10 dispPanelId=0
08-30 15:21:31.981  1502 31809 I GRA_PRIV: the formatType(110) set is(281474976710656)
08-30 15:21:31.981  1502 31809 I GRA_PRIV: the formatType(111) set is(72057594037927936)
08-30 15:21:31.992   908  1814 I dpu_effect: validate:265: modules=10 dispPanelId=0
08-30 15:21:32.000  1502 31809 I GRA_PRIV: the formatType(110) set is(281474976710656)
08-30 15:21:32.000  1502 31809 I GRA_PRIV: the formatType(111) set is(72057594037927936)
08-30 15:21:32.008   908  1814 I dpu_effect: validate:265: modules=10 dispPanelId=0
08-30 15:21:32.015  1502 31809 I GRA_PRIV: the formatType(110) set is(281474976710656)
08-30 15:21:32.015  1502 31809 I GRA_PRIV: the formatType(111) set is(72057594037927936)
08-30 15:21:32.025   908  1814 I dpu_effect: validate:265: modules=10 dispPanelId=0
08-30 15:21:32.031  1502 31809 I GRA_PRIV: the formatType(110) set is(281474976710656)
08-30 15:21:32.031  1502 31809 I GRA_PRIV: the formatType(111) set is(72057594037927936)
08-30 15:21:32.037   531   531 I hwservicemanager: getTransport: Cannot find entry android.hardware.automotive.evs@1.0::IEvsEnumerator/EvsEnumeratorHw in either framework or device manifest.
08-30 15:21:32.038 31886 31903 E EvsccService: [Enumerator::init:28]Get EvsEnumeratorHw service failed!
08-30 15:21:32.038  1845 26638 I SysSvcCallUtils: reocrd enable
08-30 15:21:32.039  1845 26638 I LocationManagerService: remove 90b739e
08-30 15:21:32.041  1845 26638 I LocationManagerService: requestingHighPowerLocation = false
08-30 15:21:32.041  1845 26638 I ActivityManager_broadcast: sendBroadcast,caller:ProcessRecord{57f1dbf 0:system/1000},act:android.location.LOCATION_REQUEST_CHANGE_ACTION,rep:false,ord:false,cmp:false,mftNum:0,rgtNum:0
08-30 15:21:32.042   908  1814 I dpu_effect: validate:265: modules=10 dispPanelId=0
08-30 15:21:32.042  1845 26638 I LocationManagerService: isCurrentProfileLocked fail UpdateRecord[passive android(1000 foreground) Request[POWER_NONE passive fastest=0] null
08-30 15:21:32.042  1845 26638 I LocationManagerService: 
08-30 15:21:32.042  1845 26638 I LocationManagerService: java.lang.Throwable
08-30 15:21:32.042  1845 26638 I LocationManagerService: 	at com.android.server.LocationManagerService$UpdateRecord.<init>(LocationManagerService.java:2674)
08-30 15:21:32.042  1845 26638 I LocationManagerService: 	at com.android.server.LocationManagerService$UpdateRecord.<init>(LocationManagerService.java:2652)
08-30 15:21:32.042  1845 26638 I LocationManagerService: 	at com.android.server.LocationManagerService.requestLocationUpdatesLocked(LocationManagerService.java:2956)
08-30 15:21:32.042  1845 26638 I LocationManagerService: 	at com.android.server.LocationManagerService.requestLocationUpdates(LocationManagerService.java:2927)
08-30 15:21:32.042  1845 26638 I LocationManagerService: 	at android.location.LocationManager.requestLocationUpdates(LocationManager.java:1038)
08-30 15:21:32.042  1845 26638 I LocationManagerService: 	at android.location.LocationManager.requestLocationUpdates(LocationManager.java:955)
08-30 15:21:32.042  1845 26638 I LocationManagerService: 	at com.android.server.location.GnssLocationProvider$ProviderHandler.handleInitialize(GnssLocationProvider.java:2727)
08-30 15:21:32.042  1845 26638 I LocationManagerService: 	at com.android.server.location.GnssLocationProvider$ProviderHandler.handleMessage(GnssLocationProvider.java:2636)
08-30 15:21:32.042  1845 26638 I LocationManagerService: 	at android.os.Handler.dispatchMessage(Handler.java:110)
08-30 15:21:32.042  1845 26638 I LocationManagerService: 	at android.os.Looper.loop(Looper.java:219)
08-30 15:21:32.042  1845 26638 I LocationManagerService: 	at android.os.HandlerThread.run(HandlerThread.java:67)
08-30 15:21:32.042  1845 26638 I LocationManagerService: 	at com.huawei.android.server.ServiceThreadEx.run(ServiceThreadEx.java:45)
08-30 15:21:32.042  1845 26638 I LocationManagerService: 
08-30 15:21:32.042  1845 26638 I LocationManagerService: ]
08-30 15:21:32.043  1845 26638 I LocationManagerService: isCurrentProfileLocked fail UpdateRecord[passive android(1000 foreground) Request[POWER_NONE passive fastest=+30m0s0ms] null
08-30 15:21:32.043  1845 26638 I LocationManagerService: 
08-30 15:21:32.043  1845 26638 I LocationManagerService: java.lang.Throwable
08-30 15:21:32.043  1845 26638 I LocationManagerService: 	at com.android.server.LocationManagerService$UpdateRecord.<init>(LocationManagerService.java:2674)
08-30 15:21:32.043  1845 26638 I LocationManagerService: 	at com.android.server.LocationManagerService$UpdateRecord.<init>(LocationManagerService.java:2652)
08-30 15:21:32.043  1845 26638 I LocationManagerService: 	at com.android.server.LocationManagerService.requestLocationUpdatesLocked(LocationManagerService.java:2956)
08-30 15:21:32.043  1845 26638 I LocationManagerService: 	at com.android.server.LocationManagerService.requestLocationUpdates(LocationManagerService.java:2927)
08-30 15:21:32.043  1845 26638 I LocationManagerService: 	at android.location.LocationManager.requestLocationUpdates(LocationManager.java:1038)
08-30 15:21:32.043  1845 26638 I LocationManagerService: 	at android.location.LocationManager.requestLocationUpdates(LocationManager.java:577)
08-30 15:21:32.043  1845 26638 I LocationManagerService: 	at com.android.server.SensorNotificationService.onBootPhase(SensorNotificationService.java:91)
08-30 15:21:32.043  1845 26638 I LocationManagerService: 	at com.android.server.SystemServiceManager.startBootPhase(SystemServiceManager.java:199)
08-30 15:21:32.043  1845 26638 I LocationManagerService: 	at com.android.server.am.ActivityManagerService.finishBooting(ActivityManagerService.java:5980)
08-30 15:21:32.043  1845 26638 I LocationManagerService: 	at com.android.server.am.ActivityManagerService.bootAnimationComplete(ActivityManagerService.java:6044)
08-30 15:21:32.043  1845 26638 I LocationManagerService: 	at com.android.server.wm.WindowManagerService.performEnableScreen(WindowManagerService.java:4168)
08-30 15:21:32.043  1845 26638 I LocationManagerService: 	at com.android.server.wm.WindowManagerService.performBootTimeout(WindowManagerService.java:4047)
08-30 15:21:32.043  1845 26638 I LocationManagerService: 	at com.android.server.wm.WindowManagerService$H.handleMessage(WindowManagerService.java:5731)
08-30 15:21:32.043  1845 26638 I LocationManagerService: 	at android.os.Handler.dispatchMessage(Handler.java:110)
08-30 15:21:32.043  1845 26638 I LocationManagerService: 	at android.os.Looper.loop(Looper.java:219)
08-30 15:21:32.043  1845 26638 I LocationManagerService: 	at android.os.HandlerThread.run(HandlerThread.java:67)
08-30 15:21:32.043  1845 26638 I LocationManagerService: 	at com.android.server.ServiceThread.run(ServiceThread.java:44)
08-30 15:21:32.043  1845 26638 I LocationManagerService: 
08-30 15:21:32.043  1845 26638 I LocationManagerService: ]
08-30 15:21:32.044  1845 31909 I SysSvcCallUtils: reocrd enable
08-30 15:21:32.048  1502 31809 I GRA_PRIV: the formatType(110) set is(281474976710656)
08-30 15:21:32.049  1502 31809 I GRA_PRIV: the formatType(111) set is(72057594037927936)
08-30 15:21:32.058   908  1814 I dpu_effect: validate:265: modules=10 dispPanelId=0
08-30 15:21:32.064  1502 31809 I GRA_PRIV: the formatType(110) set is(281474976710656)
08-30 15:21:32.064  1502 31809 I GRA_PRIV: the formatType(111) set is(72057594037927936)
08-30 15:21:32.075   908  1814 I dpu_effect: validate:265: modules=10 dispPanelId=0
08-30 15:21:32.082  1502 31809 I GRA_PRIV: the formatType(110) set is(281474976710656)
08-30 15:21:32.082  1502 31809 I GRA_PRIV: the formatType(111) set is(72057594037927936)
08-30 15:21:32.091   908  1814 I dpu_effect: validate:265: modules=10 dispPanelId=0
08-30 15:21:32.098  1502 31809 I GRA_PRIV: the formatType(110) set is(281474976710656)
08-30 15:21:32.098  1502 31809 I GRA_PRIV: the formatType(111) set is(72057594037927936)
08-30 15:21:32.114  1502 31809 I GRA_PRIV: the formatType(110) set is(281474976710656)
08-30 15:21:32.114  1502 31809 I GRA_PRIV: the formatType(111) set is(72057594037927936)
08-30 15:21:32.124   908  1814 I dpu_effect: validate:265: modules=10 dispPanelId=0
08-30 15:21:32.131  1502 31809 I GRA_PRIV: the formatType(110) set is(281474976710656)
08-30 15:21:32.131  1502 31809 I GRA_PRIV: the formatType(111) set is(72057594037927936)
08-30 15:21:32.146  1502 31809 I GRA_PRIV: the formatType(110) set is(281474976710656)
08-30 15:21:32.146  1502 31809 I GRA_PRIV: the formatType(111) set is(72057594037927936)
08-30 15:21:32.158   908  1814 I dpu_effect: validate:265: modules=10 dispPanelId=0
08-30 15:21:32.164  1502 31809 I GRA_PRIV: the formatType(110) set is(281474976710656)
08-30 15:21:32.164  1502 31809 I GRA_PRIV: the formatType(111) set is(72057594037927936)
08-30 15:21:32.177   531   531 E SELinux : avc:  denied  { find } for interface=vendor.huawei.hardware.installerhal.mcu::IMcuInstallerHal sid=u:r:system_app:s0 pid=2977 scontext=u:r:system_app:s0 tcontext=u:object_r:default_android_hwservice:s0 tclass=hwservice_manager permissive=0
08-30 15:21:32.177  2977  3297 W OTAComposer: McuInstaller::registerMcuService: not found, retry: null
08-30 15:21:32.181  1502 31809 I GRA_PRIV: the formatType(110) set is(281474976710656)
08-30 15:21:32.181  1502 31809 I GRA_PRIV: the formatType(111) set is(72057594037927936)
08-30 15:21:32.191   908  1814 I dpu_effect: validate:265: modules=10 dispPanelId=0
08-30 15:21:32.194  1845  2353 I TrafficMonitor: update:rxPkts:6,txPkts:5,rxBytes:307,txBytes:255
08-30 15:21:32.194  1845  2353 I TrafficMonitor: gettimer:interval=2000
08-30 15:21:32.198  1502 31809 I GRA_PRIV: the formatType(110) set is(281474976710656)
08-30 15:21:32.198  1502 31809 I GRA_PRIV: the formatType(111) set is(72057594037927936)
08-30 15:21:32.216  1502 31809 I GRA_PRIV: the formatType(110) set is(281474976710656)
08-30 15:21:32.216  1502 31809 I GRA_PRIV: the formatType(111) set is(72057594037927936)
08-30 15:21:32.224   908  1814 I dpu_effect: validate:265: modules=10 dispPanelId=0
08-30 15:21:32.231  1502 31809 I GRA_PRIV: the formatType(110) set is(281474976710656)
08-30 15:21:32.231  1502 31809 I GRA_PRIV: the formatType(111) set is(72057594037927936)
08-30 15:21:32.238   531   531 I hwservicemanager: getTransport: Cannot find entry android.hardware.automotive.evs@1.0::IEvsEnumerator/EvsEnumeratorHw in either framework or device manifest.
08-30 15:21:32.239 31886 31903 E EvsccService: [Enumerator::init:28]Get EvsEnumeratorHw service failed!
08-30 15:21:32.246  1502 31809 I GRA_PRIV: the formatType(110) set is(281474976710656)
08-30 15:21:32.246  1502 31809 I GRA_PRIV: the formatType(111) set is(72057594037927936)
08-30 15:21:32.257   908  1814 I dpu_effect: validate:265: modules=10 dispPanelId=0
08-30 15:21:32.264  1502 31809 I GRA_PRIV: the formatType(110) set is(281474976710656)
08-30 15:21:32.264  1502 31809 I GRA_PRIV: the formatType(111) set is(72057594037927936)
08-30 15:21:32.267  1845  1915 I HwAmbientLuxFilterAlgo: t=15244838,lx=[2388.9001/15243439, 2390.0/15243718, 2388.9001/15243998, 2389.4001/15244279, 2387.7/15244558, 2388.4001/15244838],mLx=2391.0,mOffLux=0.0,s=5.0,ss=2.0339814E-4,Avened=false,mPxs=false,mTPxs=false,mBLux=3380.0,mDlux=1200.0,mDt=4000,mBt=1000,mMax=2391.0,mMin=2391.0,mu=0.0,sMax=2391.0,sMin=2391.0
08-30 15:21:32.283  1502 31809 I GRA_PRIV: the formatType(110) set is(281474976710656)
08-30 15:21:32.283  1502 31809 I GRA_PRIV: the formatType(111) set is(72057594037927936)
08-30 15:21:32.291   908  1814 I dpu_effect: validate:265: modules=10 dispPanelId=0
08-30 15:21:32.297  1502 31809 I GRA_PRIV: the formatType(110) set is(281474976710656)
08-30 15:21:32.297  1502 31809 I GRA_PRIV: the formatType(111) set is(72057594037927936)
08-30 15:21:32.313  1502 31809 I GRA_PRIV: the formatType(110) set is(281474976710656)
08-30 15:21:32.313  1502 31809 I GRA_PRIV: the formatType(111) set is(72057594037927936)
08-30 15:21:32.324   908  1814 I dpu_effect: validate:265: modules=10 dispPanelId=0
08-30 15:21:32.330  1502 31809 I GRA_PRIV: the formatType(110) set is(281474976710656)
08-30 15:21:32.330  1502 31809 I GRA_PRIV: the formatType(111) set is(72057594037927936)
08-30 15:21:32.342 22014 22014 W SimpleSpringNodeEx: doFrame: index:48 is at equilibrium value:331.0
08-30 15:21:32.342 22014 22014 W SimpleSpringNodeEx: doFrame: index:46 is at equilibrium value:331.0
08-30 15:21:32.348  1502 31809 I GRA_PRIV: the formatType(110) set is(281474976710656)
08-30 15:21:32.348  1502 31809 I GRA_PRIV: the formatType(111) set is(72057594037927936)
08-30 15:21:32.357   908  1814 I dpu_effect: validate:265: modules=10 dispPanelId=0
08-30 15:21:32.363  1502 31809 I GRA_PRIV: the formatType(110) set is(281474976710656)
08-30 15:21:32.363  1502 31809 I GRA_PRIV: the formatType(111) set is(72057594037927936)
08-30 15:21:32.383  1502 31809 I GRA_PRIV: the formatType(110) set is(281474976710656)
08-30 15:21:32.383  1502 31809 I GRA_PRIV: the formatType(111) set is(72057594037927936)
08-30 15:21:32.390   908  1814 I dpu_effect: validate:265: modules=10 dispPanelId=0
08-30 15:21:32.397  1502 31809 I GRA_PRIV: the formatType(110) set is(281474976710656)
08-30 15:21:32.397  1502 31809 I GRA_PRIV: the formatType(111) set is(72057594037927936)
08-30 15:21:32.407   908  1814 I dpu_effect: validate:265: modules=10 dispPanelId=0
08-30 15:21:32.412  2288  2288 W HIGNSS  : MGR:W/MGR       : timer(29) already start
08-30 15:21:32.414  1502 31809 I GRA_PRIV: the formatType(110) set is(281474976710656)
08-30 15:21:32.414  1502 31809 I GRA_PRIV: the formatType(111) set is(72057594037927936)
08-30 15:21:32.414  2288  2288 W HIGNSS  : LS:[LSQ_SOLUTION] satellite num: 0 < 4
08-30 15:21:32.415  2288  2288 W HIGNSS  : CHR:[TCXO-BIAS-CHANGE] time: 1830, cnt: 60, valid: 0, freq_bias:0.000000, tempr:0.000000, sats_num: 0, qop: 0
08-30 15:21:32.420  2288  2288 W HIGNSS  : FUS:fusion results invalid, flag = 0!
08-30 15:21:32.421  2288  2288 W HIGNSS  : PE_CDPP:[NORMAL]location check failed, cdpp can not be done!
08-30 15:21:32.422  2288  2288 W HIGNSS  : PE_MSA:[MSA_SELECT]the num of sat can be reported is less than 4, report all valid data!
08-30 15:21:32.422  2288  2288 W HIGNSS  : PE_MSA:[MSA-DOPPLER]No location and no acq data, not do doppler consistence!
08-30 15:21:32.422  2288  2288 W HIGNSS  : PE_MSA:[MSA-REPORT] no gnss msr data to be report!
08-30 15:21:32.424  2288  2322 W HIGNSS  : CTL:can't find dst, 0x11110021
08-30 15:21:32.424   905  3244 I HIGNSS_ADAPTER: ReportHignssNmea success, count: 35, length: 1821
08-30 15:21:32.425  1845  4960 I         : HwGnssLocationProviderJNI: callback 2.0 send_svInfor is called .
08-30 15:21:32.425   908  1814 I dpu_effect: validate:265: modules=10 dispPanelId=0
08-30 15:21:32.426   905  3244 I HIGNSS_ADAPTER: ReportHignssSvStatus success!
08-30 15:21:32.426   905  3244 W HIGNSS_ADAPTER: measurement callback is not inited!
08-30 15:21:32.430  1502 31809 I GRA_PRIV: the formatType(110) set is(281474976710656)
08-30 15:21:32.430  1502 31809 I GRA_PRIV: the formatType(111) set is(72057594037927936)
08-30 15:21:32.432  3090  3315 I JsonProtocolManager: bindService = false
08-30 15:21:32.432  3090  3315 I JsonProtocolManager: JsonClient version = 3.2.0.20190521 package = com.huawei.intelligencehap
08-30 15:21:32.432  3090  3315 I JsonProtocolManager: init end
08-30 15:21:32.432  3090  3327 I VoiceNavigationClient: bind controller service false
08-30 15:21:32.440   531   531 I hwservicemanager: getTransport: Cannot find entry android.hardware.automotive.evs@1.0::IEvsEnumerator/EvsEnumeratorHw in either framework or device manifest.
08-30 15:21:32.440 31886 31903 E EvsccService: [Enumerator::init:28]Get EvsEnumeratorHw service failed!
08-30 15:21:32.441 22014 22014 W SimpleSpringNodeEx: doFrame: index:49 is at equilibrium value:332.0
08-30 15:21:32.441 22014 22014 W SimpleSpringNodeEx: doFrame: index:45 is at equilibrium value:332.0
08-30 15:21:32.447  1502 31809 I GRA_PRIV: the formatType(110) set is(281474976710656)
08-30 15:21:32.447  1502 31809 I GRA_PRIV: the formatType(111) set is(72057594037927936)
08-30 15:21:32.457   908  1814 I dpu_effect: validate:265: modules=10 dispPanelId=0
08-30 15:21:32.463  1502 31809 I GRA_PRIV: the formatType(110) set is(281474976710656)
08-30 15:21:32.464  1502 31809 I GRA_PRIV: the formatType(111) set is(72057594037927936)
08-30 15:21:32.474   908  1814 I dpu_effect: validate:265: modules=10 dispPanelId=0
08-30 15:21:32.474 22014 22014 W SimpleSpringNodeEx: doFrame: index:48 is at equilibrium value:332.0
08-30 15:21:32.474 22014 22014 W SimpleSpringNodeEx: doFrame: index:46 is at equilibrium value:332.0
08-30 15:21:32.474 22014 22014 W SimpleSpringNodeEx: doFrame: index:50 is at equilibrium value:332.0
08-30 15:21:32.474 22014 22014 W SimpleSpringNodeEx: doFrame: index:44 is at equilibrium value:332.0
08-30 15:21:32.480  1502 31809 I GRA_PRIV: the formatType(110) set is(281474976710656)
08-30 15:21:32.480  1502 31809 I GRA_PRIV: the formatType(111) set is(72057594037927936)
08-30 15:21:32.495  1502 31809 I GRA_PRIV: the formatType(110) set is(281474976710656)
08-30 15:21:32.495  1502 31809 I GRA_PRIV: the formatType(111) set is(72057594037927936)
08-30 15:21:32.506   908  1814 I dpu_effect: validate:265: modules=10 dispPanelId=0
08-30 15:21:32.507 22014 22014 W SimpleSpringNodeEx: doFrame: index:51 is at equilibrium value:332.0
08-30 15:21:32.507 22014 22014 W SimpleSpringNodeEx: doFrame: index:43 is at equilibrium value:332.0
08-30 15:21:32.513  1502 31809 I GRA_PRIV: the formatType(110) set is(281474976710656)
08-30 15:21:32.513  1502 31809 I GRA_PRIV: the formatType(111) set is(72057594037927936)
08-30 15:21:32.523   908  1814 I dpu_effect: validate:265: modules=10 dispPanelId=0
08-30 15:21:32.529  1502 31809 I GRA_PRIV: the formatType(110) set is(281474976710656)
08-30 15:21:32.529  1502 31809 I GRA_PRIV: the formatType(111) set is(72057594037927936)
08-30 15:21:32.540   908  1814 I dpu_effect: validate:265: modules=10 dispPanelId=0
08-30 15:21:32.540 22014 22014 W SimpleSpringNodeEx: doFrame: index:52 is at equilibrium value:332.0
08-30 15:21:32.540 22014 22014 W SimpleSpringNodeEx: doFrame: index:42 is at equilibrium value:332.0
08-30 15:21:32.546  1502 31809 I GRA_PRIV: the formatType(110) set is(281474976710656)
08-30 15:21:32.546  1502 31809 I GRA_PRIV: the formatType(111) set is(72057594037927936)
08-30 15:21:32.557   908  1814 I dpu_effect: validate:265: modules=10 dispPanelId=0
08-30 15:21:32.563  1502 31809 I GRA_PRIV: the formatType(110) set is(281474976710656)
08-30 15:21:32.563  1502 31809 I GRA_PRIV: the formatType(111) set is(72057594037927936)
08-30 15:21:32.574 22014 22014 W SimpleSpringNodeEx: doFrame: index:53 is at equilibrium value:332.0
08-30 15:21:32.574 22014 22014 W SimpleSpringNodeEx: doFrame: index:41 is at equilibrium value:332.0
08-30 15:21:32.578  1502 31809 I GRA_PRIV: the formatType(110) set is(281474976710656)
08-30 15:21:32.579  1502 31809 I GRA_PRIV: the formatType(111) set is(72057594037927936)
08-30 15:21:32.579  1502 31813 I VENC    : VIDEO:[VencRcPicLogLambdaQP]:[218] small frame cnt 11 large frame cnt 2
08-30 15:21:32.581   530   530 E SELinux : avc:  denied  { find } for service=SamgrService pid=692 uid=0 scontext=u:r:bootanim:s0 tcontext=u:object_r:samgrservice:s0 tclass=service_manager permissive=0
08-30 15:21:32.584  1449  1449 E selinux_dmd: avc:  denied  { find } for dsm=hisi_Q interface=vendor.huawei.hardware.installerhal.mcu::IMcuInstallerHal sid=u:r:system_app:s0 pid=2977 scontext=u:r:system_app:s0 tcontext=u:object_r:default_android_hwservice:s0 tclass=hwservice_manager permissive=0 CMD=com.huawei.otacomposer
08-30 15:21:32.584  1449  1449 E selinux_dmd: avc:  denied  { find } for dsm=hisi_Q service=SamgrService pid=692 uid=0 scontext=u:r:bootanim:s0 tcontext=u:object_r:samgrservice:s0 tclass=service_manager permissive=0 CMD=/system/bin/bootanimation
08-30 15:21:32.589   908  1814 I dpu_effect: validate:265: modules=10 dispPanelId=0
08-30 15:21:32.596  1502 31809 I GRA_PRIV: the formatType(110) set is(281474976710656)
08-30 15:21:32.596  1502 31809 I GRA_PRIV: the formatType(111) set is(72057594037927936)
08-30 15:21:32.606   908  1814 I dpu_effect: validate:265: modules=10 dispPanelId=0
08-30 15:21:32.607 22014 22014 W SimpleSpringNodeEx: doFrame: index:54 is at equilibrium value:332.0
08-30 15:21:32.607 22014 22014 W SimpleSpringNodeEx: doFrame: index:40 is at equilibrium value:332.0
08-30 15:21:32.613  1502 31809 I GRA_PRIV: the formatType(110) set is(281474976710656)
08-30 15:21:32.613  1502 31809 I GRA_PRIV: the formatType(111) set is(72057594037927936)
08-30 15:21:32.623   908  1814 I dpu_effect: validate:265: modules=10 dispPanelId=0
08-30 15:21:32.629  1502 31809 I GRA_PRIV: the formatType(110) set is(281474976710656)
08-30 15:21:32.629  1502 31809 I GRA_PRIV: the formatType(111) set is(72057594037927936)
08-30 15:21:32.639   908  1814 I dpu_effect: validate:265: modules=10 dispPanelId=0
08-30 15:21:32.640 22014 22014 W SimpleSpringNodeEx: doFrame: index:55 is at equilibrium value:332.0
08-30 15:21:32.640 22014 22014 W SimpleSpringNodeEx: doFrame: index:39 is at equilibrium value:332.0
08-30 15:21:32.641   531   531 I hwservicemanager: getTransport: Cannot find entry android.hardware.automotive.evs@1.0::IEvsEnumerator/EvsEnumeratorHw in either framework or device manifest.
08-30 15:21:32.641 31886 31903 E EvsccService: [Enumerator::init:28]Get EvsEnumeratorHw service failed!
08-30 15:21:32.645  1502 31809 I GRA_PRIV: the formatType(110) set is(281474976710656)
08-30 15:21:32.645  1502 31809 I GRA_PRIV: the formatType(111) set is(72057594037927936)
08-30 15:21:32.646  4181  4183 I bms_behavior: monitor interval count 3015
08-30 15:21:32.652 22280 24619 E HwLBSService QttffManager: getNlpLastKnownLocation: NETWORK_PROVIDER is NOT enabled.
08-30 15:21:32.656 22014 22014 W SimpleSpringNodeEx: doFrame: index:56 is at equilibrium value:332.0
08-30 15:21:32.656 22014 22014 W SimpleSpringNodeEx: doFrame: index:38 is at equilibrium value:332.0
08-30 15:21:32.662  1502 31809 I GRA_PRIV: the formatType(110) set is(281474976710656)
08-30 15:21:32.662  1502 31809 I GRA_PRIV: the formatType(111) set is(72057594037927936)
08-30 15:21:32.672   908  1814 I dpu_effect: validate:265: modules=10 dispPanelId=0
08-30 15:21:32.677  1502 31809 I GRA_PRIV: the formatType(110) set is(281474976710656)
08-30 15:21:32.678  1502 31809 I GRA_PRIV: the formatType(111) set is(72057594037927936)
08-30 15:21:32.680   531   531 E SELinux : avc:  denied  { find } for interface=vendor.huawei.hardware.installerhal.mcu::IMcuInstallerHal sid=u:r:system_app:s0 pid=2977 scontext=u:r:system_app:s0 tcontext=u:object_r:default_android_hwservice:s0 tclass=hwservice_manager permissive=0
08-30 15:21:32.680  2977  3297 W OTAComposer: McuInstaller::registerMcuService: not found, retry: null
08-30 15:21:32.681  1449  1449 E selinux_dmd: avc:  denied  { find } for dsm=hisi_Q interface=vendor.huawei.hardware.installerhal.mcu::IMcuInstallerHal sid=u:r:system_app:s0 pid=2977 scontext=u:r:system_app:s0 tcontext=u:object_r:default_android_hwservice:s0 tclass=hwservice_manager permissive=0 CMD=com.huawei.otacomposer
08-30 15:21:32.690 22014 22014 W SimpleSpringNodeEx: doFrame: index:57 is at equilibrium value:332.0
08-30 15:21:32.690 22014 22014 W SimpleSpringNodeEx: doFrame: index:37 is at equilibrium value:332.0
08-30 15:21:32.695  1502 31809 I GRA_PRIV: the formatType(110) set is(281474976710656)
08-30 15:21:32.695  1502 31809 I GRA_PRIV: the formatType(111) set is(72057594037927936)
08-30 15:21:32.706   908  1814 I dpu_effect: validate:265: modules=10 dispPanelId=0
08-30 15:21:32.712  1502 31809 I GRA_PRIV: the formatType(110) set is(281474976710656)
08-30 15:21:32.712  1502 31809 I GRA_PRIV: the formatType(111) set is(72057594037927936)
08-30 15:21:32.723 22014 22014 W SimpleSpringNodeEx: doFrame: index:58 is at equilibrium value:332.0
08-30 15:21:32.723 22014 22014 W SimpleSpringNodeEx: doFrame: index:36 is at equilibrium value:332.0
08-30 15:21:32.730  1502 31809 I GRA_PRIV: the formatType(110) set is(281474976710656)
08-30 15:21:32.730  1502 31809 I GRA_PRIV: the formatType(111) set is(72057594037927936)
08-30 15:21:32.739   908  1814 I dpu_effect: validate:265: modules=10 dispPanelId=0
08-30 15:21:32.740 22014 22014 W SimpleSpringNodeEx: doFrame: index:59 is at equilibrium value:332.0
08-30 15:21:32.740 22014 22014 W SimpleSpringNodeEx: doFrame: index:35 is at equilibrium value:332.0
08-30 15:21:32.746  1502 31809 I GRA_PRIV: the formatType(110) set is(281474976710656)
08-30 15:21:32.746  1502 31809 I GRA_PRIV: the formatType(111) set is(72057594037927936)
08-30 15:21:32.763  1502 31809 I GRA_PRIV: the formatType(110) set is(281474976710656)
08-30 15:21:32.763  1502 31809 I GRA_PRIV: the formatType(111) set is(72057594037927936)
08-30 15:21:32.763  1502 31813 I VENC    : VIDEO:[VencRcPicLogLambdaQP]:[218] small frame cnt 11 large frame cnt 0
08-30 15:21:32.772   908  1814 I dpu_effect: validate:265: modules=10 dispPanelId=0
08-30 15:21:32.773 22014 22014 W SimpleSpringNodeEx: doFrame: index:60 is at equilibrium value:332.0
08-30 15:21:32.773 22014 22014 W SimpleSpringNodeEx: doFrame: index:34 is at equilibrium value:332.0
08-30 15:21:32.779  1502 31809 I GRA_PRIV: the formatType(110) set is(281474976710656)
08-30 15:21:32.779  1502 31809 I GRA_PRIV: the formatType(111) set is(72057594037927936)
08-30 15:21:32.789 22014 22014 W SimpleSpringNodeEx: doFrame: index:61 is at equilibrium value:332.0
08-30 15:21:32.789 22014 22014 W SimpleSpringNodeEx: doFrame: index:33 is at equilibrium value:332.0
08-30 15:21:32.795  1502 31809 I GRA_PRIV: the formatType(110) set is(281474976710656)
08-30 15:21:32.795  1502 31809 I GRA_PRIV: the formatType(111) set is(72057594037927936)
08-30 15:21:32.806   908  1814 I dpu_effect: validate:265: modules=10 dispPanelId=0
08-30 15:21:32.813  1502 31809 I GRA_PRIV: the formatType(110) set is(281474976710656)
08-30 15:21:32.813  1502 31809 I GRA_PRIV: the formatType(111) set is(72057594037927936)
08-30 15:21:32.823 22014 22014 W SimpleSpringNodeEx: doFrame: index:62 is at equilibrium value:332.0
08-30 15:21:32.823 22014 22014 W SimpleSpringNodeEx: doFrame: index:32 is at equilibrium value:332.0
08-30 15:21:32.829  1502 31809 I GRA_PRIV: the formatType(110) set is(281474976710656)
08-30 15:21:32.829  1502 31809 I GRA_PRIV: the formatType(111) set is(72057594037927936)
08-30 15:21:32.839   908  1814 I dpu_effect: validate:265: modules=10 dispPanelId=0
08-30 15:21:32.840 22014 22014 W SimpleSpringNodeEx: doFrame: index:63 is at equilibrium value:332.0
08-30 15:21:32.840 22014 22014 W SimpleSpringNodeEx: doFrame: index:31 is at equilibrium value:332.0
08-30 15:21:32.841 31886 31903 E EvsccService: [Enumerator::init:32]Reaching max retry time, getService still failed, suicide
08-30 15:21:32.846  1502 31809 I GRA_PRIV: the formatType(110) set is(281474976710656)
08-30 15:21:32.846  1502 31809 I GRA_PRIV: the formatType(111) set is(72057594037927936)
08-30 15:21:32.852   530   530 I ServiceManager: service 'EvsRecoverServer' died
08-30 15:21:32.862  1502 31809 I GRA_PRIV: the formatType(110) set is(281474976710656)
