08-30 15:21:33.351 24008 24102 I CarIcLauncher: MediaSessionController setMediaType: FA
08-30 15:21:33.351 28052 28052 W Bundle  : Key carmediaui.media.metadata.APP_ICON expected CharSequence but value was a android.graphics.Bitmap.  The default value <null> was returned.
08-30 15:21:33.351 28052 28052 W Bundle  : Attempt to cast generated internal exception:
08-30 15:21:33.351 28052 28052 W Bundle  : java.lang.ClassCastException: android.graphics.Bitmap cannot be cast to java.lang.CharSequence
08-30 15:21:33.351 28052 28052 W Bundle  : 	at android.os.BaseBundle.getCharSequence(BaseBundle.java:1203)
08-30 15:21:33.351 28052 28052 W Bundle  : 	at android.os.Bundle.getCharSequence(Bundle.java:855)
08-30 15:21:33.351 28052 28052 W Bundle  : 	at android.media.MediaMetadata.getText(MediaMetadata.java:457)
08-30 15:21:33.351 28052 28052 W Bundle  : 	at android.media.MediaMetadata.getString(MediaMetadata.java:470)
08-30 15:21:33.351 28052 28052 W Bundle  : 	at ohos.media.common.O000000.O0000O0.O000000(AVMetadataAdapter.java:196)
08-30 15:21:33.351 28052 28052 W Bundle  : 	at ohos.media.common.O000000.O0000O0.O000000(AVMetadataAdapter.java:187)
08-30 15:21:33.351 28052 28052 W Bundle  : 	at ohos.media.sessioncore.adapter.AVControllerAdapter.O000O00(AVControllerAdapter.java:489)
08-30 15:21:33.351 28052 28052 W Bundle  : 	at ohos.media.sessioncore.AVController.getAVMetadata(AVController.java:356)
08-30 15:21:33.351 28052 28052 W Bundle  : 	at com.sina.news.listenlib.session.client.SNAudioManager.getAVMetadata(Unknown Source:6)
08-30 15:21:33.351 28052 28052 W Bundle  : 	at com.sina.news.listenlib.session.client.SNAudioManager.access$700(Unknown Source:0)
08-30 15:21:33.351 28052 28052 W Bundle  : 	at com.sina.news.listenlib.session.client.SNAudioManager$2.onAVPlaybackStateChanged(Unknown Source:88)
08-30 15:21:33.351 28052 28052 W Bundle  : 	at ohos.media.sessioncore.adapter.AVControllerAdapter$1.onPlaybackStateChanged(AVControllerAdapter.java:232)
08-30 15:21:33.351 28052 28052 W Bundle  : 	at android.media.session.MediaController$MessageHandler.handleMessage(MediaController.java:1178)
08-30 15:21:33.351 28052 28052 W Bundle  : 	at android.os.Handler.dispatchMessage(Handler.java:110)
08-30 15:21:33.351 28052 28052 W Bundle  : 	at android.os.Looper.loop(Looper.java:219)
08-30 15:21:33.351 28052 28052 W Bundle  : 	at android.app.ActivityThread.main(ActivityThread.java:8755)
08-30 15:21:33.351 28052 28052 W Bundle  : 	at java.lang.reflect.Method.invoke(Native Method)
08-30 15:21:33.351 28052 28052 W Bundle  : 	at com.android.internal.os.RuntimeInit$MethodAndArgsCaller.run(RuntimeInit.java:513)
08-30 15:21:33.351 28052 28052 W Bundle  : 	at com.android.internal.os.ZygoteInit.main(ZygoteInit.java:1116)
08-30 15:21:33.351 28052 28052 W Bundle  : Key carmediaui.media.metadata.APP_ICON expected Long but value was a android.graphics.Bitmap.  The default value 0 was returned.
08-30 15:21:33.351 28052 28052 W Bundle  : Attempt to cast generated internal exception:
08-30 15:21:33.351 28052 28052 W Bundle  : java.lang.ClassCastException: android.graphics.Bitmap cannot be cast to java.lang.Long
08-30 15:21:33.351 28052 28052 W Bundle  : 	at android.os.BaseBundle.getLong(BaseBundle.java:1079)
08-30 15:21:33.351 28052 28052 W Bundle  : 	at android.media.MediaMetadata.getLong(MediaMetadata.java:485)
08-30 15:21:33.351 28052 28052 W Bundle  : 	at ohos.media.common.O000000.O0000O0.O000000(AVMetadataAdapter.java:201)
08-30 15:21:33.351 28052 28052 W Bundle  : 	at ohos.media.common.O000000.O0000O0.O000000(AVMetadataAdapter.java:187)
08-30 15:21:33.351 28052 28052 W Bundle  : 	at ohos.media.sessioncore.adapter.AVControllerAdapter.O000O00(AVControllerAdapter.java:489)
08-30 15:21:33.351 28052 28052 W Bundle  : 	at ohos.media.sessioncore.AVController.getAVMetadata(AVController.java:356)
08-30 15:21:33.351 28052 28052 W Bundle  : 	at com.sina.news.listenlib.session.client.SNAudioManager.getAVMetadata(Unknown Source:6)
08-30 15:21:33.351 28052 28052 W Bundle  : 	at com.sina.news.listenlib.session.client.SNAudioManager.access$700(Unknown Source:0)
08-30 15:21:33.351 28052 28052 W Bundle  : 	at com.sina.news.listenlib.session.client.SNAudioManager$2.onAVPlaybackStateChanged(Unknown Source:88)
08-30 15:21:33.351 28052 28052 W Bundle  : 	at ohos.media.sessioncore.adapter.AVControllerAdapter$1.onPlaybackStateChanged(AVControllerAdapter.java:232)
08-30 15:21:33.351 28052 28052 W Bundle  : 	at android.media.session.MediaController$MessageHandler.handleMessage(MediaController.java:1178)
08-30 15:21:33.351 28052 28052 W Bundle  : 	at android.os.Handler.dispatchMessage(Handler.java:110)
08-30 15:21:33.351 28052 28052 W Bundle  : 	at android.os.Looper.loop(Looper.java:219)
08-30 15:21:33.351 28052 28052 W Bundle  : 	at android.app.ActivityThread.main(ActivityThread.java:8755)
08-30 15:21:33.351 28052 28052 W Bundle  : 	at java.lang.reflect.Method.invoke(Native Method)
08-30 15:21:33.351 28052 28052 W Bundle  : 	at com.android.internal.os.RuntimeInit$MethodAndArgsCaller.run(RuntimeInit.java:513)
08-30 15:21:33.351 28052 28052 W Bundle  : 	at com.android.internal.os.ZygoteInit.main(ZygoteInit.java:1116)
08-30 15:21:33.352  3090  3718 E Parcel  : Reading a NULL string not supported here.
08-30 15:21:33.352 24008 24008 I CarIcLauncher: MediaCenterConnector onServiceConnected name: ComponentInfo{com.huawei.ohos.carmediaui/com.huawei.ohos.carmediaui.cariclauncher.service.MediaCenterService}
08-30 15:21:33.353 24114 31916 I CarMediaUI: MediaCenterService message, action: ON_MEDIA_CARD_INFO_CHANGE
08-30 15:21:33.353 24114 24630 I CarMediaUI: MediaPlayerModel.javaMPlayListsDialog.javaediaSessionModel isPeerApp falsepkgName: com.huawei.music.auto
08-30 15:21:33.354 24008 31915 I CarIcLauncher: MediaCenterConnector connectApp responseCode: 0msg: 
08-30 15:21:33.354  3090  3718 I IntelligenceService: McUtils:current packageName is accessed media center
08-30 15:21:33.354 24114 24630 I CarMediaUI: MediaPlayerModel.javaMPlayListsDialog.javaediaSessionModel updateMediaClient: com.huawei.music.auto no show list
08-30 15:21:33.354  3090  3718 I IntelligenceService: McUtils:isAccessMediaCenter:
08-30 15:21:33.354 22014 22014 W SimpleSpringNodeEx: doFrame: index:84 is at equilibrium value:332.0
08-30 15:21:33.354 22014 22014 W SimpleSpringNodeEx: doFrame: index:10 is at equilibrium value:332.0
08-30 15:21:33.355  1845  2168 I PackageManager: getInstalledPackages cost 1 ms, flags: 786432, userId: 0, callingUid: 1000, callingPid: 3090
08-30 15:21:33.355  1845 17063 I ActivityManager: setServiceForegroundLocked. s is ServiceRecord{d4416ef u12 com.sina.news.hm/com.sina.news.listenlib.session.service.SNAudioServiceShellService}, id is 1005
08-30 15:21:33.355  1845 17063 I ActivityManager: ServiceRecord is: ServiceRecord{d4416ef u12 com.sina.news.hm/com.sina.news.listenlib.session.service.SNAudioServiceShellService} fgRequired: false
08-30 15:21:33.354 24114 24630 W CarMediaUI:CarHandler : CarBackgroundHandle running too long, use 32  { when=-33ms callback=android.media.session.MediaSessionManager$SessionsChangedWrapper$1$1 target=c.e.k.d.e$a }
08-30 15:21:33.356 24114 24630 I CarMediaUI: MediaSessionController onPlaybackStateChanged, com.sina.news.hm state: 3
08-30 15:21:33.357 24008 24102 I CarIcLauncher: MediaCenterConnector connect isConnected() = true action: ON_MEDIA_CARD_INFO_CHANGE
08-30 15:21:33.357  1845  1900 I ActivityManager:  updateForegroundApps Adding active: pkg= com.dute.newshm.car, uid=1210125
08-30 15:21:33.357  1845  1900 I ActivityManager:  updateForegroundApps Adding active: pkg= com.sina.news.hm, uid=1210120
08-30 15:21:33.357  1845  1900 I ActivityManager:  updateForegroundApps Adding active: pkg= com.shinyv.cnr.harmony, uid=1210121
08-30 15:21:33.358 24114 24630 I CarMediaUI: MediaControllerMgr setFocus pkg: com.sina.news.hm type: 6 controlPkg: 
08-30 15:21:33.358  1845  1900 W HwNotificationManagerServiceEx: isBanNotification control information formats is invalid !
08-30 15:21:33.358  1845  1900 I NotificationService: enqueueNotificationInternal: pkg=com.sina.news.hm id=1005 notification=Notification(channel=channel_default pri=0 contentView=null vibrate=null sound=null defaults=0x0 flags=0x40 color=0x00000000 vis=UNKNOWN(-1000))
08-30 15:21:33.360  3090  3718 E Parcel  : Reading a NULL string not supported here.
08-30 15:21:33.361  1502 31809 I GRA_PRIV: the formatType(110) set is(281474976710656)
08-30 15:21:33.361  1502 31809 I GRA_PRIV: the formatType(111) set is(72057594037927936)
08-30 15:21:33.362  1845  1900 I NotificationService: enqueueNotificationInternal Channel Info : pkg=com.sina.news.hm id=1005 importance =3
08-30 15:21:33.362  1845  1900 I HwNotificationService: shouldBlockByMediaController : pkgName =com.sina.news.hm,isCustomNotification =false,isMediaNotification =false
08-30 15:21:33.362  1845  1900 E NotificationService: Suppressing notification from package by user request.
08-30 15:21:33.364   901 12693 I spk_dev_interface: [soc_adsp_send_sync_cmd:275]: enter, in_size 0xf4, out_size 0x0
08-30 15:21:33.364  3090  3718 E Parcel  : Reading a NULL string not supported here.
08-30 15:21:33.364   901 12693 I spk_dev_interface: [soc_adsp_send_sync_cmd:275]: enter, in_size 0x14, out_size 0x0
08-30 15:21:33.366  3090  3718 E Parcel  : Reading a NULL string not supported here.
08-30 15:21:33.367 29982 31911 W ArrayMap: New hash 1658385783 is before end of array hash 1691581766 at index 5
08-30 15:21:33.367 29982 31911 W ArrayMap: java.lang.RuntimeException: here
08-30 15:21:33.367 29982 31911 W ArrayMap: 	at android.util.ArrayMap.append(ArrayMap.java:627)
08-30 15:21:33.367 29982 31911 W ArrayMap: 	at android.os.Parcel.readArrayMapInternal(Parcel.java:3316)
08-30 15:21:33.367 29982 31911 W ArrayMap: 	at android.os.BaseBundle.initializeFromParcelLocked(BaseBundle.java:292)
08-30 15:21:33.367 29982 31911 W ArrayMap: 	at android.os.BaseBundle.unparcel(BaseBundle.java:236)
08-30 15:21:33.367 29982 31911 W ArrayMap: 	at android.os.BaseBundle.getString(BaseBundle.java:1164)
08-30 15:21:33.367 29982 31911 W ArrayMap: 	at com.huawei.ohos.localability.Form.<init>(Unknown Source:90)
08-30 15:21:33.367 29982 31911 W ArrayMap: 	at com.huawei.ohos.localability.Form$a.createFromParcel(:1)
08-30 15:21:33.367 29982 31911 W ArrayMap: 	at com.huawei.ohos.localability.IFormClient$a.onTransact(:5)
08-30 15:21:33.367 29982 31911 W ArrayMap: 	at android.os.Binder.execTransactInternal(Binder.java:1028)
08-30 15:21:33.367 29982 31911 W ArrayMap: 	at android.os.Binder.execTransact(Binder.java:1001)
08-30 15:21:33.367 29982 31911 I InstantProvider: InstantProvider create come, jsFormBindingData size is 223
08-30 15:21:33.367 29982 31911 I InstantProvider: number of image data to add is 1
08-30 15:21:33.367 29982 31911 I InstantProvider: add data[0], size: 57633
08-30 15:21:33.367 29982 29982 I AbilityFormProxy-031: on acquired or update form {formId:59500060103456330,bundleName:com.sina.news.hm,moduleName:carfeature,abilityName:com.sina.news.carfeature.MainAbility,formName:widget,formIndex:0,dimension:3}
08-30 15:21:33.367 29982 29982 I AbilityFormProxy-031: reapplyJsView, view existed
08-30 15:21:33.367 29982 29982 I InstantProvider: updateWithImageData != null
08-30 15:21:33.367 24008 31918 I CarIcLauncher: MediaCenterConnector connectApp responseCode: 0msg: 
08-30 15:21:33.368  3090  3718 E Parcel  : Reading a NULL string not supported here.
08-30 15:21:33.368 24114 24630 I CarMediaUI: MediaSessionController onMetadataChanged, com.sina.news.hm metadata:  
08-30 15:21:33.368 29982 29982 I InstantProvider: close file descriptors in map, picName: img_mizmscv8278037-comos-news-cms_1661844026198.png, data size: 57633
08-30 15:21:33.368 29982 29982 I InstantProvider: Done close file descriptors in map, number of fd closed is 1
08-30 15:21:33.368 29982 29982 I AbilityFormProxy-031: handleMessage, update form:{formId:59500060103456330,bundleName:com.sina.news.hm,moduleName:carfeature,abilityName:com.sina.news.carfeature.MainAbility,formName:widget,formIndex:15180798195079,dimension:3}
08-30 15:21:33.369  3090  3718 I IntelligenceService: McUtils:current packageName is accessed media center
08-30 15:21:33.369  3090  3718 I IntelligenceService: McUtils:isAccessMediaCenter:
08-30 15:21:33.370  1845  2168 I PackageManager: getInstalledPackages cost 1 ms, flags: 786432, userId: 0, callingUid: 1000, callingPid: 3090
08-30 15:21:33.370 22014 22014 W SimpleSpringNodeEx: doFrame: index:85 is at equilibrium value:332.0
08-30 15:21:33.371 22014 22014 W SimpleSpringNodeEx: doFrame: index:9 is at equilibrium value:332.0
08-30 15:21:33.371 24114 31920 I CarMediaUI: MediaCenterService message, action: ON_MEDIA_CARD_INFO_CHANGE
08-30 15:21:33.372  3090  3718 E Parcel  : Reading a NULL string not supported here.
08-30 15:21:33.373  3773  3922 I PGAudioState: already clear stopByZero Time  sessionId : 1281
08-30 15:21:33.374   908  1814 I dpu_effect: validate:265: modules=10 dispPanelId=0
08-30 15:21:33.374 24114 31916 I CarMediaKit:MediaCardInfo : after appIcon byte size: 8924
08-30 15:21:33.374 24114 31916 I CarMediaUI:FaCardMgr : onCardChange: com.sina.news.hm type: 6
08-30 15:21:33.376  3090  3718 E Parcel  : Reading a NULL string not supported here.
08-30 15:21:33.378 29982 31911 W ArrayMap: New hash 1658385783 is before end of array hash 1691581766 at index 5
08-30 15:21:33.378 29982 31911 W ArrayMap: java.lang.RuntimeException: here
08-30 15:21:33.378 29982 31911 W ArrayMap: 	at android.util.ArrayMap.append(ArrayMap.java:627)
08-30 15:21:33.378 29982 31911 W ArrayMap: 	at android.os.Parcel.readArrayMapInternal(Parcel.java:3316)
08-30 15:21:33.378 29982 31911 W ArrayMap: 	at android.os.BaseBundle.initializeFromParcelLocked(BaseBundle.java:292)
08-30 15:21:33.378 29982 31911 W ArrayMap: 	at android.os.BaseBundle.unparcel(BaseBundle.java:236)
08-30 15:21:33.378 29982 31911 W ArrayMap: 	at android.os.BaseBundle.getString(BaseBundle.java:1164)
08-30 15:21:33.378 29982 31911 W ArrayMap: 	at com.huawei.ohos.localability.Form.<init>(Unknown Source:90)
08-30 15:21:33.378 29982 31911 W ArrayMap: 	at com.huawei.ohos.localability.Form$a.createFromParcel(:1)
08-30 15:21:33.378 29982 31911 W ArrayMap: 	at com.huawei.ohos.localability.IFormClient$a.onTransact(:5)
08-30 15:21:33.378 29982 31911 W ArrayMap: 	at android.os.Binder.execTransactInternal(Binder.java:1028)
08-30 15:21:33.378 29982 31911 W ArrayMap: 	at android.os.Binder.execTransact(Binder.java:1001)
08-30 15:21:33.378 29982 31911 I InstantProvider: InstantProvider create come, jsFormBindingData size is 223
08-30 15:21:33.378 29982 31911 I InstantProvider: number of image data to add is 1
08-30 15:21:33.378 29982 31911 I InstantProvider: add data[0], size: 57633
08-30 15:21:33.378 24114 31920 I CarMediaKit:MediaCardInfo : after appIcon byte size: 8924
08-30 15:21:33.378 24114 31920 I CarMediaUI:FaCardMgr : onCardChange: com.sina.news.hm type: 6
08-30 15:21:33.380  3090  3718 E Parcel  : Reading a NULL string not supported here.
08-30 15:21:33.381 22014 22513 W ArrayMap: New hash 1658385783 is before end of array hash 1691581766 at index 5
08-30 15:21:33.381 22014 22513 W ArrayMap: java.lang.RuntimeException: here
08-30 15:21:33.381 22014 22513 W ArrayMap: 	at android.util.ArrayMap.append(ArrayMap.java:627)
08-30 15:21:33.381 22014 22513 W ArrayMap: 	at android.os.Parcel.readArrayMapInternal(Parcel.java:3316)
08-30 15:21:33.381 22014 22513 W ArrayMap: 	at android.os.BaseBundle.initializeFromParcelLocked(BaseBundle.java:292)
08-30 15:21:33.381 22014 22513 W ArrayMap: 	at android.os.BaseBundle.unparcel(BaseBundle.java:236)
08-30 15:21:33.381 22014 22513 W ArrayMap: 	at android.os.BaseBundle.getString(BaseBundle.java:1164)
08-30 15:21:33.381 22014 22513 W ArrayMap: 	at com.huawei.ohos.localability.Form.<init>(Unknown Source:90)
08-30 15:21:33.381 22014 22513 W ArrayMap: 	at com.huawei.ohos.localability.Form$a.createFromParcel(:1)
08-30 15:21:33.381 22014 22513 W ArrayMap: 	at com.huawei.ohos.localability.IFormClient$a.onTransact(:5)
08-30 15:21:33.381 22014 22513 W ArrayMap: 	at android.os.Binder.execTransactInternal(Binder.java:1028)
08-30 15:21:33.381 22014 22513 W ArrayMap: 	at android.os.Binder.execTransact(Binder.java:1001)
08-30 15:21:33.381 22014 22513 I InstantProvider: InstantProvider create come, jsFormBindingData size is 223
08-30 15:21:33.381 22014 22513 I InstantProvider: number of image data to add is 1
08-30 15:21:33.381 22014 22513 I InstantProvider: add data[0], size: 57633
08-30 15:21:33.381 22014 22014 I AbilityFormProxy-031: on acquired or update form {formId:59500059295089118,bundleName:com.sina.news.hm,moduleName:carfeature,abilityName:com.sina.news.carfeature.MainAbility,formName:widget,formIndex:0,dimension:3}
08-30 15:21:33.381 22014 22014 I AbilityFormProxy-031: reapplyJsView, view existed
08-30 15:21:33.381 22014 22014 I InstantProvider: updateWithImageData != null
08-30 15:21:33.381 22014 22014 I InstantProvider: close file descriptors in map, picName: img_mizmscv8278037-comos-news-cms_1661844026198.png, data size: 57633
08-30 15:21:33.381 22014 22014 I InstantProvider: Done close file descriptors in map, number of fd closed is 1
08-30 15:21:33.381  3090  3718 E Parcel  : Reading a NULL string not supported here.
08-30 15:21:33.381 22014 22014 I AbilityFormProxy-031: handleMessage, update form:{formId:59500059295089118,bundleName:com.sina.news.hm,moduleName:carfeature,abilityName:com.sina.news.carfeature.MainAbility,formName:widget,formIndex:14917681284702,dimension:3}
08-30 15:21:33.383  3090  3718 I IntelligenceService: McUtils:current packageName is accessed media center
08-30 15:21:33.383  3090  3718 I IntelligenceService: McUtils:isAccessMediaCenter:
08-30 15:21:33.383 29982 29982 I AbilityFormProxy-031: on acquired or update form {formId:59500060781446115,bundleName:com.sina.news.hm,moduleName:carfeature,abilityName:com.sina.news.carfeature.MainAbility,formName:widget,formIndex:0,dimension:3}
08-30 15:21:33.383 29982 29982 I AbilityFormProxy-031: reapplyJsView, view existed
08-30 15:21:33.383 29982 29982 I InstantProvider: updateWithImageData != null
08-30 15:21:33.384  1845  2168 I PackageManager: getInstalledPackages cost 1 ms, flags: 786432, userId: 0, callingUid: 1000, callingPid: 3090
08-30 15:21:33.385 29982 29982 I InstantProvider: close file descriptors in map, picName: img_mizmscv8278037-comos-news-cms_1661844026198.png, data size: 57633
08-30 15:21:33.385 29982 29982 I InstantProvider: Done close file descriptors in map, number of fd closed is 1
08-30 15:21:33.385 29982 29982 I AbilityFormProxy-031: handleMessage, update form:{formId:59500060781446115,bundleName:com.sina.news.hm,moduleName:carfeature,abilityName:com.sina.news.carfeature.MainAbility,formName:widget,formIndex:15181044282579,dimension:3}
08-30 15:21:33.385 24114 31920 I CarMediaUI: MediaCenterConnector connect isConnected() = true action: ON_MEDIA_CARD_INFO_CHANGE
08-30 15:21:33.385  3090  3718 E Parcel  : Reading a NULL string not supported here.
08-30 15:21:33.386 24008 25946 I CarIcLauncher: CarIcLauncherService message, action: ON_MEDIA_CARD_INFO_CHANGE
08-30 15:21:33.386 24114 31921 I CarMediaUI: MediaCenterConnector connectApp responseCode: 0msg: 
08-30 15:21:33.387  3090  3718 E Parcel  : Reading a NULL string not supported here.
08-30 15:21:33.389 24008 31922 I CarIcLauncher: MediaProgressController scheduleProgressUpdate start
08-30 15:21:33.389 24008 31922 I CarIcLauncher: MediaProgressController stopProgressUpdate
08-30 15:21:33.389  3090  3718 E Parcel  : Reading a NULL string not supported here.
08-30 15:21:33.389 24008 31922 I CarIcLauncher:BitmapUtils : base64ToBitmap
08-30 15:21:33.389 24008 31922 I CarIcLauncher:MediaCardInfoMgr : update IcLauncher: pkgName: com.sina.news.hm state: 0
08-30 15:21:33.389 29982 31911 W ArrayMap: New hash 1658385783 is before end of array hash 1691581766 at index 5
08-30 15:21:33.389 29982 31911 W ArrayMap: java.lang.RuntimeException: here
08-30 15:21:33.389 29982 31911 W ArrayMap: 	at android.util.ArrayMap.append(ArrayMap.java:627)
08-30 15:21:33.389 29982 31911 W ArrayMap: 	at android.os.Parcel.readArrayMapInternal(Parcel.java:3316)
08-30 15:21:33.389 29982 31911 W ArrayMap: 	at android.os.BaseBundle.initializeFromParcelLocked(BaseBundle.java:292)
08-30 15:21:33.389 29982 31911 W ArrayMap: 	at android.os.BaseBundle.unparcel(BaseBundle.java:236)
08-30 15:21:33.389 29982 31911 W ArrayMap: 	at android.os.BaseBundle.getString(BaseBundle.java:1164)
08-30 15:21:33.389 29982 31911 W ArrayMap: 	at com.huawei.ohos.localability.Form.<init>(Unknown Source:90)
08-30 15:21:33.389 29982 31911 W ArrayMap: 	at com.huawei.ohos.localability.Form$a.createFromParcel(:1)
08-30 15:21:33.389 29982 31911 W ArrayMap: 	at com.huawei.ohos.localability.IFormClient$a.onTransact(:5)
08-30 15:21:33.389 29982 31911 W ArrayMap: 	at android.os.Binder.execTransactInternal(Binder.java:1028)
08-30 15:21:33.389 29982 31911 W ArrayMap: 	at android.os.Binder.execTransact(Binder.java:1001)
08-30 15:21:33.389 29982 31911 I InstantProvider: InstantProvider create come, jsFormBindingData size is 223
08-30 15:21:33.389 29982 31911 I InstantProvider: number of image data to add is 1
08-30 15:21:33.389 29982 31911 I InstantProvider: add data[0], size: 57633
08-30 15:21:33.390 24008 31922 I CarIcUiKit:DashboardMediaInfoMgr: updateMediaCardInfo enter
08-30 15:21:33.390  3090  3718 E Parcel  : Reading a NULL string not supported here.
08-30 15:21:33.391  3090  3718 I IntelligenceService: McUtils:current packageName has accessed MC KIT
08-30 15:21:33.392  3090  3718 I IntelligenceService: McUtils:isAccessMediaCenter:
08-30 15:21:33.393  1845  3497 I PackageManager: getInstalledPackages cost 1 ms, flags: 786432, userId: 0, callingUid: 1000, callingPid: 3090
08-30 15:21:33.394  3090  3718 E Parcel  : Reading a NULL string not supported here.
08-30 15:21:33.395 29982 29982 I AbilityFormProxy-031: on acquired or update form {formId:59500060103456330,bundleName:com.sina.news.hm,moduleName:carfeature,abilityName:com.sina.news.carfeature.MainAbility,formName:widget,formIndex:0,dimension:3}
08-30 15:21:33.395 29982 29982 I AbilityFormProxy-031: reapplyJsView, view existed
08-30 15:21:33.395 29982 29982 I InstantProvider: updateWithImageData != null
08-30 15:21:33.396  3090  3718 E Parcel  : Reading a NULL string not supported here.
08-30 15:21:33.397 29982 31911 W ArrayMap: New hash 1658385783 is before end of array hash 1691581766 at index 5
08-30 15:21:33.397 29982 31911 W ArrayMap: java.lang.RuntimeException: here
08-30 15:21:33.397 29982 31911 W ArrayMap: 	at android.util.ArrayMap.append(ArrayMap.java:627)
08-30 15:21:33.397 29982 31911 W ArrayMap: 	at android.os.Parcel.readArrayMapInternal(Parcel.java:3316)
08-30 15:21:33.397 29982 31911 W ArrayMap: 	at android.os.BaseBundle.initializeFromParcelLocked(BaseBundle.java:292)
08-30 15:21:33.397 29982 31911 W ArrayMap: 	at android.os.BaseBundle.unparcel(BaseBundle.java:236)
08-30 15:21:33.397 29982 31911 W ArrayMap: 	at android.os.BaseBundle.getString(BaseBundle.java:1164)
08-30 15:21:33.397 29982 31911 W ArrayMap: 	at com.huawei.ohos.localability.Form.<init>(Unknown Source:90)
08-30 15:21:33.397 29982 31911 W ArrayMap: 	at com.huawei.ohos.localability.Form$a.createFromParcel(:1)
08-30 15:21:33.397 29982 31911 W ArrayMap: 	at com.huawei.ohos.localability.IFormClient$a.onTransact(:5)
08-30 15:21:33.397 29982 31911 W ArrayMap: 	at android.os.Binder.execTransactInternal(Binder.java:1028)
08-30 15:21:33.397 29982 31911 W ArrayMap: 	at android.os.Binder.execTransact(Binder.java:1001)
08-30 15:21:33.397 29982 31911 I InstantProvider: InstantProvider create come, jsFormBindingData size is 223
08-30 15:21:33.397 29982 31911 I InstantProvider: number of image data to add is 1
08-30 15:21:33.397 29982 31911 I InstantProvider: add data[0], size: 57633
08-30 15:21:33.397  3090  3718 E Parcel  : Reading a NULL string not supported here.
08-30 15:21:33.399  3090  3718 E Parcel  : Reading a NULL string not supported here.
08-30 15:21:33.400 29982 29982 I InstantProvider: close file descriptors in map, picName: img_mizmscv8278037-comos-news-cms_1661844026198.png, data size: 57633
08-30 15:21:33.400 29982 29982 I InstantProvider: Done close file descriptors in map, number of fd closed is 1
08-30 15:21:33.400 29982 29982 I AbilityFormProxy-031: handleMessage, update form:{formId:59500060103456330,bundleName:com.sina.news.hm,moduleName:carfeature,abilityName:com.sina.news.carfeature.MainAbility,formName:widget,formIndex:15180798195079,dimension:3}
08-30 15:21:33.400  3090  3718 I IntelligenceService: McUtils:current packageName has accessed MC KIT
08-30 15:21:33.400 29982 29982 I AbilityFormProxy-031: on acquired or update form {formId:59500060781446115,bundleName:com.sina.news.hm,moduleName:carfeature,abilityName:com.sina.news.carfeature.MainAbility,formName:widget,formIndex:0,dimension:3}
08-30 15:21:33.400 29982 29982 I AbilityFormProxy-031: reapplyJsView, view existed
08-30 15:21:33.400 29982 29982 I InstantProvider: updateWithImageData != null
08-30 15:21:33.402   908  1814 I dpu_effect: validate:265: modules=10 dispPanelId=0
08-30 15:21:33.404 22014 22014 W SimpleSpringNodeEx: doFrame: index:86 is at equilibrium value:332.0
08-30 15:21:33.404 22014 22014 W SimpleSpringNodeEx: doFrame: index:8 is at equilibrium value:332.0
08-30 15:21:33.404 22014 22513 W ArrayMap: New hash 1658385783 is before end of array hash 1691581766 at index 5
08-30 15:21:33.404 22014 22513 W ArrayMap: java.lang.RuntimeException: here
08-30 15:21:33.404 22014 22513 W ArrayMap: 	at android.util.ArrayMap.append(ArrayMap.java:627)
08-30 15:21:33.404 22014 22513 W ArrayMap: 	at android.os.Parcel.readArrayMapInternal(Parcel.java:3316)
08-30 15:21:33.404 22014 22513 W ArrayMap: 	at android.os.BaseBundle.initializeFromParcelLocked(BaseBundle.java:292)
08-30 15:21:33.404 22014 22513 W ArrayMap: 	at android.os.BaseBundle.unparcel(BaseBundle.java:236)
08-30 15:21:33.404 22014 22513 W ArrayMap: 	at android.os.BaseBundle.getString(BaseBundle.java:1164)
08-30 15:21:33.404 22014 22513 W ArrayMap: 	at com.huawei.ohos.localability.Form.<init>(Unknown Source:90)
08-30 15:21:33.404 22014 22513 W ArrayMap: 	at com.huawei.ohos.localability.Form$a.createFromParcel(:1)
08-30 15:21:33.404 22014 22513 W ArrayMap: 	at com.huawei.ohos.localability.IFormClient$a.onTransact(:5)
08-30 15:21:33.404 22014 22513 W ArrayMap: 	at android.os.Binder.execTransactInternal(Binder.java:1028)
08-30 15:21:33.404 22014 22513 W ArrayMap: 	at android.os.Binder.execTransact(Binder.java:1001)
08-30 15:21:33.404 22014 22513 I InstantProvider: InstantProvider create come, jsFormBindingData size is 223
08-30 15:21:33.404 22014 22513 I InstantProvider: number of image data to add is 1
08-30 15:21:33.404 22014 22513 I InstantProvider: add data[0], size: 57633
08-30 15:21:33.405 29982 29982 I InstantProvider: close file descriptors in map, picName: img_mizmscv8278037-comos-news-cms_1661844026198.png, data size: 57633
08-30 15:21:33.405 29982 29982 I InstantProvider: Done close file descriptors in map, number of fd closed is 1
08-30 15:21:33.405 29982 29982 I AbilityFormProxy-031: handleMessage, update form:{formId:59500060781446115,bundleName:com.sina.news.hm,moduleName:carfeature,abilityName:com.sina.news.carfeature.MainAbility,formName:widget,formIndex:15181044282579,dimension:3}
08-30 15:21:33.406 22014 22014 I AbilityFormProxy-031: on acquired or update form {formId:59500059295089118,bundleName:com.sina.news.hm,moduleName:carfeature,abilityName:com.sina.news.carfeature.MainAbility,formName:widget,formIndex:0,dimension:3}
08-30 15:21:33.406 22014 22014 I AbilityFormProxy-031: reapplyJsView, view existed
08-30 15:21:33.406 22014 22014 I InstantProvider: updateWithImageData != null
08-30 15:21:33.406 22014 22014 I InstantProvider: close file descriptors in map, picName: img_mizmscv8278037-comos-news-cms_1661844026198.png, data size: 57633
08-30 15:21:33.406 22014 22014 I InstantProvider: Done close file descriptors in map, number of fd closed is 1
08-30 15:21:33.406 22014 22014 I AbilityFormProxy-031: handleMessage, update form:{formId:59500059295089118,bundleName:com.sina.news.hm,moduleName:carfeature,abilityName:com.sina.news.carfeature.MainAbility,formName:widget,formIndex:14917681284702,dimension:3}
08-30 15:21:33.411  2288  2288 W HIGNSS  : LS:[LSQ_SOLUTION] satellite num: 0 < 4
08-30 15:21:33.411  2288  2288 W HIGNSS  : CHR:[TCXO-BIAS-CHANGE] time: 1831, cnt: 60, valid: 0, freq_bias:0.000000, tempr:0.000000, sats_num: 0, qop: 0
08-30 15:21:33.413 24114 31916 I CarMediaUI: MediaCenterConnector connect isConnected() = true action: ON_MEDIA_CARD_INFO_CHANGE
08-30 15:21:33.414  2288  2288 W HIGNSS  : FUS:fusion results invalid, flag = 0!
08-30 15:21:33.414 24008 25946 I CarIcLauncher: CarIcLauncherService message, action: ON_MEDIA_CARD_INFO_CHANGE
08-30 15:21:33.414 24114 31923 I CarMediaUI: MediaCenterConnector connectApp responseCode: 0msg: 
08-30 15:21:33.415  2288  2288 W HIGNSS  : PE_CDPP:[NORMAL]location check failed, cdpp can not be done!
08-30 15:21:33.415 24008 31924 I CarIcLauncher: MediaProgressController scheduleProgressUpdate start, mScheduleFuture is running
08-30 15:21:33.415 24008 31924 I CarIcLauncher:BitmapUtils : base64ToBitmap
08-30 15:21:33.415 24008 31924 I CarIcLauncher:MediaCardInfoMgr : update IcLauncher: pkgName: com.sina.news.hm state: 0
08-30 15:21:33.416  2288  2288 W HIGNSS  : PE_MSA:[MSA_SELECT]the num of sat can be reported is less than 4, report all valid data!
08-30 15:21:33.416 24008 31924 I CarIcUiKit:DashboardMediaInfoMgr: updateMediaCardInfo enter
08-30 15:21:33.416  2288  2288 W HIGNSS  : PE_MSA:[MSA-DOPPLER]No location and no acq data, not do doppler consistence!
08-30 15:21:33.416  2288  2288 W HIGNSS  : PE_MSA:[MSA-REPORT] no gnss msr data to be report!
08-30 15:21:33.417  2288  2322 W HIGNSS  : CTL:can't find dst, 0x11110021
08-30 15:21:33.417  1845  4960 I         : HwGnssLocationProviderJNI: callback 2.0 send_svInfor is called .
08-30 15:21:33.417  1845  2237 I AwareLog: mtm.AwareAppFreezeMng: Current is on launcher
08-30 15:21:33.418   905  3244 I HIGNSS_ADAPTER: ReportHignssSvStatus success!
08-30 15:21:33.418   905  3244 I HIGNSS_ADAPTER: ReportHignssNmea success, count: 35, length: 1821
08-30 15:21:33.418   905  3244 W HIGNSS_ADAPTER: measurement callback is not inited!
08-30 15:21:33.420 22014 22014 W SimpleSpringNodeEx: doFrame: index:87 is at equilibrium value:332.0
08-30 15:21:33.420 22014 22014 W SimpleSpringNodeEx: doFrame: index:7 is at equilibrium value:332.0
08-30 15:21:33.421  2288  2288 W HIGNSS  : PE_MGR:[RC]: Failed to calibrate clock, since refclk isn't enabled and request sync pulse failed!
08-30 15:21:33.423 24114 24630 I CarMediaKit:MediaCardInfo : after appIcon byte size: 8924
08-30 15:21:33.423 24114 24630 I CarMediaUI: MediaSessionController setMediaType: FA
08-30 15:21:33.424 24114 24630 I CarMediaUI:FaCardMgr : updateCardToFa: com.sina.news.hm type: 6 errorCode: 0 errorDes:  status: 0 isImageNull : false extra: {"isNextClickable":true}
08-30 15:21:33.426  1502 31809 I GRA_PRIV: the formatType(110) set is(281474976710656)
08-30 15:21:33.427  1502 31809 I GRA_PRIV: the formatType(111) set is(72057594037927936)
08-30 15:21:33.430  3090  3315 I JsonProtocolManager: setJsonProtocolReceive jsonProtocolReceive:com.huawei.ivi.hmi.amapauto.AmapautoManager$MainJsonProtocolReceiver@f0b8a78
08-30 15:21:33.430  3090  3315 I JsonProtocolManager: init start
08-30 15:21:33.430  1845  2168 W ActivityManager: Unable to start service Intent { act=com.autonavi.amapauto.aidl.json_protocol_service cmp=com.autonavi.amapauto/.protocol.service.JsonProtocolService } U=12: not found
08-30 15:21:33.431  1845  3497 W ActivityManager: Unable to start service Intent { cmp=com.huawei.hibaic.adshmiic/com.huawei.voice.VoiceNavigationService } U=12: not found
08-30 15:21:33.442  1502 31809 I GRA_PRIV: the formatType(110) set is(281474976710656)
08-30 15:21:33.442  1502 31809 I GRA_PRIV: the formatType(111) set is(72057594037927936)
08-30 15:21:33.448   901 12693 I smartpa_chip_control: [smartpa_poweron:125]: power on l(POWER_ON_L) succ
08-30 15:21:33.448   901 12693 E smartpa_chip_control: [smartpa_poweron:131]: power on r(POWER_ON_R) error, ret = -1
08-30 15:21:33.448   901 12693 I audio_voip_algo: [update_voip_algo_status:226]: voip_algo.in_ap: 0, device: 0x2
08-30 15:21:33.448   901 12693 I audio_hw_primary: [select_devices:372]: --
08-30 15:21:33.448   901 12693 I audio_hw_primary: [start_output_stream:330]: --
08-30 15:21:33.448   901 12693 I alg_store: [select_from_register_list:138]: number of alg chains registered 3
08-30 15:21:33.448   901 12693 I alg_store: [alg_chain_set_lib_info:212]: chain cfg lib_num 3
08-30 15:21:33.448   901 12693 I alg_chain_play: [get_primary_play_alg_info:50]: alg chain matched: alg_chain_primary_play_48000
08-30 15:21:33.448   901 12693 I alg_store: [select_from_register_list:144]: select chain name alg_chain_primary_play_48000
08-30 15:21:33.448   901 12693 I alg_store: [get_alg_xml_path:109]: find xml path /odm/etc/audio/audiohal_alg_store.xml
08-30 15:21:33.448   901 12693 I alg_xml_parse: [parse_alg_chain_from_xml:407]: opened lib number 3. chain name alg_chain_primary_play_48000
08-30 15:21:33.449   901 12693 I alg_xml_parse: [open_alg_xml:113]: parsing xml /odm/etc/audio/audiohal_alg_store.xml
08-30 15:21:33.450   901 12693 I alg_xml_parse: [parse_alg_chain:364]: module number 1
08-30 15:21:33.450   901 12693 W alg_xml_parse: [parse_module_config:297]: cant not find -Trconfig node
08-30 15:21:33.450   901 12693 I alg_xml_parse: [parse_alg_chain_from_xml:422]: parse /odm/etc/audio/audiohal_alg_store.xml done
08-30 15:21:33.451   901 12693 I alg_store: [parse_chain_from_xml:127]: parsed 1 module(s) from /odm/etc/audio/audiohal_alg_store.xml with 3 openned lib
08-30 15:21:33.451   901 12693 I alg_store: [select_alg_chain:169]: find alg chain from xml
08-30 15:21:33.451   901 12693 I module_pop: [module_pop_create:222]: module pop create
08-30 15:21:33.451   901 12693 I module_pop: [pop_handle_init:52]: open libfallingpop.so success
08-30 15:21:33.451   901 12693 I alg_chain: [do_set_config:103]: this config is not defined
08-30 15:21:33.451   901 12693 I module_pop: [module_pop_cmd_init:90]: dev:0x2 ch:0x2 fmt:3 rate:48000 flg:0x2
08-30 15:21:33.451   901 12693 I falling_pop_elim: pop_device_open succeed, falling num 768 bytes 7680 output_type 0 format 3
08-30 15:21:33.451   901 12693 I alg_chain: [add_all_modules:337]: totally 1 alg(s) added
08-30 15:21:33.451   901 12693 I alg_chain: [add_io_buffer:367]: no config for this buffer
08-30 15:21:33.451   901 12693 I alg_chain: [alg_dump_info:34]: 0(th) alg name: module pop
08-30 15:21:33.451   901  1874 I asd_out : L = 428540 22.330829db, R = 428540 22.330829db
08-30 15:21:33.452   901 12693 W audio_hw_primary: [out_write:1172]: write data cost: 122 ms
08-30 15:21:33.452   927  2109 E AudioFlinger: writing blocked, write to hal costs: 121ms
08-30 15:21:33.452   908  1814 I dpu_effect: validate:265: modules=10 dispPanelId=0
08-30 15:21:33.454 22014 22014 W SimpleSpringNodeEx: doFrame: index:88 is at equilibrium value:332.0
08-30 15:21:33.454 22014 22014 W SimpleSpringNodeEx: doFrame: index:6 is at equilibrium value:332.0
08-30 15:21:33.459  1502 31809 I GRA_PRIV: the formatType(110) set is(281474976710656)
08-30 15:21:33.459  1502 31809 I GRA_PRIV: the formatType(111) set is(72057594037927936)
08-30 15:21:33.468   908  1814 I dpu_effect: validate:265: modules=10 dispPanelId=0
08-30 15:21:33.471 22014 22014 W SimpleSpringNodeEx: doFrame: index:89 is at equilibrium value:332.0
08-30 15:21:33.471 22014 22014 W SimpleSpringNodeEx: doFrame: index:5 is at equilibrium value:332.0
08-30 15:21:33.482   927  2109 I AudioFlinger: mixer(0x77b0d3efc0) throttle end: throttle time(10)
08-30 15:21:33.485   908  1814 I dpu_effect: validate:265: modules=10 dispPanelId=0
08-30 15:21:33.487 22014 22014 W SimpleSpringNodeEx: doFrame: index:90 is at equilibrium value:332.0
08-30 15:21:33.487 22014 22014 W SimpleSpringNodeEx: doFrame: index:4 is at equilibrium value:332.0
08-30 15:21:33.490 24114 24630 I CarMediaUI:c: imageBase64 is null
08-30 15:21:33.491 24114 24630 I CarMediaUI:FormBufferMgr : scheduleTiming start
08-30 15:21:33.491 24114 24630 I CarMediaUI:FormBufferMgr : stopTiming
08-30 15:21:33.494 24114 24630 W CarMediaUI:CarHandler : CarBackgroundHandle running too long, use 70  { when=-120ms callback=c.e.l.a.m.c target=c.e.k.d.e$a }
08-30 15:21:33.494 24114 24630 I CarMediaUI:FaCardMgr : updateCardToFa: com.sina.news.hm type: 6 errorCode: 0 errorDes:  status: 0 isImageNull : false extra: {"isNextClickable":true}
08-30 15:21:33.496 24114 24630 I CarMediaUI:FaCardMgr : updateCardToFa: is same to old
08-30 15:21:33.496  1845  3497 E HwResolverManager: Could not found app: com.huawei.pcassistant
08-30 15:21:33.496 24114 24114 W CarMediaUI:AppsCompatImpl : getActivityLabel fail ri or activityInfo null
08-30 15:21:33.501   908  1814 I dpu_effect: validate:265: modules=10 dispPanelId=0
08-30 15:21:33.504 22014 22014 W SimpleSpringNodeEx: doFrame: index:91 is at equilibrium value:332.0
08-30 15:21:33.504 22014 22014 W SimpleSpringNodeEx: doFrame: index:3 is at equilibrium value:332.0
08-30 15:21:33.520  1845  2379 I HwAudioServiceEx: restart dms isMusicActive : true, isRingActive : false, isAlarmActive : false
08-30 15:21:33.522   927  2109 I HuaweiAudioFlinger: reportHalLatency latency 0 lightLatency 0 sessionId 1281
08-30 15:21:33.522   901  1874 I asd_out : L = 469165 23.117513db, R = 469165 23.117513db
08-30 15:21:33.536  1845  2168 I MediaSessionService: Pause other media when new session is playing.
08-30 15:21:33.536  1845  2168 E HwMediaSessionServiceEx: pauseMigrateInMediaApp mMigrateInStackMap is empty
08-30 15:21:33.536 24008 24102 I CarIcLauncher: MediaSessionController onPlaybackStateChanged, com.sina.news.hm state: 3
08-30 15:21:33.536 24114 24630 I CarMediaUI: MediaSessionController onPlaybackStateChanged, com.sina.news.hm state: 3
08-30 15:21:33.537 22014 22014 W SimpleSpringNodeEx: doFrame: index:92 is at equilibrium value:332.0
08-30 15:21:33.537 22014 22014 W SimpleSpringNodeEx: doFrame: index:2 is at equilibrium value:332.0
08-30 15:21:33.537 24114 24630 I CarMediaUI: MediaControllerMgr setFocus pkg: com.sina.news.hm type: 6 controlPkg: 
08-30 15:21:33.539 24008 24102 I CarIcLauncher: MediaCenterConnector connect isConnected() = true action: ON_MEDIA_CARD_INFO_CHANGE
08-30 15:21:33.540 24114 31965 I CarMediaUI: MediaCenterService message, action: ON_MEDIA_CARD_INFO_CHANGE
08-30 15:21:33.540 24008 31964 I CarIcLauncher: MediaCenterConnector connectApp responseCode: 0msg: 
08-30 15:21:33.545 24114 31965 I CarMediaKit:MediaCardInfo : after appIcon byte size: 8924
08-30 15:21:33.545 24114 31965 I CarMediaUI:FaCardMgr : onCardChange: com.sina.news.hm type: 6
08-30 15:21:33.545 24114 24630 I CarMediaUI:FaCardMgr : updateCardToFa: com.sina.news.hm type: 6 errorCode: 0 errorDes:  status: 0 isImageNull : false extra: {"isNextClickable":true}
08-30 15:21:33.548 24114 31965 I CarMediaUI: MediaCenterConnector connect isConnected() = true action: ON_MEDIA_CARD_INFO_CHANGE
08-30 15:21:33.548 24008 25946 I CarIcLauncher: CarIcLauncherService message, action: ON_MEDIA_CARD_INFO_CHANGE
08-30 15:21:33.548 24114 31965 I CarMediaUI: MediaCenterConnector connectApp responseCode: 0msg: 
08-30 15:21:33.550 24008 31915 I CarIcLauncher: MediaProgressController scheduleProgressUpdate start, mScheduleFuture is running
08-30 15:21:33.550 24008 31915 I CarIcLauncher:BitmapUtils : base64ToBitmap
08-30 15:21:33.550 24008 31915 I CarIcLauncher:MediaCardInfoMgr : update IcLauncher: pkgName: com.sina.news.hm state: 0
08-30 15:21:33.550 24114 24630 I CarMediaUI:FaCardMgr : updateCardToFa: is same to old
08-30 15:21:33.550 24008 31915 I CarIcUiKit:DashboardMediaInfoMgr: updateMediaCardInfo enter
08-30 15:21:33.553 22014 22014 W SimpleSpringNodeEx: doFrame: index:93 is at equilibrium value:332.0
08-30 15:21:33.553 22014 22014 W SimpleSpringNodeEx: doFrame: index:1 is at equilibrium value:332.0
08-30 15:21:33.570 22014 22014 W SimpleSpringNodeEx: doFrame: index:94 is at equilibrium value:332.0
08-30 15:21:33.570 22014 22014 W SimpleSpringNodeEx: doFrame: index:0 is at equilibrium value:332.0
08-30 15:21:33.582   530   530 E SELinux : avc:  denied  { find } for service=SamgrService pid=692 uid=0 scontext=u:r:bootanim:s0 tcontext=u:object_r:samgrservice:s0 tclass=service_manager permissive=0
08-30 15:21:33.583  1449  1449 E selinux_dmd: avc:  denied  { find } for dsm=hisi_Q service=SamgrService pid=692 uid=0 scontext=u:r:bootanim:s0 tcontext=u:object_r:samgrservice:s0 tclass=service_manager permissive=0 CMD=/system/bin/bootanimation
08-30 15:21:33.592  1502 31809 I GRA_PRIV: the formatType(110) set is(281474976710656)
08-30 15:21:33.592  1502 31809 I GRA_PRIV: the formatType(111) set is(72057594037927936)
08-30 15:21:33.603   927  2109 I asd_out_fwk: L = -21.338869db, R = -21.338869db, Device = 0x2, TimeStampKernel = 17578560, TimeStampServer = 17580480
08-30 15:21:33.623   901  1874 I asd_out : L = 623957 25.594095db, R = 623957 25.594095db
08-30 15:21:33.628 24114 25076 I CarMediaUI:FormUpdateClient : commit with ensureConnectFormService
08-30 15:21:33.629 24114 25076 I AbilityProxy: item value is InterworkAbilityInfo
08-30 15:21:33.630  1845  2168 I AwareLog: AppStart: req:D,alw:2[H],flg:11-1-1-11,proc:1210057,com.huawei.ohos.mediacontrolcard,call:1210009,com.huawei.ohos.carmediaui act:null,cmp:com.huawei.ohos.mediacontrolcard/.service.FormUpdateServiceShellService
08-30 15:21:33.631  1845  2168 I ActivityManager: new Process app=ProcessRecord{1bd70d6 0:com.huawei.ohos.mediacontrolcard/u12a57}
08-30 15:21:33.633   530   530 E SELinux : avc:  denied  { find } for service=SamgrService pid=692 uid=0 scontext=u:r:bootanim:s0 tcontext=u:object_r:samgrservice:s0 tclass=service_manager permissive=0
08-30 15:21:33.634  1449  1449 E selinux_dmd: avc:  denied  { find } for dsm=hisi_Q service=SamgrService pid=692 uid=0 scontext=u:r:bootanim:s0 tcontext=u:object_r:samgrservice:s0 tclass=service_manager permissive=0 CMD=/system/bin/bootanimation
08-30 15:21:33.644  1845  1901 I ActivityManager: Start proc 31970:com.huawei.ohos.mediacontrolcard/u12a57 for service {com.huawei.ohos.mediacontrolcard/com.huawei.ohos.mediacontrolcard.service.FormUpdateServiceShellService}
08-30 15:21:33.648 31970 31970 E ediacontrolcar: LoadAppImageStartupCache enabled : 1
08-30 15:21:33.649 31970 31970 I ediacontrolcar: Reinit property: dalvik.vm.checkjni= false
08-30 15:21:33.649 31970 31970 I ediacontrolcar: ReInitProperties: persist.vm.debug.dumpapi= false
08-30 15:21:33.653 22280 24619 E HwLBSService QttffManager: getNlpLastKnownLocation: NETWORK_PROVIDER is NOT enabled.
08-30 15:21:33.659  1845  2168 I ActivityManager_service: Binding process pid:31970 to procname:com.huawei.ohos.mediacontrolcard providers.size=0
08-30 15:21:33.661  1845  2168 I ActivityManager_activity: Attach thread to application:31970 cost 2
08-30 15:21:33.662  1845  1882 I AlarmManager: unblockAlarmsForUid uid:1210057
08-30 15:21:33.668 31970 31990 I ActivityThread: Init compatible state: true
08-30 15:21:33.668 31970 31990 I HwFrameworkSecurityPartsFactory: add HwFrameworkSecurityPartsFactory to memory.
08-30 15:21:33.684   531   531 E SELinux : avc:  denied  { find } for interface=vendor.huawei.hardware.installerhal.mcu::IMcuInstallerHal sid=u:r:system_app:s0 pid=2977 scontext=u:r:system_app:s0 tcontext=u:object_r:default_android_hwservice:s0 tclass=hwservice_manager permissive=0
08-30 15:21:33.684  2977  3297 W OTAComposer: McuInstaller::registerMcuService: not found, retry: null
08-30 15:21:33.685 31970 31970 W ediacontrolcar: JIT profile information will not be recorded: profile file does not exits.
08-30 15:21:33.685  1449  1449 E selinux_dmd: avc:  denied  { find } for dsm=hisi_Q interface=vendor.huawei.hardware.installerhal.mcu::IMcuInstallerHal sid=u:r:system_app:s0 pid=2977 scontext=u:r:system_app:s0 tcontext=u:object_r:default_android_hwservice:s0 tclass=hwservice_manager permissive=0 CMD=com.huawei.otacomposer
08-30 15:21:33.693 31970 31970 I ediacontrolcar: QarthPatchMonintor::Run
08-30 15:21:33.694 31970 31990 I HwApiCacheMangerEx: apicache path=/storage/emulated/12 state=mounted key=com.huawei.ohos.mediacontrolcard#1210057#256
08-30 15:21:33.694 31970 31990 I HwApiCacheMangerEx: need clear apicache,because volumes changed,oldCnt=0 newCnt=1
08-30 15:21:33.694 31970 31990 I HwApiCacheMangerEx: apicache path=/storage/emulated/12 state=mounted key=com.huawei.ohos.mediacontrolcard#1210057#0
08-30 15:21:33.695 31970 31990 I HwApiCacheMangerEx: need clear apicache,because volumes changed,oldCnt=1 newCnt=1
08-30 15:21:33.723   901  1874 I asd_out : L = 74043 7.080681db, R = 74043 7.080681db
08-30 15:21:33.751 31970 31970 I ediacontrolcar: Failed to add image file Rejecting application image due to class loader mismatch: 'Mismatch in dex files'
08-30 15:21:33.770 31970 31970 I HwTypeface: updateFont: scale=1.0
08-30 15:21:33.772 31970 31970 I ActivityThread: finishPreloaded preloadStatus 0
08-30 15:21:33.776 31970 31994 I libdnetwork: binder is null or is not alive, get servcie from service manager
08-30 15:21:33.777 22325 22740 W DeviceMonitorService: Failed to getLocalBasicInfo for no BUS_SVC_BIND_PERMISSION permission or oobe is running
08-30 15:21:33.777 22325 22740 I DeviceMonitorService: Failed to getLocalBasicInfo for no ZDN_DANGER_APP_PERMISSION permission
08-30 15:21:33.777 31970 31994 E libdnetwork: binder invoke failed:err code -129
08-30 15:21:33.785 31970 31990 I HwPartIawareFactory: add android.common.HwPartIawareFactoryImpl to memory.
08-30 15:21:33.785 31970 31990 I AwareBitmapCacher: init processName:com.huawei.ohos.mediacontrolcard pid=31970 uid=1210057
08-30 15:21:33.786 31970 31990 E MemoryLeakMonitorManager: MemoryLeakMonitor.jar is not exist!
08-30 15:21:33.798   901   901 I AudioModuleManager: [AudioModuleGetParameters:71]: list size: 21
08-30 15:21:33.798   901   901 I audio_hw_usbaudio_ext: [get_extension_typec_parameters:190]: check show hires (false)
08-30 15:21:33.799  1845  2379 I HwAudioServiceEx: HwAudioHandlerEx receive unknown msg
08-30 15:21:33.802   927  2109 I asd_out_fwk: L = -23.228830db, R = -23.228830db, Device = 0x2, TimeStampKernel = 17588160, TimeStampServer = 17590080
08-30 15:21:33.823   901  1874 I asd_out : L = 553103 24.547122db, R = 553103 24.547122db
08-30 15:21:33.828 24114 25076 I CarMediaUI:FormBufferMgr :  is not need update 
08-30 15:21:33.832  1845  2