--------- beginning of main
08-30 15:21:15.927   531   531 I hwservicemanager: getTransport: Cannot find entry vendor.huawei.hardware.camera.cdcsvr@1.0::IHwCamCdcSvr/huawei.camera.cdcsvr in either framework or device manifest.
08-30 15:21:15.928 31734 31745 E EvsccService: [ClientCommunication::GetHalService:56]CamerasRecover can not get GetHalService 11 times
08-30 15:21:15.964  3199  3199 E Parcel  : Reading a NULL string not supported here.
08-30 15:21:15.965  3773  3922 I AppManager: dependence has been existed:3199 -> 24374
08-30 15:21:15.988  1845  1888 I EventHub: This is ivi, not need to check touch device!
08-30 15:21:15.988  1845  1888 I EventHub: EventHub monitor: no key events in the past 3006s, 
08-30 15:21:16.029   531   531 I hwservicemanager: getTransport: Cannot find entry vendor.huawei.hardware.camera.cdcsvr@1.0::IHwCamCdcSvr/huawei.camera.cdcsvr in either framework or device manifest.
08-30 15:21:16.029 31734 31745 E EvsccService: [ClientCommunication::GetHalService:56]CamerasRecover can not get GetHalService 12 times
08-30 15:21:16.096   531   531 E SELinux : avc:  denied  { find } for interface=vendor.huawei.hardware.installerhal.mcu::IMcuInstallerHal sid=u:r:system_app:s0 pid=2977 scontext=u:r:system_app:s0 tcontext=u:object_r:default_android_hwservice:s0 tclass=hwservice_manager permissive=0
08-30 15:21:16.096  2977  3297 W OTAComposer: McuInstaller::registerMcuService: not found, retry: null
08-30 15:21:16.130   531   531 I hwservicemanager: getTransport: Cannot find entry vendor.huawei.hardware.camera.cdcsvr@1.0::IHwCamCdcSvr/huawei.camera.cdcsvr in either framework or device manifest.
08-30 15:21:16.130 31734 31745 E EvsccService: [ClientCommunication::GetHalService:56]CamerasRecover can not get GetHalService 13 times
08-30 15:21:16.179  1845  2353 I TrafficMonitor: update:rxPkts:7,txPkts:7,rxBytes:2702,txBytes:1000
08-30 15:21:16.180  1845  2353 I TrafficMonitor: gettimer:interval=2000
--------- beginning of system
08-30 15:21:16.197  1845  1897 I DeviceIdleController: Setting activity manager temp whitelist to [5514, 10038]
08-30 15:21:16.199  1845  1897 I DeviceIdleController: Setting wakelock temp whitelist to [5514, 10038]
08-30 15:21:16.199  1845  1897 I ActivityManager_broadcast: sendBroadcast,caller:ProcessRecord{57f1dbf 0:system/1000},act:android.os.action.POWER_SAVE_TEMP_WHITELIST_CHANGED,rep:false,ord:false,cmp:false,mftNum:0,rgtNum:1
08-30 15:21:16.206  4518  5808 E nStackXCoAP: ParseExtendServiceDataJsonData:[288] :Cannot get service data
08-30 15:21:16.206  4518  5808 E nStackXDFinder: DatabaseAllocRecord:[136] :DB max limit exceeded maxcnt:20, usecnt:20
08-30 15:21:16.206  4518  5808 E nStackXDFinder: CreateNewDevice:[228] :Failed to allocate device info
08-30 15:21:16.231   531   531 I hwservicemanager: getTransport: Cannot find entry vendor.huawei.hardware.camera.cdcsvr@1.0::IHwCamCdcSvr/huawei.camera.cdcsvr in either framework or device manifest.
08-30 15:21:16.231 31734 31745 E EvsccService: [ClientCommunication::GetHalService:56]CamerasRecover can not get GetHalService 14 times
08-30 15:21:16.332   531   531 I hwservicemanager: getTransport: Cannot find entry vendor.huawei.hardware.camera.cdcsvr@1.0::IHwCamCdcSvr/huawei.camera.cdcsvr in either framework or device manifest.
08-30 15:21:16.332 31734 31745 E EvsccService: [ClientCommunication::GetHalService:56]CamerasRecover can not get GetHalService 15 times
08-30 15:21:16.414  2288  2288 W HIGNSS  : LS:[LSQ_SOLUTION] satellite num: 0 < 4
08-30 15:21:16.415  2288  2288 W HIGNSS  : CHR:[TCXO-BIAS-CHANGE] time: 1814, cnt: 60, valid: 0, freq_bias:0.000000, tempr:0.000000, sats_num: 0, qop: 0
08-30 15:21:16.421  2288  2288 W HIGNSS  : FUS:fusion results invalid, flag = 0!
08-30 15:21:16.423  2288  2288 W HIGNSS  : PE_CDPP:[NORMAL]location check failed, cdpp can not be done!
08-30 15:21:16.424  2288  2288 W HIGNSS  : PE_MSA:[MSA_SELECT]the num of sat can be reported is less than 4, report all valid data!
08-30 15:21:16.424  2288  2288 W HIGNSS  : PE_MSA:[MSA-DOPPLER]No location and no acq data, not do doppler consistence!
08-30 15:21:16.424  2288  2288 W HIGNSS  : PE_MSA:[MSA-REPORT] no gnss msr data to be report!
08-30 15:21:16.428  2288  2322 W HIGNSS  : CTL:can't find dst, 0x11110021
08-30 15:21:16.429   905  3244 I HIGNSS_ADAPTER: ReportHignssNmea success, count: 35, length: 1821
08-30 15:21:16.429  1845  4960 I         : HwGnssLocationProviderJNI: callback 2.0 send_svInfor is called .
08-30 15:21:16.431   905  3244 I HIGNSS_ADAPTER: ReportHignssSvStatus success!
08-30 15:21:16.431   905  3244 W HIGNSS_ADAPTER: measurement callback is not inited!
08-30 15:21:16.433   531   531 I hwservicemanager: getTransport: Cannot find entry vendor.huawei.hardware.camera.cdcsvr@1.0::IHwCamCdcSvr/huawei.camera.cdcsvr in either framework or device manifest.
08-30 15:21:16.434 31734 31745 E EvsccService: [ClientCommunication::GetHalService:56]CamerasRecover can not get GetHalService 16 times
08-30 15:21:16.509   530   530 E SELinux : avc:  denied  { find } for service=SamgrService pid=692 uid=0 scontext=u:r:bootanim:s0 tcontext=u:object_r:samgrservice:s0 tclass=service_manager permissive=0
08-30 15:21:16.511  1449  1449 E selinux_dmd: avc:  denied  { find } for dsm=hisi_Q interface=vendor.huawei.hardware.installerhal.mcu::IMcuInstallerHal sid=u:r:system_app:s0 pid=2977 scontext=u:r:system_app:s0 tcontext=u:object_r:default_android_hwservice:s0 tclass=hwservice_manager permissive=0 CMD=com.huawei.otacomposer
08-30 15:21:16.511  1449  1449 E selinux_dmd: avc:  denied  { find } for dsm=hisi_Q service=SamgrService pid=692 uid=0 scontext=u:r:bootanim:s0 tcontext=u:object_r:samgrservice:s0 tclass=service_manager permissive=0 CMD=/system/bin/bootanimation
08-30 15:21:16.535   531   531 I hwservicemanager: getTransport: Cannot find entry vendor.huawei.hardware.camera.cdcsvr@1.0::IHwCamCdcSvr/huawei.camera.cdcsvr in either framework or device manifest.
08-30 15:21:16.535 31734 31745 E EvsccService: [ClientCommunication::GetHalService:56]CamerasRecover can not get GetHalService 17 times
08-30 15:21:16.588  1845  1915 I HwAmbientLuxFilterAlgo: t=15229159,lx=[2388.7/15227759, 2387.8/15228039, 2388.0/15228319, 2388.3/15228599, 2387.6/15228879, 2388.1/15229159],mLx=2391.0,mOffLux=0.0,s=5.0,ss=3.1754794E-4,Avened=false,mPxs=false,mTPxs=false,mBLux=3380.0,mDlux=1200.0,mDt=4000,mBt=1000,mMax=2391.0,mMin=2391.0,mu=0.0,sMax=2391.0,sMin=2391.0
08-30 15:21:16.599   531   531 E SELinux : avc:  denied  { find } for interface=vendor.huawei.hardware.installerhal.mcu::IMcuInstallerHal sid=u:r:system_app:s0 pid=2977 scontext=u:r:system_app:s0 tcontext=u:object_r:default_android_hwservice:s0 tclass=hwservice_manager permissive=0
08-30 15:21:16.600  2977  3297 W OTAComposer: McuInstaller::registerMcuService: not found, retry: null
08-30 15:21:16.600  1449  1449 E selinux_dmd: avc:  denied  { find } for dsm=hisi_Q interface=vendor.huawei.hardware.installerhal.mcu::IMcuInstallerHal sid=u:r:system_app:s0 pid=2977 scontext=u:r:system_app:s0 tcontext=u:object_r:default_android_hwservice:s0 tclass=hwservice_manager permissive=0 CMD=com.huawei.otacomposer
08-30 15:21:16.636   531   531 I hwservicemanager: getTransport: Cannot find entry vendor.huawei.hardware.camera.cdcsvr@1.0::IHwCamCdcSvr/huawei.camera.cdcsvr in either framework or device manifest.
08-30 15:21:16.636 31734 31745 E EvsccService: [ClientCommunication::GetHalService:56]CamerasRecover can not get GetHalService 18 times
08-30 15:21:16.653 22280 24619 E HwLBSService QttffManager: getNlpLastKnownLocation: NETWORK_PROVIDER is NOT enabled.
08-30 15:21:16.669  1845 17063 I PackageManager: generatePackageInfo error, user not exists:1210096
08-30 15:21:16.719  4518  5808 E nStackXCoAP: ParseExtendServiceDataJsonData:[288] :Cannot get service data
08-30 15:21:16.719  4518  5808 E nStackXDFinder: DatabaseAllocRecord:[136] :DB max limit exceeded maxcnt:20, usecnt:20
08-30 15:21:16.719  4518  5808 E nStackXDFinder: CreateNewDevice:[228] :Failed to allocate device info
08-30 15:21:16.737   531   531 I hwservicemanager: getTransport: Cannot find entry vendor.huawei.hardware.camera.cdcsvr@1.0::IHwCamCdcSvr/huawei.camera.cdcsvr in either framework or device manifest.
08-30 15:21:16.738 31734 31745 E EvsccService: [ClientCommunication::GetHalService:56]CamerasRecover can not get GetHalService 19 times
08-30 15:21:16.839 31734 31745 I HiView  : Begin report 953210005
08-30 15:21:16.839 31734 31745 I HiEvent : Flatten done: 953210005
08-30 15:21:16.839 31734 31745 I EvsccService: [ClientCommunication::GetCameraService:74]CamerasRecover GetCameraService start
08-30 15:21:16.840 31734 31745 I EvsccService: [ClientCommunication::GetCameraService:94]CamerasRecover GetCameraService success
08-30 15:21:16.840 31734 31745 I EvsccService: [PhysicCamera::GetCameraList:273]GetCameraList in.
08-30 15:21:16.841 31734 31745 I EvsccService: [PhysicCamera::GetCameraList:287]GetCameraList out.
08-30 15:21:16.841 31734 31745 E EvsccService: [EvsCameraRecover::GetEvsCamerId:105]CamerasRecover GetEvsCamerId error
08-30 15:21:16.841 31734 31756 I EvsccService: [EvsCameraRecover::IsRecoverCamera:226]=== CamerasRecover IsRecoverCamera waiting begin ===
08-30 15:21:16.841 31734 31745 I EvsccService: [EvsCameraRecover::Init:157]CamerasRecover Init success
08-30 15:21:16.841 31734 31745 I EvsccService: [EVS_CC::InitCameraRevocer:53]CamerasRecover init success.
08-30 15:21:16.841 31734 31745 I EvsccService: [BinderManager::Init:104]start.
08-30 15:21:16.841 31734 31745 I EvsccService: [ICameraStream::ICameraStream:27]start construct ICameraStream
08-30 15:21:16.841 31734 31745 I EvsccService: [BinderManager::GetCameraInstance:286]the test info state:0
08-30 15:21:16.841 31734 31745 I EvsccService: [Enumerator::init:20]init
08-30 15:21:16.841 31734 31757 I EvsccService: [EvsCameraRecover::RecoverCamera:265]=== CamerasRecover RecoverCamera waiting start ===
08-30 15:21:16.842   531   531 I hwservicemanager: getTransport: Cannot find entry android.hardware.automotive.evs@1.0::IEvsEnumerator/EvsEnumeratorHw in either framework or device manifest.
08-30 15:21:16.842 31734 31745 E EvsccService: [Enumerator::init:28]Get EvsEnumeratorHw service failed!
08-30 15:21:16.898  1442 31758 I adbd    : [libfs_mgr_rovl]isOverlayEnableFlag: [1]  0:disable  1:enable
08-30 15:21:16.898  1442 31758 I adbd    : [libfs_mgr_rovl]remount_rofs_overlay, last_remount_result: 1
08-30 15:21:16.898  1442 31758 I adbd    : [libfs_mgr_rovl]overlay remount has been done, last result: 1
08-30 15:21:17.044   531   531 I hwservicemanager: getTransport: Cannot find entry android.hardware.automotive.evs@1.0::IEvsEnumerator/EvsEnumeratorHw in either framework or device manifest.
08-30 15:21:17.044 31734 31745 E EvsccService: [Enumerator::init:28]Get EvsEnumeratorHw service failed!
08-30 15:21:17.103   531   531 E SELinux : avc:  denied  { find } for interface=vendor.huawei.hardware.installerhal.mcu::IMcuInstallerHal sid=u:r:system_app:s0 pid=2977 scontext=u:r:system_app:s0 tcontext=u:object_r:default_android_hwservice:s0 tclass=hwservice_manager permissive=0
08-30 15:21:17.104  2977  3297 W OTAComposer: McuInstaller::registerMcuService: not found, retry: null
08-30 15:21:17.228  1845  2237 I AwareLog: AwareMem_Reclaim: canBeExecuted waiting next operation, interval=8125
08-30 15:21:17.228  1845  2237 I AwareLog: AwareMem_EventTracker: [POLLING_TIMEOUT_15229800] is abandoned for memory idle 2732700KB but policy can not execute
08-30 15:21:17.232  4518  5808 E nStackXCoAP: ParseExtendServiceDataJsonData:[288] :Cannot get service data
08-30 15:21:17.232  4518  5808 E nStackXDFinder: DatabaseAllocRecord:[136] :DB max limit exceeded maxcnt:20, usecnt:20
08-30 15:21:17.232  4518  5808 E nStackXDFinder: CreateNewDevice:[228] :Failed to allocate device info
08-30 15:21:17.245   531   531 I hwservicemanager: getTransport: Cannot find entry android.hardware.automotive.evs@1.0::IEvsEnumerator/EvsEnumeratorHw in either framework or device manifest.
08-30 15:21:17.246 31734 31745 E EvsccService: [Enumerator::init:28]Get EvsEnumeratorHw service failed!
08-30 15:21:17.415  2288  2288 W HIGNSS  : LS:[LSQ_SOLUTION] satellite num: 0 < 4
08-30 15:21:17.416  2288  2288 W HIGNSS  : CHR:[TCXO-BIAS-CHANGE] time: 1815, cnt: 60, valid: 0, freq_bias:0.000000, tempr:0.000000, sats_num: 0, qop: 0
08-30 15:21:17.422  2288  2288 W HIGNSS  : FUS:fusion results invalid, flag = 0!
08-30 15:21:17.424  2288  2288 W HIGNSS  : PE_CDPP:[NORMAL]location check failed, cdpp can not be done!
08-30 15:21:17.425  2288  2288 W HIGNSS  : PE_MSA:[MSA_SELECT]the num of sat can be reported is less than 4, report all valid data!
08-30 15:21:17.426  2288  2288 W HIGNSS  : PE_MSA:[MSA-DOPPLER]No location and no acq data, not do doppler consistence!
08-30 15:21:17.426  2288  2288 W HIGNSS  : PE_MSA:[MSA-REPORT] no gnss msr data to be report!
08-30 15:21:17.429  2288  2322 W HIGNSS  : CTL:can't find dst, 0x11110021
08-30 15:21:17.430   905  3244 I HIGNSS_ADAPTER: ReportHignssNmea success, count: 35, length: 1821
08-30 15:21:17.431  1845  4960 I         : HwGnssLocationProviderJNI: callback 2.0 send_svInfor is called .
08-30 15:21:17.433   905  3244 I HIGNSS_ADAPTER: ReportHignssSvStatus success!
08-30 15:21:17.433   905  3244 W HIGNSS_ADAPTER: measurement callback is not inited!
08-30 15:21:17.447   531   531 I hwservicemanager: getTransport: Cannot find entry android.hardware.automotive.evs@1.0::IEvsEnumerator/EvsEnumeratorHw in either framework or device manifest.
08-30 15:21:17.447 31734 31745 E EvsccService: [Enumerator::init:28]Get EvsEnumeratorHw service failed!
08-30 15:21:17.511   530   530 E SELinux : avc:  denied  { find } for service=SamgrService pid=692 uid=0 scontext=u:r:bootanim:s0 tcontext=u:object_r:samgrservice:s0 tclass=service_manager permissive=0
08-30 15:21:17.513  1449  1449 E selinux_dmd: avc:  denied  { find } for dsm=hisi_Q interface=vendor.huawei.hardware.installerhal.mcu::IMcuInstallerHal sid=u:r:system_app:s0 pid=2977 scontext=u:r:system_app:s0 tcontext=u:object_r:default_android_hwservice:s0 tclass=hwservice_manager permissive=0 CMD=com.huawei.otacomposer
08-30 15:21:17.513  1449  1449 E selinux_dmd: avc:  denied  { find } for dsm=hisi_Q service=SamgrService pid=692 uid=0 scontext=u:r:bootanim:s0 tcontext=u:object_r:samgrservice:s0 tclass=service_manager permissive=0 CMD=/system/bin/bootanimation
08-30 15:21:17.517  4181  4183 I bms_behavior: monitor interval count 3012
08-30 15:21:17.607   531   531 E SELinux : avc:  denied  { find } for interface=vendor.huawei.hardware.installerhal.mcu::IMcuInstallerHal sid=u:r:system_app:s0 pid=2977 scontext=u:r:system_app:s0 tcontext=u:object_r:default_android_hwservice:s0 tclass=hwservice_manager permissive=0
08-30 15:21:17.608  2977  3297 W OTAComposer: McuInstaller::registerMcuService: not found, retry: null
08-30 15:21:17.613  1449  1449 E selinux_dmd: avc:  denied  { find } for dsm=hisi_Q interface=vendor.huawei.hardware.installerhal.mcu::IMcuInstallerHal sid=u:r:system_app:s0 pid=2977 scontext=u:r:system_app:s0 tcontext=u:object_r:default_android_hwservice:s0 tclass=hwservice_manager permissive=0 CMD=com.huawei.otacomposer
08-30 15:21:17.642  1845  2356 I netddebug: getNetworkStatsDetail, pid = 1845
08-30 15:21:17.643   823 18250 I netd    : trafficSwapActiveStatsMap() <0.94ms>
08-30 15:21:17.648   531   531 I hwservicemanager: getTransport: Cannot find entry android.hardware.automotive.evs@1.0::IEvsEnumerator/EvsEnumeratorHw in either framework or device manifest.
08-30 15:21:17.648 31734 31745 E EvsccService: [Enumerator::init:28]Get EvsEnumeratorHw service failed!
08-30 15:21:17.652 22280 24619 E HwLBSService QttffManager: getNlpLastKnownLocation: NETWORK_PROVIDER is NOT enabled.
08-30 15:21:17.744  4518  5808 E nStackXCoAP: ParseExtendServiceDataJsonData:[288] :Cannot get service data
08-30 15:21:17.744  4518  5808 E nStackXDFinder: DatabaseAllocRecord:[136] :DB max limit exceeded maxcnt:20, usecnt:20
08-30 15:21:17.744  4518  5808 E nStackXDFinder: CreateNewDevice:[228] :Failed to allocate device info
08-30 15:21:17.849 31734 31745 E EvsccService: [Enumerator::init:32]Reaching max retry time, getService still failed, suicide
08-30 15:21:17.854  1845 17063 I netddebug: getNetworkStatsDetail, pid = 3773
08-30 15:21:17.856   823 18250 I netd    : trafficSwapActiveStatsMap() <0.65ms>
08-30 15:21:17.858  3773  8946 I DownloadState: 1210116 stop download, curr: 9220717, base: 8487718, delta: 732999
08-30 15:21:17.858  3773  8946 I DownloadState: @@@@@@@@@@@@ uid :1210116 download :false
08-30 15:21:17.858  3773  8946 I PGServer: report state:5 event type:2 pid:0 uid:1210116 pkg:null to pid: 1845
08-30 15:21:17.860   530   530 I ServiceManager: service 'EvsRecoverServer' died
08-30 15:21:17.904  3773  3922 I AppManager: dependence has been existed:2991 -> 25595
08-30 15:21:18.040  1845  2910 I ActivityManager: ProcessRecord for pid 1534 does not exist
08-30 15:21:18.085  1845  2354 I WificondControl: Noise: -84, Snr: 32, Chload: 675, rssi: -66, txBitrate: 400, rxBitrate: 400, frequency: 5300, UlDelay: 0, currentTxBytes: 12182953, currentTxPackets: 98577, currentTxFailed: 1, currentRxBytes: 222056861, currentRxPackets: 181248
08-30 15:21:18.109   531   531 E SELinux : avc:  denied  { find } for interface=vendor.huawei.hardware.installerhal.mcu::IMcuInstallerHal sid=u:r:system_app:s0 pid=2977 scontext=u:r:system_app:s0 tcontext=u:object_r:default_android_hwservice:s0 tclass=hwservice_manager permissive=0
08-30 15:21:18.110  2977  3297 W OTAComposer: McuInstaller::registerMcuService: not found, retry: null
08-30 15:21:18.112  1449  1449 E selinux_dmd: avc:  denied  { find } for dsm=hisi_Q interface=vendor.huawei.hardware.installerhal.mcu::IMcuInstallerHal sid=u:r:system_app:s0 pid=2977 scontext=u:r:system_app:s0 tcontext=u:object_r:default_android_hwservice:s0 tclass=hwservice_manager permissive=0 CMD=com.huawei.otacomposer
08-30 15:21:18.113  1845  2354 I WificondControl: Noise: -84, Snr: 32, Chload: 675, rssi: -66, txBitrate: 400, rxBitrate: 400, frequency: 5300, UlDelay: 0, currentTxBytes: 12182953, currentTxPackets: 98577, currentTxFailed: 1, currentRxBytes: 222056861, currentRxPackets: 181248
08-30 15:21:18.114  1845  2435 I HuaweiWifiWatchdogStateMachine: POta txb txg rxg:0, 7, 0. Lr =0% Totpkt=7
08-30 15:21:18.114  1845  2353 I WiFi_PRO: MSG_RETURN_AP_CURRY_RSSI rssi = -66
08-30 15:21:18.114  1845  2353 I QosMonitor: queryRtt: rttType = 3
08-30 15:21:18.114  1845  2353 I HwWifiProServiceProxy: ctrlHwWifiNetwork pkgName: WIFIPRO_SERVICE interfaceId: 8
08-30 15:21:18.115  1845  2353 I QosMonitor: postEventFromNative: msg=100,arg1=4,arg2=10
08-30 15:21:18.115  1845  2353 I HwWifiProServiceProxy: ctrlHwWifiNetwork pkgName: WIFIPRO_SERVICE interfaceId: 8
08-30 15:21:18.115  1845  2353 I QosMonitor: postEventFromNative: msg=100,arg1=0,arg2=10
08-30 15:21:18.115  1845  2353 I MQoS    : rtt=352,tcpTxPkts=81488,tcpRxPkts=157187
08-30 15:21:18.115  1845  2353 I QosMonitor: resetRtt: rttType = 3
08-30 15:21:18.115  1845  2353 I HwWifiProServiceProxy: ctrlHwWifiNetwork pkgName: WIFIPRO_SERVICE interfaceId: 8
08-30 15:21:18.116  1845  2435 I HuaweiWifiWatchdogStateMachine: PTcp RTT:352, rtt pkt=32, tcp_rx=3, tcp_tx=7, tcp_reTran=0, rtRate=0
08-30 15:21:18.116  1845  2435 I HuaweiWifiWatchdogStateMachine: start computeQosLevel tcpRtt = 352 ,rssi = -66 ,mBestSpeedInPeriod = 35380
08-30 15:21:18.116  1845  2435 I HuaweiWifiWatchdogStateMachine: smoothConsecutiveQosResults, currentQosLevel = 3
08-30 15:21:18.118  1845  6241 I MQoS    : QOS_level:0(0),wifi-link;SIM error;use level-0
08-30 15:21:18.118  1845  6241 I MQoS    : skip-low-Level:0(0),wifi-link;SIM error;use level-0
08-30 15:21:18.181  1845  2353 I TrafficMonitor: update:rxPkts:4,txPkts:0,rxBytes:1464,txBytes:0
08-30 15:21:18.181  1845  2353 I TrafficMonitor: gettimer:interval=2000
08-30 15:21:18.256  4518  5808 E nStackXCoAP: ParseExtendServiceDataJsonData:[288] :Cannot get service data
08-30 15:21:18.256  4518  5808 E nStackXDFinder: DatabaseAllocRecord:[136] :DB max limit exceeded maxcnt:20, usecnt:20
08-30 15:21:18.256  4518  5808 E nStackXDFinder: CreateNewDevice:[228] :Failed to allocate device info
08-30 15:21:18.415  2288  2288 W HIGNSS  : LS:[LSQ_SOLUTION] satellite num: 0 < 4
08-30 15:21:18.416  2288  2288 W HIGNSS  : CHR:[TCXO-BIAS-CHANGE] time: 1816, cnt: 60, valid: 0, freq_bias:0.000000, tempr:0.000000, sats_num: 0, qop: 0
08-30 15:21:18.424  2288  2288 W HIGNSS  : FUS:fusion results invalid, flag = 0!
08-30 15:21:18.427  2288  2288 W HIGNSS  : PE_CDPP:[NORMAL]location check failed, cdpp can not be done!
08-30 15:21:18.429  2288  2288 W HIGNSS  : PE_MSA:[MSA_SELECT]the num of sat can be reported is less than 4, report all valid data!
08-30 15:21:18.429  2288  2288 W HIGNSS  : PE_MSA:[MSA-DOPPLER]No location and no acq data, not do doppler consistence!
08-30 15:21:18.430  2288  2288 W HIGNSS  : PE_MSA:[MSA-REPORT] no gnss msr data to be report!
08-30 15:21:18.434  2288  2322 W HIGNSS  : CTL:can't find dst, 0x11110021
08-30 15:21:18.434   905  3244 I HIGNSS_ADAPTER: ReportHignssNmea success, count: 35, length: 1821
08-30 15:21:18.434  1845  4960 I         : HwGnssLocationProviderJNI: callback 2.0 send_svInfor is called .
08-30 15:21:18.435  2288  2288 W HIGNSS  : PE_MGR:[RC]: Failed to calibrate clock, since refclk isn't enabled and request sync pulse failed!
08-30 15:21:18.437   905  3244 I HIGNSS_ADAPTER: ReportHignssSvStatus success!
08-30 15:21:18.437   905  3244 W HIGNSS_ADAPTER: measurement callback is not inited!
08-30 15:21:18.513   530   530 E SELinux : avc:  denied  { find } for service=SamgrService pid=692 uid=0 scontext=u:r:bootanim:s0 tcontext=u:object_r:samgrservice:s0 tclass=service_manager permissive=0
08-30 15:21:18.514  1449  1449 E selinux_dmd: avc:  denied  { find } for dsm=hisi_Q service=SamgrService pid=692 uid=0 scontext=u:r:bootanim:s0 tcontext=u:object_r:samgrservice:s0 tclass=service_manager permissive=0 CMD=/system/bin/bootanimation
08-30 15:21:18.612   531   531 E SELinux : avc:  denied  { find } for interface=vendor.huawei.hardware.installerhal.mcu::IMcuInstallerHal sid=u:r:system_app:s0 pid=2977 scontext=u:r:system_app:s0 tcontext=u:object_r:default_android_hwservice:s0 tclass=hwservice_manager permissive=0
08-30 15:21:18.613  2977  3297 W OTAComposer: McuInstaller::registerMcuService: not found, retry: null
08-30 15:21:18.616  1449  1449 E selinux_dmd: avc:  denied  { find } for dsm=hisi_Q interface=vendor.huawei.hardware.installerhal.mcu::IMcuInstallerHal sid=u:r:system_app:s0 pid=2977 scontext=u:r:system_app:s0 tcontext=u:object_r:default_android_hwservice:s0 tclass=hwservice_manager permissive=0 CMD=com.huawei.otacomposer
08-30 15:21:18.653 22280 24619 E HwLBSService QttffManager: getNlpLastKnownLocation: NETWORK_PROVIDER is NOT enabled.
08-30 15:21:18.733 31636 31665 I ZrHung.AppEyeUiProbe: stop UiProbe
08-30 15:21:18.733 31636 31665 I ZrHung.AppEyeUiProbe: not watching, wait.
08-30 15:21:18.827  1845  1915 I HwAmbientLuxFilterAlgo: t=15231399,lx=[2387.7/15229999, 2387.9001/15230279, 2390.2/15230559, 2388.8/15230839, 2389.3/15231119, 2390.3/15231399],mLx=2391.0,mOffLux=0.0,s=5.0,ss=2.2263681E-4,Avened=false,mPxs=false,mTPxs=false,mBLux=3380.0,mDlux=1200.0,mDt=4000,mBt=1000,mMax=2391.0,mMin=2391.0,mu=0.0,sMax=2391.0,sMin=2391.0
08-30 15:21:19.116   531   531 E SELinux : avc:  denied  { find } for interface=vendor.huawei.hardware.installerhal.mcu::IMcuInstallerHal sid=u:r:system_app:s0 pid=2977 scontext=u:r:system_app:s0 tcontext=u:object_r:default_android_hwservice:s0 tclass=hwservice_manager permissive=0
08-30 15:21:19.117  2977  3297 W OTAComposer: McuInstaller::registerMcuService: not found, retry: null
08-30 15:21:19.177  1845  2353 I TrafficMonitor: expired arrive. level:-1
08-30 15:21:19.177  1845  2353 I TrafficMonitor: during_ms:2002,period_ms:2000
08-30 15:21:19.177  1845  2353 I TrafficMonitor: count:156,rx_sum:4,tx_sum:0,rxBytes:1464,during_ms:2002,rx_speed:731.2687312687314,tx_speed:0.0,rto:0.0
08-30 15:21:19.177  1845  2353 I HuaweiWifiWatchdogStateMachine: Get speed information rx_speed = 731 ,tx_speed = 0 ,isSpeedOk = false ,mBestSpeedInPeriod = 731
08-30 15:21:19.415  2288  2288 W HIGNSS  : LS:[LSQ_SOLUTION] satellite num: 0 < 4
08-30 15:21:19.416  2288  2288 W HIGNSS  : CHR:[TCXO-BIAS-CHANGE] time: 1817, cnt: 60, valid: 0, freq_bias:0.000000, tempr:0.000000, sats_num: 0, qop: 0
08-30 15:21:19.422  2288  2288 W HIGNSS  : FUS:fusion results invalid, flag = 0!
08-30 15:21:19.424  2288  2288 W HIGNSS  : PE_CDPP:[NORMAL]location check failed, cdpp can not be done!
08-30 15:21:19.426  2288  2288 W HIGNSS  : PE_MSA:[MSA_SELECT]the num of sat can be reported is less than 4, report all valid data!
08-30 15:21:19.426  2288  2288 W HIGNSS  : PE_MSA:[MSA-DOPPLER]No location and no acq data, not do doppler consistence!
08-30 15:21:19.426  2288  2288 W HIGNSS  : PE_MSA:[MSA-REPORT] no gnss msr data to be report!
08-30 15:21:19.429  2288  2322 W HIGNSS  : CTL:can't find dst, 0x11110021
08-30 15:21:19.430   905  3244 I HIGNSS_ADAPTER: ReportHignssNmea success, count: 35, length: 1821
08-30 15:21:19.430  1845  4960 I         : HwGnssLocationProviderJNI: callback 2.0 send_svInfor is called .
08-30 15:21:19.432   905  3244 I HIGNSS_ADAPTER: ReportHignssSvStatus success!
08-30 15:21:19.432   905  3244 W HIGNSS_ADAPTER: measurement callback is not inited!
08-30 15:21:19.515   530   530 E SELinux : avc:  denied  { find } for service=SamgrService pid=692 uid=0 scontext=u:r:bootanim:s0 tcontext=u:object_r:samgrservice:s0 tclass=service_manager permissive=0
08-30 15:21:19.516  1449  1449 E selinux_dmd: avc:  denied  { find } for dsm=hisi_Q interface=vendor.huawei.hardware.installerhal.mcu::IMcuInstallerHal sid=u:r:system_app:s0 pid=2977 scontext=u:r:system_app:s0 tcontext=u:object_r:default_android_hwservice:s0 tclass=hwservice_manager permissive=0 CMD=com.huawei.otacomposer
08-30 15:21:19.516  1449  1449 E selinux_dmd: avc:  denied  { find } for dsm=hisi_Q service=SamgrService pid=692 uid=0 scontext=u:r:bootanim:s0 tcontext=u:object_r:samgrservice:s0 tclass=service_manager permissive=0 CMD=/system/bin/bootanimation
08-30 15:21:19.619   531   531 E SELinux : avc:  denied  { find } for interface=vendor.huawei.hardware.installerhal.mcu::IMcuInstallerHal sid=u:r:system_app:s0 pid=2977 scontext=u:r:system_app:s0 tcontext=u:object_r:default_android_hwservice:s0 tclass=hwservice_manager permissive=0
08-30 15:21:19.620  2977  3297 W OTAComposer: McuInstaller::registerMcuService: not found, retry: null
08-30 15:21:19.621  1449  1449 E selinux_dmd: avc:  denied  { find } for dsm=hisi_Q interface=vendor.huawei.hardware.installerhal.mcu::IMcuInstallerHal sid=u:r:system_app:s0 pid=2977 scontext=u:r:system_app:s0 tcontext=u:object_r:default_android_hwservice:s0 tclass=hwservice_manager permissive=0 CMD=com.huawei.otacomposer
08-30 15:21:19.653 22280 24619 E HwLBSService QttffManager: getNlpLastKnownLocation: NETWORK_PROVIDER is NOT enabled.
08-30 15:21:19.688  1845 17063 I PackageManager: generatePackageInfo error, user not exists:1210096
08-30 15:21:19.810 31772 31772 I EvsccService: [BinderManager::BinderManager:94]start construct ICameraStream
08-30 15:21:19.814 31772 31783 I EvsccService: [EvsCcService::Init:93]EvsCcService::Init begin.
08-30 15:21:19.815 31772 31783 I EvsccService: [EvsCcService::Init:101]EvsCcService::Init end.
08-30 15:21:19.815 31772 31783 I EvsccService: [Context::Init:26]Start
08-30 15:21:19.815 31772 31783 I EvsccService: [Context::ReadConf:52]base path /odm/etc/camera/hal_repository/system/
08-30 15:21:19.815 31772 31783 E EvsccService: [Context::ReadConf:54]Context::ReadConf(): /odm/etc/camera/hal_repository/system/EvsCcConfig.json is not exist!
08-30 15:21:19.815 31772 31783 E EvsccService: [Context::Init:29]Context::Init(): Read configure file failed, ret = 8002!
08-30 15:21:19.815 31772 31783 I EvsccService: [AServerBinder::Init:275]AServerBinder Init start
08-30 15:21:19.815 31772 31783 I EvsccService: [AServerBinder::Init:276]IAServerBinder::ipcDescriptor = com.huawei.hosauto.evs.camera.IEvsBinder
08-30 15:21:19.815 31772 31783 I EvsccService: [AServerBinder::Init:277]IAClientBinder::ipcCallBackDescriptor = com.huawei.hosauto.evs.camera.IEvsClient
08-30 15:21:19.815 31772 31783 I EvsccService: [AServerBinder::Init:282]AServerBinder Init end
08-30 15:21:19.815 31772 31783 I EvsccService: [EvsCcService::OnStart:68]EvsCcService::OnStart init Context success.
08-30 15:21:19.815 31772 31783 I EvsccService: [EVS_CC::InitCameraRevocer:51]CamerasRecover init begin ok.
08-30 15:21:19.815 31772 31783 I EvsccService: [RecoverBinderManager::RecoverBinderManager:20]start construct RecoverBinderManager
08-30 15:21:19.815 31772 31783 I EvsccService: [EvsCameraRecover::Init:133]CamerasRecover Init begin
08-30 15:21:19.815 31772 31783 I EvsccService: [EvsCameraRecover::GetConfigFromJson:77]CamerasRecover ParseConfigFile
08-30 15:21:19.815 31772 31783 E EvsccService: [ParseContext::IsFilePath:49]CamerasRecover IsFilePath /odm/etc/camera/hal_repository/system/evs_cc_crecover.json error !
08-30 15:21:19.815 31772 31783 E EvsccService: [ParseContext::ReadConfigToDoc:42]CamerasRecover Error doc ParseError
08-30 15:21:19.815 31772 31783 E EvsccService: [ParseContext::ParseConfigFile:31]CamerasRecover ParseConfigFile error
08-30 15:21:19.815 31772 31783 E EvsccService: [EvsCameraRecover::GetConfigFromJson:81]CamerasRecover ParseConfigFile error
08-30 15:21:19.815 31772 31783 I EvsccService: [RecoverBinderStub::Init:57]CamerasRecover RecoverBinderStub Init start
08-30 15:21:19.815 31772 31783 I EvsccService: [RecoverBinderStub::Init:62]AServerBinder Init end
08-30 15:21:19.815 31772 31783 I EvsccService: [RecoverBinderManager::Init:30]start RecoverBinderManager init
08-30 15:21:19.815 31772 31783 I EvsccService: [RecoverBinderStub::RegistBinderManager:110]set callback start
08-30 15:21:19.815 31772 31783 I EvsccService: [RecoverBinderStub::RegistBinderManager:112]set callback end
08-30 15:21:19.816 31772 31783 I EvsccService: [EvsCameraRecover::InitBinderStub:68]CamerasRecover RecoverBinderStub start service success.
08-30 15:21:19.816 31772 31783 I EvsccService: [ClientCommunication::GetHalService:47]CamerasRecover GetHalService start
08-30 15:21:19.816 31772 31791 I EvsccService: [RecoverBinderStub::Run:68]CamerasRecover Run CRecoverBinderStub
08-30 15:21:19.817   531   531 I hwservicemanager: getTransport: Cannot find entry vendor.huawei.hardware.camera.cdcsvr@1.0::IHwCamCdcSvr/huawei.camera.cdcsvr in either framework or device manifest.
08-30 15:21:19.817   530   530 I ServiceManager: add_service('EvsRecoverServer',df) uid=0, len=16, spid=31772
08-30 15:21:19.817   530   530 E /system/bin/servicemanager: sNameToRegistrationCallback is null
08-30 15:21:19.817 31772 31783 E EvsccService: [ClientCommunication::GetHalService:56]CamerasRecover can not get GetHalService 0 times
08-30 15:21:19.818  1505  1547 E libprocessgroup: set_timerslack_ns write failed: Permission denied
08-30 15:21:19.811  1505  1505 W iaware  : type=1400 audit(0.0:13122): avc: denied { write } for pid=1505 name="timerslack_ns" dev="proc" ino=1149757 scontext=u:r:hwpged:s0 tcontext=u:r:EVSCC:s0 tclass=file permissive=0
08-30 15:21:19.819  1505  1547 E libprocessgroup: set_timerslack_ns write failed: Permission denied
08-30 15:21:19.820  1449  1449 E selinux_dmd: avc: denied { write } for dsm=hisi_Q pid=1505 comm="iaware" name="timerslack_ns" dev="proc" ino=1149757 scontext=u:r:hwpged:s0 tcontext=u:r:EVSCC:s0 tclass=file permissive=0 CMD=/system/bin/hwpged
08-30 15:21:19.811  1505  1505 W iaware  : type=1400 audit(0.0:13123): avc: denied { write } for pid=1505 name="timerslack_ns" dev="proc" ino=1155769 scontext=u:r:hwpged:s0 tcontext=u:r:EVSCC:s0 tclass=file permissive=0
08-30 15:21:19.920   531   531 I hwservicemanager: getTransport: Cannot find entry vendor.huawei.hardware.camera.cdcsvr@1.0::IHwCamCdcSvr/huawei.camera.cdcsvr in either framework or device manifest.
08-30 15:21:19.920 31772 31783 E EvsccService: [ClientCommunication::GetHalService:56]CamerasRecover can not get GetHalService 1 times
08-30 15:21:19.982  1151  1151 I aptouch_daemon: check_afe_status, afe[220 120 X101] [ctrl:X40020 ftr:X90140] dif[37 -43] raw[32870 32683] [exp:X0 aN:0 lo:0]
08-30 15:21:20.021   531   531 I hwservicemanager: getTransport: Cannot find entry vendor.huawei.hardware.camera.cdcsvr@1.0::IHwCamCdcSvr/huawei.camera.cdcsvr in either framework or device manifest.
08-30 15:21:20.022 31772 31783 E EvsccService: [ClientCommunication::GetHalService:56]CamerasRecover can not get GetHalService 2 times
08-30 15:21:20.030  1845 17063 I ActivityManager: [726b52ba60e46c6, 2e028ce, a8b095] setServiceForegroundLocked. s is null, id is 0
08-30 15:21:20.036  1845 17063 I ActivityManager: [726b52ba60e46c6, 34d23cc, a8b095] Killing 31147:com.harmony.meituan/u12a117 (adj 945): empty #5
08-30 15:21:20.035    54    54 W migration/7: type=1400 audit(0.0:13124): avc: granted { setsched } for pid=54 scontext=u:r:kernel:s0 tcontext=u:r:kernel:s0 tclass=process
08-30 15:21:20.094   824   824 I Zygote  : Process 31147 exited due to signal 9 (Killed)
08-30 15:21:20.096  1845  1902 I libprocessgroup: [726b52ba60e46c6, 179eff0, 34d23cc] Successfully killed process cgroup uid 1210117 pid 31147 in 59ms
08-30 15:21:20.100  1845  2379 W HwAudioServiceEx: SoundEffectState bundle get reserved is invalid
08-30 15:21:20.101  1845  2910 I ActivityManager_contentProvider: cleanupAppInLaunchingProvidersLocked app: ProcessRecord{decc5eb 31147:com.harmony.meituan/u12a117}, alwaysBad: false, app.bad: false
08-30 15:21:20.101  1845  1894 I HwPowerManagerService: appdie release wakelock, pid = 31147, uid = 1210117
08-30 15:21:20.101  1845  2910 I ActivityManager: cleanUpApplicationRecordLocked, pid: 31147, restart: false
08-30 15:21:20.101  1845  1900 I SWAP_AliveReport: handleAppDied:pkg:com.harmony.meituan
08-30 15:21:20.101  1845  1900 I MultiTaskManagerService: onProcessDied pid = 31147, uid = 1210117
08-30 15:21:20.101  1845  2237 W AwareLog: SchedLevelBoost: onProcessDied config not set!
08-30 15:21:20.102  1845  2910 I ActivityManager: ProcessRecord for pid 31147 does not exist
08-30 15:21:20.122   531   531 E SELinux : avc:  denied  { find } for interface=vendor.huawei.hardware.installerhal.mcu::IMcuInstallerHal sid=u:r:system_app:s0 pid=2977 scontext=u:r:system_app:s0 tcontext=u:object_r:default_android_hwservice:s0 tclass=hwservice_manager permissive=0
08-30 15:21:20.122  2977  3297 W OTAComposer: McuInstaller::registerMcuService: not found, retry: null
08-30 15:21:20.123   531   531 I hwservicemanager: getTransport: Cannot find entry vendor.huawei.hardware.camera.cdcsvr@1.0::IHwCamCdcSvr/huawei.camera.cdcsvr in either framework or device manifest.
08-30 15:21:20.123  1449  1449 E selinux_dmd: avc:  denied  { find } for dsm=hisi_Q interface=vendor.huawei.hardware.installerhal.mcu::IMcuInstallerHal sid=u:r:system_app:s0 pid=2977 scontext=u:r:system_app:s0 tcontext=u:object_r:default_android_hwservice:s0 tclass=hwservice_manager permissive=0 CMD=com.huawei.otacomposer
08-30 15:21:20.123 31772 31783 E EvsccService: [ClientCommunication::GetHalService:56]CamerasRecover can not get GetHalService 3 times
08-30 15:21:20.184  1845  2353 I TrafficMonitor: update:rxPkts:1,txPkts:0,rxBytes:366,txBytes:0
08-30 15:21:20.184  1845  2353 I TrafficMonitor: gettimer:interval=2000
08-30 15:21:20.224   531   531 I hwservicemanager: getTransport: Cannot find entry vendor.huawei.hardware.camera.cdcsvr@1.0::IHwCamCdcSvr/huawei.camera.cdcsvr in either framework or device manifest.
08-30 15:21:20.225 31772 31783 E EvsccService: [ClientCommunication::GetHalService:56]CamerasRecover can not get GetHalService 4 times
08-30 15:21:20.103  1845  2910 I chatty  : uid=1000(system) Binder:1845_C identical 1 line
08-30 15:21:20.103  1845  2910 I ActivityManager: ProcessRecord for pid 31147 does not exist
08-30 15:21:20.244  1845  1897 I DeviceIdleController: Setting activity manager temp whitelist to [10038]
08-30 15:21:20.245  1845  1897 I DeviceIdleController: Setting wakelock temp whitelist to [10038]
08-30 15:21:20.245  1845  1897 I ActivityManager_broadcast: sendBroadcast,caller:ProcessRecord{57f1dbf 0:system/1000},act:android.os.action.POWER_SAVE_TEMP_WHITELIST_CHANGED,rep:false,ord:false,cmp:false,mftNum:0,rgtNum:1
08-30 15:21:20.326   531   531 I hwservicemanager: getTransport: Cannot find entry vendor.huawei.hardware.camera.cdcsvr@1.0::IHwCamCdcSvr/huawei.camera.cdcsvr in either framework or device manifest.
08-30 15:21:20.326 31772 31783 E EvsccService: [ClientCommunication::GetHalService:56]CamerasRecover can not get GetHalService 5 times
08-30 15:21:20.413  2288  2288 W HIGNSS  : MGR:W/MGR       : timer(29) already start
08-30 15:21:20.416  2288  2288 W HIGNSS  : LS:[LSQ_SOLUTION] satellite num: 0 < 4
08-30 15:21:20.419  2288  2288 W HIGNSS  : CHR:[TCXO-BIAS-CHANGE] time: 1818, cnt: 60, valid: 0, freq_bias:0.000000, tempr:0.000000, sats_num: 0, qop: 0
08-30 15:21:20.424  2288  2288 W HIGNSS  : FUS:fusion results invalid, flag = 0!
08-30 15:21:20.426  2288  2288 W HIGNSS  : PE_CDPP:[NORMAL]location check failed, cdpp can not be done!
08-30 15:21:20.427   531   531 I hwservicemanager: getTransport: Cannot find entry vendor.huawei.hardware.camera.cdcsvr@1.0::IHwCamCdcSvr/huawei.camera.cdcsvr in either framework or device manifest.
08-30 15:21:20.427 31772 31783 E EvsccService: [ClientCommunication::GetHalService:56]CamerasRecover can not get GetHalService 6 times
08-30 15:21:20.428  2288  2288 W HIGNSS  : PE_MSA:[MSA_SELECT]the num of sat can be reported is less than 4, report all valid data!
08-30 15:21:20.428  2288  2288 W HIGNSS  : PE_MSA:[MSA-DOPPLER]No location and no acq data, not do doppler consistence!
08-30 15:21:20.428  2288  2288 W HIGNSS  : PE_MSA:[MSA-REPORT] no gnss msr data to be report!
08-30 15:21:20.430  3090  3315 I JsonProtocolManager: bindService = false
08-30 15:21:20.431  3090  3315 I JsonProtocolManager: JsonClient version = 3.2.0.20190521 package = com.huawei.intelligencehap
08-30 15:21:20.431  3090  3315 I JsonProtocolManager: init end
08-30 15:21:20.432  2288  2322 W HIGNSS  : CTL:can't find dst, 0x11110021
08-30 15:21:20.432   905  3244 I HIGNSS_ADAPTER: ReportHignssNmea success, count: 35, length: 1821
08-30 15:21:20.432  1845  4960 I         : HwGnssLocationProviderJNI: callback 2.0 send_svInfor is called .
08-30 15:21:20.432  3090  3327 I VoiceNavigationClient: bind controller service false
08-30 15:21:20.434   905  3244 I HIGNSS_ADAPTER: ReportHignssSvStatus success!
08-30 15:21:20.434   905  3244 W HIGNSS_ADAPTER: measurement callback is not inited!
08-30 15:21:20.516   530   530 E SELinux : avc:  denied  { find } for service=SamgrService pid=692 uid=0 scontext=u:r:bootanim:s0 tcontext=u:object_r:samgrservice:s0 tclass=service_manager permissive=0
08-30 15:21:20.518  1449  1449 E selinux_dmd: avc:  denied  { find } for dsm=hisi_Q service=SamgrService pid=692 uid=0 scontext=u:r:bootanim:s0 tcontext=u:object_r:samgrservice:s0 tclass=service_manager permissive=0 CMD=/system/bin/bootanimation
08-30 15:21:20.529   531   531 I hwservicemanager: getTransport: Cannot find entry vendor.huawei.hardware.camera.cdcsvr@1.0::IHwCamCdcSvr/huawei.camera.cdcsvr in either framework or device manifest.
08-30 15:21:20.529 31772 31783 E EvsccService: [ClientCommunication::GetHalService:56]CamerasRecover can not get GetHalService 7 times
08-30 15:21:20.602   901   956 I AudioModuleManager: [AudioModuleGetParameters:71]: list size: 21
08-30 15:21:20.602   901   956 I audio_hw_usbaudio_ext: [get_extension_typec_parameters:190]: check show hires (false)
08-30 15:21:20.603  1845  2379 I HwAudioServiceEx: HwAudioHandlerEx receive unknown msg
08-30 15:21:20.623   531   531 E SELinux : avc:  denied  { find } for interface=vendor.huawei.hardware.installerhal.mcu::IMcuInstallerHal sid=u:r:system_app:s0 pid=2977 scontext=u:r:system_app:s0 tcontext=u:object_r:default_android_hwservice:s0 tclass=hwservice_manager permissive=0
08-30 15:21:20.624  2977  3297 W OTAComposer: McuInstaller::registerMcuService: not found, retry: null
08-30 15:21:20.625  1449  1449 E selinux_dmd: avc:  denied  { find } for dsm=hisi_Q interface=vendor.huawei.hardware.installerhal.mcu::IMcuInstallerHal sid=u:r:system_app:s0 pid=2977 scontext=u:r:system_app:s0 tcontext=u:object_r:default_android_hwservice:s0 tclass=hwservice_manager permissive=0 CMD=com.huawei.otacomposer
08-30 15:21:20.630   531   531 I hwservicemanager: getTransport: Cannot find entry vendor.huawei.hardware.camera.cdcsvr@1.0::IHwCamCdcSvr/huawei.camera.cdcsvr in either framework or device manifest.
08-30 15:21:20.631 31772 31783 E EvsccService: [ClientCommunication::GetHalService:56]CamerasRecover can not get GetHalService 8 times
08-30 15:21:20.652 22280 24619 E HwLBSService QttffManager: getNlpLastKnownLocation: NETWORK_PROVIDER is NOT enabled.
08-30 15:21:20.732   531   531 I hwservicemanager: getTransport: Cannot find entry vendor.huawei.hardware.camera.cdcsvr@1.0::IHwCamCdcSvr/huawei.camera.cdcsvr in either framework or device manifest.
08-30 15:21:20.732 31772 31783 E EvsccService: [ClientCommunication::GetHalService:56]CamerasRecover can not get GetHalService 9 times
08-30 15:21:20.833   531   531 I hwservicemanager: getTransport: Cannot find entry vendor.huawei.hardware.camera.cdcsvr@1.0::IHwCamCdcSvr/huawei.camera.cdcsvr in either framework or device manifest.
08-30 15:21:20.834 31772 31783 E EvsccService: [ClientCommunication::GetHalService:56]CamerasRecover can not get GetHalService 10 times
08-30 15:21:20.866  1845  2459 I HwWifiProServiceProxy: ctrlHwWifiNetwork pkgName: WIFIPRO_SERVICE interfaceId: 52
08-30 15:21:20.866  1845  2459 I HwWifiProServiceProxy: ctrlHwWifiNetwork pkgName: WIFIPRO_SERVICE interfaceId: 68
08-30 15:21:20.892  1845  2459 I HwWifiProServiceProxy: pair = Pair{true 20}, Bundle = Bundle[{time=20, arpResult=true}]
08-30 15:21:20.893  1845  2459 I HwWifiProServiceProxy: ctrlHwWifiNetwork pkgName: WIFIPRO_SERVICE interfaceId: 63
08-30 15:21:20.893  1845  2459 I HwWifiProServiceProxy: ctrlHwWifiNetwork pkgName: WIFIPRO_SERVICE interfaceId: 2
08-30 15:21:20.935   531   531 I hwservicemanager: getTransport: Cannot find entry vendor.huawei.hardware.camera.cdcsvr@1.0::IHwCamCdcSvr/huawei.camera.cdcsvr in either framework or device manifest.
08-30 15:21:20.935 31772 31783 E EvsccService: [ClientCommunication::GetHalService:56]CamerasRecover can not get GetHalService 11 times
08-30 15:21:20.975    54    54 W migration/7: type=1400 audit(0.0:13125): avc: granted { setsched } for pid=54 scontext=u:r:kernel:s0 tcontext=u:r:kernel:s0 tclass=process
08-30 15:21:21.036   531   531 I hwservicemanager: getTransport: Cannot find entry vendor.huawei.hardware.camera.cdcsvr@1.0::IHwCamCdcSvr/huawei.camera.cdcsvr in either framework or device manifest.
08-30 15:21:21.036 31772 31783 E EvsccService: [ClientCommunication::GetHalService:56]CamerasRecover can not get GetHalService 12 times
08-30 15:21:21.044  1845  2910 I ActivityManager: ProcessRecord for pid 1534 does not exist
08-30 15:21:21.068  1845  1915 I HwAmbientLuxFilterAlgo: t=15233639,lx=[2391.6/15232239, 2389.7/15232519, 2388.8/15232799, 2388.9001/15233078, 2389.2/15233359, 2389.9001/15233639],mLx=2391.0,mOffLux=0.0,s=5.0,ss=2.3515582E-4,Avened=false,mPxs=false,mTPxs=false,mBLux=3380.0,mDlux=1200.0,mDt=4000,mBt=1000,mMax=2391.0,mMin=2391.0,mu=0.0,sMax=2391.0,sMin=2391.0
08-30 15:21:21.098  1845  2354 I WificondControl: Noise: -84, Snr: 34, Chload: 675, rssi: -66, txBitrate: 400, rxBitrate: 400, frequency: 5300, UlDelay: 0, currentTxBytes: 12183015, currentTxPackets: 98578, currentTxFailed: 1, currentRxBytes: 222057273, currentRxPackets: 181250
08-30 15:21:21.126   531   531 E SELinux : avc:  denied  { find } for interface=vendor.huawei.hardware.installerhal.mcu::IMcuInstallerHal sid=u:r:system_app:s0 pid=2977 scontext=u:r:system_app:s0 tcontext=u:object_r:default_android_hwservice:s0 tclass=hwservice_manager permissive=0
08-30 15:21:21.127  2977  3297 W OTAComposer: McuInstaller::registerMcuService: not found, retry: null
08-30 15:21:21.127  1449  1449 E selinux_dmd: avc:  denied  { find } for dsm=hisi_Q interface=vendor.huawei.hardware.installerhal.mcu::IMcuInstallerHal sid=u:r:system_app:s0 pid=2977 scontext=u:r:system_app:s0 tcontext=u:object_r:default_android_hwservice:s0 tclass=hwservice_manager permissive=0 CMD=com.huawei.otacomposer
08-30 15:21:21.137   531   531 I hwservicemanager: getTransport: Cannot find entry vendor.huawei.hardware.camera.cdcsvr@1.0::IHwCamCdcSvr/huawei.camera.cdcsvr in either framework or device manifest.
08-30 15:21:21.137 31772 31783 E EvsccService: [ClientCommunication::GetHalService:56]CamerasRecover can not get GetHalService 13 times
08-30 15:21:21.238   531   531 I hwservicemanager: getTransport: Cannot find entry vendor.huawei.hardware.camera.cdcsvr@1.0::IHwCamCdcSvr/huawei.camera.cdcsvr in either framework or device manifest.
08-30 15:21:21.238 31772 31783 E EvsccService: [ClientCommunication::GetHalService:56]CamerasRecover can not get GetHalService 14 times
08-30 15:21:21.340   531   531 I hwservicemanager: getTransport: Cannot find entry vendor.huawei.hardware.camera.cdcsvr@1.0::IHwCamCdcSvr/huawei.camera.cdcsvr in either framework or device manifest.
08-30 15:21:21.340 31772 31783 E EvsccService: [ClientCommunication::GetHalService:56]CamerasRecover can not get GetHalService 15 times
08-30 15:21:21.407  3773  3922 I AppManager: dependence has been existed:2991 -> 25595
08-30 15:21:21.414  2288  2288 W HIGNSS  : LS:[LSQ_SOLUTION] satellite num: 0 < 4
08-30 15:21:21.415  2288  2288 W HIGNSS  : CHR:[TCXO-BIAS-CHANGE] time: 1819, cnt: 60, valid: 0, freq_bias:0.000000, tempr:0.000000, sats_num: 0, qop: 0
08-30 15:21:21.420  2288  2288 W HIGNSS  : FUS:fusion results invalid, flag = 0!
08-30 15:21:21.422  2288  2288 W HIGNSS  : PE_CDPP:[NORMAL]location check failed, cdpp can not be done!
08-30 15:21:21.424  2288  2288 W HIGNSS  : PE_MSA:[MSA_SELECT]the num of sat can be reported is less than 4, report all valid data!
08-30 15:21:21.424  2288  2288 W HIGNSS  : PE_MSA:[MSA-DOPPLER]No location and no acq data, not do doppler consistence!
08-30 15:21:21.424  2288  2288 W HIGNSS  : PE_MSA:[MSA-REPORT] no gnss msr data to be report!
08-30 15:21:21.427  2288  2322 W HIGNSS  : CTL:can't find dst, 0x11110021
08-30 15:21:21.428   905  3244 I HIGNSS_ADAPTER: ReportHignssNmea success, count: 35, length: 1821
08-30 15:21:21.428  1845  4960 I         : HwGnssLocationProviderJNI: callback 2.0 send_svInfor is called .
08-30 15:21:21.429  3090  3315 I JsonProtocolManager: setJsonProtocolReceive jsonProtocolReceive:com.huawei.ivi.hmi.amapauto.AmapautoManager$MainJsonProtocolReceiver@f0b8a78
08-30 15:21:21.430  3090  3315 I JsonProtocolManager: init start
08-30 15:21:21.430   905  3244 I HIGNSS_ADAPTER: ReportHignssSvStatus success!
08-30 15:21:21.431   905  3244 W HIGNSS_ADAPTER: measurement callback is not inited!
08-30 15:21:21.431  1845 17063 W ActivityManager: Unable to start service Intent { act=com.autonavi.amapauto.aidl.json_protocol_service cmp=com.autonavi.amapauto/.protocol.service.JsonProtocolService } U=12: not found
08-30 15:21:21.432  1845  2910 W ActivityManager: Unable to start service Intent { cmp=com.huawei.hibaic.adshmiic/com.huawei.voice.VoiceNavigationService } U=12: not found
08-30 15:21:21.441   531   531 I hwservicemanager: getTransport: Cannot find entry vendor.huawei.hardware.camera.cdcsvr@1.0::IHwCamCdcSvr/huawei.camera.cdcsvr in either framework or device manifest.
08-30 15:21:21.441 31772 31783 E EvsccService: [ClientCommunication::GetHalService:56]CamerasRecover can not get GetHalService 16 times
08-30 15:21:21.517   530   530 E SELinux : avc:  denied  { find } for service=SamgrService pid=692 uid=0 scontext=u:r:bootanim:s0 tcontext=u:object_r:samgrservice:s0 tclass=service_manager permissive=0
08-30 15:21:21.519  1449  1449 E selinux_dmd: avc:  denied  { find } for dsm=hisi_Q service=SamgrService pid=692 uid=0 scontext=u:r:bootanim:s0 tcontext=u:object_r:samgrservice:s0 tclass=service_manager permissive=0 CMD=/system/bin/bootanimation
08-30 15:21:21.543   531   531 I hwservicemanager: getTransport: Cannot find entry vendor.huawei.hardware.camera.cdcsvr@1.0::IHwCamCdcSvr/huawei.camera.cdcsvr in either framework or device manifest.
08-30 15:21:21.543 31772 31783 E EvsccService: [ClientCommunication::GetHalService:56]CamerasRecover can not get GetHalService 17 times
08-30 15:21:21.628   531   531 E SELinux : avc:  denied  { find } for interface=vendor.huawei.hardware.installerhal.mcu::IMcuInstallerHal sid=u:r:system_app:s0 pid=2977 scontext=u:r:system_app:s0 tcontext=u:object_r:default_android_hwservice:s0 tclass=hwservice_manager permissive=0
08-30 15:21:21.629  2977  3297 W OTAComposer: McuInstaller::registerMcuService: not found, retry: null
08-30 15:21:21.630  1449  1449 E selinux_dmd: avc:  denied  { find } for dsm=hisi_Q interface=vendor.huawei.hardware.installerhal.mcu::IMcuInstallerHal sid=u:r:system_app:s0 pid=2977 scontext=u:r:system_app:s0 tcontext=u:object_r:default_android_hwservice:s0 tclass=hwservice_manager permissive=0 CMD=com.huawei.otacomposer
08-30 15:21:21.644   531   531 I hwservicemanager: getTransport: Cannot find entry vendor.huawei.hardware.camera.cdcsvr@1.0::IHwCamCdcSvr/huawei.camera.cdcsvr in either framework or device manifest.
08-30 15:21:21.644 31772 31783 E EvsccService: [ClientCommunication::GetHalService:56]CamerasRecover can not get GetHalService 18 times
08-30 15:21:21.654 22280 24619 E HwLBSService QttffManager: getNlpLastKnownLocation: NETWORK_PROVIDER is NOT enabled.
08-30 15:21:21.745   531   531 I hwservicemanager: getTransport: Cannot find entry vendor.huawei.hardware.camera.cdcsvr@1.0::IHwCamCdcSvr/huawei.camera.cdcsvr in either framework or device manifest.
08-30 15:21:21.745 31772 31783 E EvsccService: [ClientCommunication::GetHalService:56]CamerasRecover can not get GetHalService 19 times
